******************************************************************************
             TMS320C2000 Linker PC v22.6.0                     
******************************************************************************
>> Linked Mon Oct  2 21:36:12 2023

OUTPUT FILE NAME:   <fft_test.out>
ENTRY POINT SYMBOL: "_c_int00"  address: 000098ab


MEMORY CONFIGURATION

         name            origin    length      used     unused   attr    fill
----------------------  --------  ---------  --------  --------  ----  --------
PAGE 0:
  BEGIN                 00000000   00000002  00000002  00000000  RWIX
  BOOT_RSVD             00000002   0000004e  00000004  0000004a  RWIX
  RAML0                 00008000   00000800  000004e4  0000031c  RWIX
  RAML1L2               00008800   00004800  0000171b  000030e5  RWIX
  ZONE7A                00200000   0000fc00  00000000  0000fc00  RWIX
  FLASHH                00300000   00008000  00000000  00008000  RWIX
  FLASHG                00308000   00008000  00000000  00008000  RWIX
  FLASHF                00310000   00008000  00000000  00008000  RWIX
  FLASHE                00318000   00008000  00000000  00008000  RWIX
  FLASHD                00320000   00008000  00000000  00008000  RWIX
  FLASHC                00328000   00008000  00000000  00008000  RWIX
  FLASHA                00338000   00007f80  00000000  00007f80  RWIX
  CSM_RSVD              0033ff80   00000076  00000000  00000076  RWIX
  CSM_PWL               0033fff8   00000008  00000000  00000008  RWIX
  ADC_CAL               00380080   00000009  00000007  00000002  RWIX
  OTP                   00380400   00000400  00000000  00000400  RWIX
  IQTABLES              003fe000   00000b50  00000000  00000b50  RWIX
  IQTABLES2             003feb50   0000008c  00000000  0000008c  RWIX
  FPUTABLES             003febdc   000006a0  00000000  000006a0  RWIX
  ROM                   003ff27c   00000d44  00000000  00000d44  RWIX
  RESET                 003fffc0   00000002  00000000  00000002  RWIX
  VECTORS               003fffc2   0000003e  00000000  0000003e  RWIX

PAGE 1:
  BOOT_RSVD             00000002   0000004e  00000000  0000004e  RWIX
  RAMM0                 00000050   000003b0  00000000  000003b0  RWIX
  RAMM1                 00000400   00000400  00000300  00000100  RWIX
  DEV_EMU               00000880   00000180  000000d0  000000b0  RWIX
  FLASH_REGS            00000a80   00000060  00000008  00000058  RWIX
  CSM                   00000ae0   00000010  00000010  00000000  RWIX
  ADC_MIRROR            00000b00   00000010  00000010  00000000  RWIX
  XINTF                 00000b20   00000020  0000001e  00000002  RWIX
  CPU_TIMER0            00000c00   00000008  00000008  00000000  RWIX
  CPU_TIMER1            00000c08   00000008  00000008  00000000  RWIX
  CPU_TIMER2            00000c10   00000008  00000008  00000000  RWIX
  PIE_CTRL              00000ce0   00000020  0000001a  00000006  RWIX
  PIE_VECT              00000d00   00000100  00000100  00000000  RWIX
  DMA                   00001000   00000200  000000e0  00000120  RWIX
  MCBSPA                00005000   00000040  00000025  0000001b  RWIX
  MCBSPB                00005040   00000040  00000025  0000001b  RWIX
  ECANA                 00006000   00000040  00000034  0000000c  RWIX
  ECANA_LAM             00006040   00000040  00000040  00000000  RWIX
  ECANA_MOTS            00006080   00000040  00000040  00000000  RWIX
  ECANA_MOTO            000060c0   00000040  00000040  00000000  RWIX
  ECANA_MBOX            00006100   00000100  00000100  00000000  RWIX
  ECANB                 00006200   00000040  00000034  0000000c  RWIX
  ECANB_LAM             00006240   00000040  00000040  00000000  RWIX
  ECANB_MOTS            00006280   00000040  00000040  00000000  RWIX
  ECANB_MOTO            000062c0   00000040  00000040  00000000  RWIX
  ECANB_MBOX            00006300   00000100  00000100  00000000  RWIX
  EPWM1                 00006800   00000022  00000022  00000000  RWIX
  EPWM2                 00006840   00000022  00000022  00000000  RWIX
  EPWM3                 00006880   00000022  00000022  00000000  RWIX
  EPWM4                 000068c0   00000022  00000022  00000000  RWIX
  EPWM5                 00006900   00000022  00000022  00000000  RWIX
  EPWM6                 00006940   00000022  00000022  00000000  RWIX
  ECAP1                 00006a00   00000020  00000020  00000000  RWIX
  ECAP2                 00006a20   00000020  00000020  00000000  RWIX
  ECAP3                 00006a40   00000020  00000020  00000000  RWIX
  ECAP4                 00006a60   00000020  00000020  00000000  RWIX
  ECAP5                 00006a80   00000020  00000020  00000000  RWIX
  ECAP6                 00006aa0   00000020  00000020  00000000  RWIX
  EQEP1                 00006b00   00000040  00000040  00000000  RWIX
  EQEP2                 00006b40   00000040  00000040  00000000  RWIX
  GPIOCTRL              00006f80   00000040  0000002e  00000012  RWIX
  GPIODAT               00006fc0   00000020  00000020  00000000  RWIX
  GPIOINT               00006fe0   00000020  0000000a  00000016  RWIX
  SYSTEM                00007010   00000020  00000020  00000000  RWIX
  SPIA                  00007040   00000010  00000010  00000000  RWIX
  SCIA                  00007050   00000010  00000010  00000000  RWIX
  XINTRUPT              00007070   00000010  00000010  00000000  RWIX
  ADC                   00007100   00000020  0000001e  00000002  RWIX
  SCIB                  00007750   00000010  00000010  00000000  RWIX
  SCIC                  00007770   00000010  00000010  00000000  RWIX
  I2CA                  00007900   00000040  00000022  0000001e  RWIX
  RAML3                 0000d000   00001000  0000063d  000009c3  RWIX
  RAML4                 0000e000   00001000  00001000  00000000  RWIX
  RAML5                 0000f000   00001000  00000c02  000003fe  RWIX
  ZONE7B                0020fc00   00000400  00000000  00000400  RWIX
  FLASHB                00330000   00008000  00000000  00008000  RWIX
  CSM_PWL               0033fff8   00000008  00000008  00000000  RWIX


SECTION ALLOCATION MAP

 output                                  attributes/
section   page    origin      length       input sections
--------  ----  ----------  ----------   ----------------
codestart 
*          0    00000000    00000002     
                  00000000    00000002     DSP2833x_CodeStartBranch.obj (codestart)

.TI.ramfunc 
*          0    00008000    00000000     UNINITIALIZED

.cinit     0    00008000    00000442     
                  00008000    00000403     INPUT.obj (.cinit)
                  00008403    00000018     RFFT.obj (.cinit)
                  0000841b    0000000e     rts2800_fpu32.lib : exit.c.obj (.cinit)
                  00008429    00000005     FIR.obj (.cinit)
                  0000842e    00000005     rts2800_fpu32.lib : _lock.c.obj (.cinit:__lock)
                  00008433    00000005                       : _lock.c.obj (.cinit:__unlock)
                  00008438    00000004     epwm.obj (.cinit)
                  0000843c    00000004     rts2800_fpu32.lib : errno.c.obj (.cinit)
                  00008440    00000002     --HOLE-- [fill = 0]

.pinit     0    00008000    00000000     UNINITIALIZED

.stack     1    00000400    00000300     UNINITIALIZED
                  00000400    00000300     --HOLE--

DevEmuRegsFile 
*          1    00000880    000000d0     UNINITIALIZED
                  00000880    000000d0     DSP2833x_GlobalVariableDefs.obj (DevEmuRegsFile)

FlashRegsFile 
*          1    00000a80    00000008     UNINITIALIZED
                  00000a80    00000008     DSP2833x_GlobalVariableDefs.obj (FlashRegsFile)

CsmRegsFile 
*          1    00000ae0    00000010     UNINITIALIZED
                  00000ae0    00000010     DSP2833x_GlobalVariableDefs.obj (CsmRegsFile)

AdcMirrorFile 
*          1    00000b00    00000010     UNINITIALIZED
                  00000b00    00000010     DSP2833x_GlobalVariableDefs.obj (AdcMirrorFile)

XintfRegsFile 
*          1    00000b20    0000001e     UNINITIALIZED
                  00000b20    0000001e     DSP2833x_GlobalVariableDefs.obj (XintfRegsFile)

CpuTimer0RegsFile 
*          1    00000c00    00000008     UNINITIALIZED
                  00000c00    00000008     DSP2833x_GlobalVariableDefs.obj (CpuTimer0RegsFile)

CpuTimer1RegsFile 
*          1    00000c08    00000008     UNINITIALIZED
                  00000c08    00000008     DSP2833x_GlobalVariableDefs.obj (CpuTimer1RegsFile)

CpuTimer2RegsFile 
*          1    00000c10    00000008     UNINITIALIZED
                  00000c10    00000008     DSP2833x_GlobalVariableDefs.obj (CpuTimer2RegsFile)

PieCtrlRegsFile 
*          1    00000ce0    0000001a     UNINITIALIZED
                  00000ce0    0000001a     DSP2833x_GlobalVariableDefs.obj (PieCtrlRegsFile)

ECanaMOTSRegsFile 
*          1    00006080    00000040     UNINITIALIZED
                  00006080    00000040     DSP2833x_GlobalVariableDefs.obj (ECanaMOTSRegsFile)

ECanaMOTORegsFile 
*          1    000060c0    00000040     UNINITIALIZED
                  000060c0    00000040     DSP2833x_GlobalVariableDefs.obj (ECanaMOTORegsFile)

ECanbMOTSRegsFile 
*          1    00006280    00000040     UNINITIALIZED
                  00006280    00000040     DSP2833x_GlobalVariableDefs.obj (ECanbMOTSRegsFile)

ECanbMOTORegsFile 
*          1    000062c0    00000040     UNINITIALIZED
                  000062c0    00000040     DSP2833x_GlobalVariableDefs.obj (ECanbMOTORegsFile)

.econst    1    0000d000    0000013d     
                  0000d000    00000100     DSP2833x_PieVect.obj (.econst:_PieVectTableInit)
                  0000d100    00000010     rts2800_fpu32.lib : e_expf.c.obj (.econst)
                  0000d110    0000000c                       : e_atan2f.c.obj (.econst)
                  0000d11c    0000000a                       : s_atanf.c.obj (.econst:_aT)
                  0000d126    00000008                       : s_atanf.c.obj (.econst:_atanhi)
                  0000d12e    00000008                       : s_atanf.c.obj (.econst:_atanlo)
                  0000d136    00000004                       : s_atanf.c.obj (.econst)
                  0000d13a    00000002                       : k_expf.c.obj (.econst)
                  0000d13c    00000001     FIR.obj (.econst)

.ebss      1    0000d13e    00000100     UNINITIALIZED
                  0000d13e    00000002     rts2800_fpu32.lib : _lock.c.obj (.ebss:__lock)
                  0000d140    000000bc     RFFT.obj (.ebss)
                  0000d1fc    00000002     rts2800_fpu32.lib : _lock.c.obj (.ebss:__unlock)
                  0000d1fe    00000001     epwm.obj (.ebss)
                  0000d1ff    00000001     rts2800_fpu32.lib : errno.c.obj (.ebss)
                  0000d200    00000014     ICFFT_f32.obj (.ebss)
                  0000d214    00000014     ICFFT_f32t.obj (.ebss)
                  0000d228    00000010     FIR.obj (.ebss)
                  0000d238    00000006     rts2800_fpu32.lib : exit.c.obj (.ebss)

FFT_buffer1 
*          1    0000e000    00000800     UNINITIALIZED
                  0000e000    00000800     RFFT.obj (FFT_buffer1)

FFT_buffer2 
*          1    0000e800    00000800     UNINITIALIZED
                  0000e800    00000800     RFFT.obj (FFT_buffer2)

FFT_buffer3 
*          1    0000f000    00000c02     UNINITIALIZED
                  0000f000    00000800     INPUT.obj (FFT_buffer3)
                  0000f800    00000402     RFFT.obj (FFT_buffer3)

.reset     0    003fffc0    00000002     DSECT
                  003fffc0    00000002     rts2800_fpu32.lib : boot28.asm.obj (.reset)

csm_rsvd   0    0033ff80    00000000     DSECT

csmpasswds 
*          0    0033fff8    00000000     DSECT

ramfuncs   0    00000002    00000004     
                  00000002    00000004     DSP2833x_usDelay.obj (ramfuncs)

.text      0    00008800    0000171b     
                  00008800    00000323     DSP2833x_DefaultIsr.obj (.text:retain)
                  00008b23    00000001     rts2800_fpu32.lib : startup.c.obj (.text)
                  00008b24    00000179     ICFFT_f32.obj (.text)
                  00008c9d    00000001     --HOLE-- [fill = 0]
                  00008c9e    00000179     ICFFT_f32t.obj (.text)
                  00008e17    00000001     --HOLE-- [fill = 0]
                  00008e18    00000138     RFFT_adc_f32.obj (.text)
                  00008f50    0000011d     RFFT_f32.obj (.text)
                  0000906d    00000001     --HOLE-- [fill = 0]
                  0000906e    000000fe     RFFT_f32s_mag.obj (.text)
                  0000916c    000000f7     DSP2833x_SysCtrl.obj (.text)
                  00009263    000000d2     rts2800_fpu32.lib : e_atan2f.c.obj (.text)
                  00009335    000000ca                       : s_atanf.c.obj (.text)
                  000093ff    00000001     --HOLE-- [fill = 0]
                  00009400    0000009e     RFFT_adc_f32u.obj (.text)
                  0000949e    0000009c     RFFT_f32_mag.obj (.text)
                  0000953a    0000009c     rts2800_fpu32.lib : fd_add28.asm.obj (.text)
                  000095d6    0000008b                       : fd_div28.asm.obj (.text)
                  00009661    00000088                       : fs_div28.asm.obj (.text)
                  000096e9    00000001     --HOLE-- [fill = 0]
                  000096ea    00000085     RFFT_f32u.obj (.text)
                  0000976f    00000083     rts2800_fpu32.lib : fd_mpy28.asm.obj (.text)
                  000097f2    0000005d     memcpy_fast_far.obj (.text)
                  0000984f    00000001     --HOLE-- [fill = 0]
                  00009850    0000005b     abs_SP_CV_2.obj (.text)
                  000098ab    00000056     rts2800_fpu32.lib : boot28.asm.obj (.text)
                  00009901    00000001     --HOLE-- [fill = 0]
                  00009902    00000051     iabs_SP_CV_2.obj (.text)
                  00009953    00000001     --HOLE-- [fill = 0]
                  00009954    0000004a     iir_f32.obj (.text)
                  0000999e    00000043     mpy_SP_RMxRM_2.obj (.text)
                  000099e1    00000001     --HOLE-- [fill = 0]
                  000099e2    00000042     mac_SP_i16RVxCV.obj (.text)
                  00009a24    0000003f     mac_SP_RVxCV.obj (.text)
                  00009a63    00000001     --HOLE-- [fill = 0]
                  00009a64    00000039     mac_SP_CVxCV.obj (.text)
                  00009a9d    00000001     --HOLE-- [fill = 0]
                  00009a9e    00000038     mean_SP_CV_2.obj (.text)
                  00009ad6    00000037     FIR_f32.obj (.text)
                  00009b0d    00000001     --HOLE-- [fill = 0]
                  00009b0e    00000032     mpy_SP_RMxRM.obj (.text)
                  00009b40    00000031     abs_SP_CV.obj (.text)
                  00009b71    00000001     --HOLE-- [fill = 0]
                  00009b72    0000002c     iabs_SP_CV.obj (.text)
                  00009b9e    0000002c     mpy_SP_RSxRVxRV_2.obj (.text)
                  00009bca    0000002a     rts2800_fpu32.lib : fd_cmp28.asm.obj (.text)
                  00009bf4    00000029                       : exit.c.obj (.text)
                  00009c1d    00000028     DSP2833x_PieCtrl.obj (.text)
                  00009c45    00000001     --HOLE-- [fill = 0]
                  00009c46    00000025     RFFT_f32_win.obj (.text)
                  00009c6b    00000024     rts2800_fpu32.lib : cpy_tbl.c.obj (.text)
                  00009c8f    00000023     RFFT_f32_phase.obj (.text)
                  00009cb2    00000023     rts2800_fpu32.lib : fd_tofsfpu32.asm.obj (.text)
                  00009cd5    00000001     --HOLE-- [fill = 0]
                  00009cd6    00000021     mpy_SP_RVxRV_2.obj (.text)
                  00009cf7    00000021     epwm.obj (.text:retain)
                  00009d18    00000020     DSP2833x_PieVect.obj (.text)
                  00009d38    0000001f     RFFT_f32_adc_win.obj (.text)
                  00009d57    00000001     --HOLE-- [fill = 0]
                  00009d58    0000001f     add_SP_CVxCV.obj (.text)
                  00009d77    00000001     --HOLE-- [fill = 0]
                  00009d78    0000001f     mpy_SP_CVxCVC.obj (.text)
                  00009d97    00000001     --HOLE-- [fill = 0]
                  00009d98    0000001f     sub_SP_CVxCV.obj (.text)
                  00009db7    00000001     --HOLE-- [fill = 0]
                  00009db8    0000001e     add_SP_CSxCV.obj (.text)
                  00009dd6    0000001e     sub_SP_CSxCV.obj (.text)
                  00009df4    0000001d     mpy_SP_CVxCV.obj (.text)
                  00009e11    0000001d     rts2800_fpu32.lib : memcpy.c.obj (.text)
                  00009e2e    0000001c     maxidx_SP_RV_2.obj (.text)
                  00009e4a    0000001c     rts2800_fpu32.lib : fs_tofdfpu32.asm.obj (.text)
                  00009e66    0000001b     mpy_SP_RVxCV.obj (.text)
                  00009e81    00000001     --HOLE-- [fill = 0]
                  00009e82    00000018     mpy_SP_RSxRV_2.obj (.text)
                  00009e9a    00000017     mpy_SP_CSxCS.obj (.text)
                  00009eb1    00000016     rnd_SP_RS.obj (.text)
                  00009ec7    00000012     rts2800_fpu32.lib : args_main.c.obj (.text)
                  00009ed9    0000000e                       : fd_sub28.asm.obj (.text)
                  00009ee7    0000000b     main.obj (.text)
                  00009ef2    00000009     rts2800_fpu32.lib : _lock.c.obj (.text)
                  00009efb    00000009                       : fd_neg28.asm.obj (.text)
                  00009f04    00000008     DSP2833x_CodeStartBranch.obj (.text)
                  00009f0c    00000007     memcpy_fast.obj (.text)
                  00009f13    00000006     memset_fast.obj (.text)
                  00009f19    00000002     rts2800_fpu32.lib : pre_init.c.obj (.text)

.adc_cal   0    00380080    00000007     NOLOAD SECTION
                  00380080    00000007     DSP2833x_ADC_cal.obj (.adc_cal)

PieVectTableFile 
*          1    00000d00    00000100     UNINITIALIZED
                  00000d00    00000100     DSP2833x_GlobalVariableDefs.obj (PieVectTableFile)

DmaRegsFile 
*          1    00001000    000000e0     UNINITIALIZED
                  00001000    000000e0     DSP2833x_GlobalVariableDefs.obj (DmaRegsFile)

McbspaRegsFile 
*          1    00005000    00000025     UNINITIALIZED
                  00005000    00000025     DSP2833x_GlobalVariableDefs.obj (McbspaRegsFile)

McbspbRegsFile 
*          1    00005040    00000025     UNINITIALIZED
                  00005040    00000025     DSP2833x_GlobalVariableDefs.obj (McbspbRegsFile)

ECanaRegsFile 
*          1    00006000    00000034     UNINITIALIZED
                  00006000    00000034     DSP2833x_GlobalVariableDefs.obj (ECanaRegsFile)

ECanaLAMRegsFile 
*          1    00006040    00000040     UNINITIALIZED
                  00006040    00000040     DSP2833x_GlobalVariableDefs.obj (ECanaLAMRegsFile)

ECanaMboxesFile 
*          1    00006100    00000100     UNINITIALIZED
                  00006100    00000100     DSP2833x_GlobalVariableDefs.obj (ECanaMboxesFile)

ECanbRegsFile 
*          1    00006200    00000034     UNINITIALIZED
                  00006200    00000034     DSP2833x_GlobalVariableDefs.obj (ECanbRegsFile)

ECanbLAMRegsFile 
*          1    00006240    00000040     UNINITIALIZED
                  00006240    00000040     DSP2833x_GlobalVariableDefs.obj (ECanbLAMRegsFile)

ECanbMboxesFile 
*          1    00006300    00000100     UNINITIALIZED
                  00006300    00000100     DSP2833x_GlobalVariableDefs.obj (ECanbMboxesFile)

EPwm1RegsFile 
*          1    00006800    00000022     UNINITIALIZED
                  00006800    00000022     DSP2833x_GlobalVariableDefs.obj (EPwm1RegsFile)

EPwm2RegsFile 
*          1    00006840    00000022     UNINITIALIZED
                  00006840    00000022     DSP2833x_GlobalVariableDefs.obj (EPwm2RegsFile)

EPwm3RegsFile 
*          1    00006880    00000022     UNINITIALIZED
                  00006880    00000022     DSP2833x_GlobalVariableDefs.obj (EPwm3RegsFile)

EPwm4RegsFile 
*          1    000068c0    00000022     UNINITIALIZED
                  000068c0    00000022     DSP2833x_GlobalVariableDefs.obj (EPwm4RegsFile)

EPwm5RegsFile 
*          1    00006900    00000022     UNINITIALIZED
                  00006900    00000022     DSP2833x_GlobalVariableDefs.obj (EPwm5RegsFile)

EPwm6RegsFile 
*          1    00006940    00000022     UNINITIALIZED
                  00006940    00000022     DSP2833x_GlobalVariableDefs.obj (EPwm6RegsFile)

ECap1RegsFile 
*          1    00006a00    00000020     UNINITIALIZED
                  00006a00    00000020     DSP2833x_GlobalVariableDefs.obj (ECap1RegsFile)

ECap2RegsFile 
*          1    00006a20    00000020     UNINITIALIZED
                  00006a20    00000020     DSP2833x_GlobalVariableDefs.obj (ECap2RegsFile)

ECap3RegsFile 
*          1    00006a40    00000020     UNINITIALIZED
                  00006a40    00000020     DSP2833x_GlobalVariableDefs.obj (ECap3RegsFile)

ECap4RegsFile 
*          1    00006a60    00000020     UNINITIALIZED
                  00006a60    00000020     DSP2833x_GlobalVariableDefs.obj (ECap4RegsFile)

ECap5RegsFile 
*          1    00006a80    00000020     UNINITIALIZED
                  00006a80    00000020     DSP2833x_GlobalVariableDefs.obj (ECap5RegsFile)

ECap6RegsFile 
*          1    00006aa0    00000020     UNINITIALIZED
                  00006aa0    00000020     DSP2833x_GlobalVariableDefs.obj (ECap6RegsFile)

EQep1RegsFile 
*          1    00006b00    00000040     UNINITIALIZED
                  00006b00    00000040     DSP2833x_GlobalVariableDefs.obj (EQep1RegsFile)

EQep2RegsFile 
*          1    00006b40    00000040     UNINITIALIZED
                  00006b40    00000040     DSP2833x_GlobalVariableDefs.obj (EQep2RegsFile)

GpioCtrlRegsFile 
*          1    00006f80    0000002e     UNINITIALIZED
                  00006f80    0000002e     DSP2833x_GlobalVariableDefs.obj (GpioCtrlRegsFile)

GpioDataRegsFile 
*          1    00006fc0    00000020     UNINITIALIZED
                  00006fc0    00000020     DSP2833x_GlobalVariableDefs.obj (GpioDataRegsFile)

GpioIntRegsFile 
*          1    00006fe0    0000000a     UNINITIALIZED
                  00006fe0    0000000a     DSP2833x_GlobalVariableDefs.obj (GpioIntRegsFile)

SysCtrlRegsFile 
*          1    00007010    00000020     UNINITIALIZED
                  00007010    00000020     DSP2833x_GlobalVariableDefs.obj (SysCtrlRegsFile)

SpiaRegsFile 
*          1    00007040    00000010     UNINITIALIZED
                  00007040    00000010     DSP2833x_GlobalVariableDefs.obj (SpiaRegsFile)

SciaRegsFile 
*          1    00007050    00000010     UNINITIALIZED
                  00007050    00000010     DSP2833x_GlobalVariableDefs.obj (SciaRegsFile)

XIntruptRegsFile 
*          1    00007070    00000010     UNINITIALIZED
                  00007070    00000010     DSP2833x_GlobalVariableDefs.obj (XIntruptRegsFile)

AdcRegsFile 
*          1    00007100    0000001e     UNINITIALIZED
                  00007100    0000001e     DSP2833x_GlobalVariableDefs.obj (AdcRegsFile)

ScibRegsFile 
*          1    00007750    00000010     UNINITIALIZED
                  00007750    00000010     DSP2833x_GlobalVariableDefs.obj (ScibRegsFile)

ScicRegsFile 
*          1    00007770    00000010     UNINITIALIZED
                  00007770    00000010     DSP2833x_GlobalVariableDefs.obj (ScicRegsFile)

I2caRegsFile 
*          1    00007900    00000022     UNINITIALIZED
                  00007900    00000022     DSP2833x_GlobalVariableDefs.obj (I2caRegsFile)

CsmPwlFile 
*          1    0033fff8    00000008     UNINITIALIZED
                  0033fff8    00000008     DSP2833x_GlobalVariableDefs.obj (CsmPwlFile)

FIR_buffer0 
*          0    00008442    000000a2     
                  00008442    000000a2     FIR.obj (FIR_buffer0)

FIR_buffer1 
*          1    0000d240    00000400     UNINITIALIZED
                  0000d240    00000400     FIR.obj (FIR_buffer1)

MODULE SUMMARY

       Module                            code   initialized data   uninitialized data
       ------                            ----   ----------------   ------------------
    .\APP\EPWM\
       epwm.obj                          33     4                  1                 
    +--+---------------------------------+------+------------------+--------------------+
       Total:                            33     4                  1                 
                                                                                     
    .\APP\FFT\
       RFFT.obj                          0      24                 5310              
       INPUT.obj                         0      1027               2048              
    +--+---------------------------------+------+------------------+--------------------+
       Total:                            0      1051               7358              
                                                                                     
    .\APP\FIR\
       FIR.obj                           0      168                1040              
    +--+---------------------------------+------+------------------+--------------------+
       Total:                            0      168                1040              
                                                                                     
    .\DSP2833x_Libraries\
       DSP2833x_GlobalVariableDefs.obj   0      0                  2678              
       DSP2833x_DefaultIsr.obj           803    0                  0                 
       DSP2833x_PieVect.obj              32     256                0                 
       DSP2833x_SysCtrl.obj              247    0                  0                 
       DSP2833x_PieCtrl.obj              40     0                  0                 
       DSP2833x_CodeStartBranch.obj      10     0                  0                 
       DSP2833x_ADC_cal.obj              7      0                  0                 
       DSP2833x_usDelay.obj              4      0                  0                 
    +--+---------------------------------+------+------------------+--------------------+
       Total:                            1143   256                2678              
                                                                                     
    .\FPU\source\fft\
       ICFFT_f32.obj                     377    0                  20                
       ICFFT_f32t.obj                    377    0                  20                
       RFFT_adc_f32.obj                  312    0                  0                 
       RFFT_f32.obj                      285    0                  0                 
       RFFT_f32s_mag.obj                 254    0                  0                 
       RFFT_adc_f32u.obj                 158    0                  0                 
       RFFT_f32_mag.obj                  156    0                  0                 
       RFFT_f32u.obj                     133    0                  0                 
       RFFT_f32_win.obj                  37     0                  0                 
       RFFT_f32_phase.obj                35     0                  0                 
       RFFT_f32_adc_win.obj              31     0                  0                 
    +--+---------------------------------+------+------------------+--------------------+
       Total:                            2155   0                  40                
                                                                                     
    .\FPU\source\filter\
       iir_f32.obj                       74     0                  0                 
       FIR_f32.obj                       55     0                  0                 
    +--+---------------------------------+------+------------------+--------------------+
       Total:                            129    0                  0                 
                                                                                     
    .\FPU\source\utility\
       memcpy_fast_far.obj               93     0                  0                 
       memcpy_fast.obj                   7      0                  0                 
       memset_fast.obj                   6      0                  0                 
    +--+---------------------------------+------+------------------+--------------------+
       Total:                            106    0                  0                 
                                                                                     
    .\FPU\source\vector\
       abs_SP_CV_2.obj                   91     0                  0                 
       iabs_SP_CV_2.obj                  81     0                  0                 
       mpy_SP_RMxRM_2.obj                67     0                  0                 
       mac_SP_i16RVxCV.obj               66     0                  0                 
       mac_SP_RVxCV.obj                  63     0                  0                 
       mac_SP_CVxCV.obj                  57     0                  0                 
       mean_SP_CV_2.obj                  56     0                  0                 
       mpy_SP_RMxRM.obj                  50     0                  0                 
       abs_SP_CV.obj                     49     0                  0                 
       iabs_SP_CV.obj                    44     0                  0                 
       mpy_SP_RSxRVxRV_2.obj             44     0                  0                 
       mpy_SP_RVxRV_2.obj                33     0                  0                 
       add_SP_CVxCV.obj                  31     0                  0                 
       mpy_SP_CVxCVC.obj                 31     0                  0                 
       sub_SP_CVxCV.obj                  31     0                  0                 
       add_SP_CSxCV.obj                  30     0                  0                 
       sub_SP_CSxCV.obj                  30     0                  0                 
       mpy_SP_CVxCV.obj                  29     0                  0                 
       maxidx_SP_RV_2.obj                28     0                  0                 
       mpy_SP_RVxCV.obj                  27     0                  0                 
       mpy_SP_RSxRV_2.obj                24     0                  0                 
       mpy_SP_CSxCS.obj                  23     0                  0                 
       rnd_SP_RS.obj                     22     0                  0                 
    +--+---------------------------------+------+------------------+--------------------+
       Total:                            1007   0                  0                 
                                                                                     
    .\User\
       main.obj                          11     0                  0                 
    +--+---------------------------------+------+------------------+--------------------+
       Total:                            11     0                  0                 
                                                                                     
    C:\ti\ccs1240\ccs\tools\compiler\ti-cgt-c2000_22.6.0.LTS\lib\rts2800_fpu32.lib
       s_atanf.c.obj                     202    30                 0                 
       e_atan2f.c.obj                    210    12                 0                 
       fd_add28.asm.obj                  156    0                  0                 
       fd_div28.asm.obj                  139    0                  0                 
       fs_div28.asm.obj                  136    0                  0                 
       fd_mpy28.asm.obj                  131    0                  0                 
       boot28.asm.obj                    86     0                  0                 
       exit.c.obj                        41     14                 6                 
       fd_cmp28.asm.obj                  42     0                  0                 
       cpy_tbl.c.obj                     36     0                  0                 
       fd_tofsfpu32.asm.obj              35     0                  0                 
       memcpy.c.obj                      29     0                  0                 
       fs_tofdfpu32.asm.obj              28     0                  0                 
       _lock.c.obj                       9      10                 4                 
       args_main.c.obj                   18     0                  0                 
       e_expf.c.obj                      0      16                 0                 
       fd_sub28.asm.obj                  14     0                  0                 
       fd_neg28.asm.obj                  9      0                  0                 
       errno.c.obj                       0      4                  1                 
       k_expf.c.obj                      0      2                  0                 
       pre_init.c.obj                    2      0                  0                 
       startup.c.obj                     1      0                  0                 
    +--+---------------------------------+------+------------------+--------------------+
       Total:                            1324   88                 11                
                                                                                     
       Stack:                            0      0                  768               
    +--+---------------------------------+------+------------------+--------------------+
       Grand Total:                      5908   1567               11896             


GLOBAL DATA SYMBOLS: SORTED BY DATA PAGE

address     data page           name
--------    ----------------    ----
00000400      10 (00000400)     __stack

00000880      22 (00000880)     _DevEmuRegs

00000a80      2a (00000a80)     _FlashRegs

00000ae0      2b (00000ac0)     _CsmRegs

00000b00      2c (00000b00)     _AdcMirror
00000b20      2c (00000b00)     _XintfRegs

00000c00      30 (00000c00)     _CpuTimer0Regs
00000c08      30 (00000c00)     _CpuTimer1Regs
00000c10      30 (00000c00)     _CpuTimer2Regs

00000ce0      33 (00000cc0)     _PieCtrlRegs

00000d00      34 (00000d00)     _PieVectTable

00001000      40 (00001000)     _DmaRegs

00005000     140 (00005000)     _McbspaRegs

00005040     141 (00005040)     _McbspbRegs

00006000     180 (00006000)     _ECanaRegs

00006040     181 (00006040)     _ECanaLAMRegs

00006080     182 (00006080)     _ECanaMOTSRegs

000060c0     183 (000060c0)     _ECanaMOTORegs

00006100     184 (00006100)     _ECanaMboxes

00006200     188 (00006200)     _ECanbRegs

00006240     189 (00006240)     _ECanbLAMRegs

00006280     18a (00006280)     _ECanbMOTSRegs

000062c0     18b (000062c0)     _ECanbMOTORegs

00006300     18c (00006300)     _ECanbMboxes

00006800     1a0 (00006800)     _EPwm1Regs

00006840     1a1 (00006840)     _EPwm2Regs

00006880     1a2 (00006880)     _EPwm3Regs

000068c0     1a3 (000068c0)     _EPwm4Regs

00006900     1a4 (00006900)     _EPwm5Regs

00006940     1a5 (00006940)     _EPwm6Regs

00006a00     1a8 (00006a00)     _ECap1Regs
00006a20     1a8 (00006a00)     _ECap2Regs

00006a40     1a9 (00006a40)     _ECap3Regs
00006a60     1a9 (00006a40)     _ECap4Regs

00006a80     1aa (00006a80)     _ECap5Regs
00006aa0     1aa (00006a80)     _ECap6Regs

00006b00     1ac (00006b00)     _EQep1Regs

00006b40     1ad (00006b40)     _EQep2Regs

00006f80     1be (00006f80)     _GpioCtrlRegs

00006fc0     1bf (00006fc0)     _GpioDataRegs
00006fe0     1bf (00006fc0)     _GpioIntRegs

00007010     1c0 (00007000)     _SysCtrlRegs

00007040     1c1 (00007040)     _SpiaRegs
00007050     1c1 (00007040)     _SciaRegs
00007070     1c1 (00007040)     _XIntruptRegs

00007100     1c4 (00007100)     _AdcRegs

00007750     1dd (00007740)     _ScibRegs
00007770     1dd (00007740)     _ScicRegs

00007900     1e4 (00007900)     _I2caRegs

00008442     211 (00008440)     _coeffs

0000d000     340 (0000d000)     _PieVectTableInit

0000d13c     344 (0000d100)     _BL
0000d13e     344 (0000d100)     __lock

0000d140     345 (0000d140)     _hnd_rfft
0000d142     345 (0000d140)     _hnd_rfft_adc
0000d144     345 (0000d140)     _myabs
0000d14e     345 (0000d140)     _rfft_adc
0000d152     345 (0000d140)     _rfft

0000d180     346 (0000d180)     _rfft_analyse

0000d1fc     347 (0000d1c0)     __unlock
0000d1ff     347 (0000d1c0)     _errno

0000d228     348 (0000d200)     _hnd_fir
0000d22a     348 (0000d200)     _fir
0000d238     348 (0000d200)     ___TI_enable_exit_profile_output
0000d23a     348 (0000d200)     ___TI_cleanup_ptr
0000d23c     348 (0000d200)     ___TI_dtors_ptr

0000d240     349 (0000d240)     _FIR_output

0000e000     380 (0000e000)     _FFT_output

0000e800     3a0 (0000e800)     _FFT_twiddleFactors

0000f000     3c0 (0000f000)     _FFT_input

0000f800     3e0 (0000f800)     _FFT_magnitude_phase

0033fff8    cfff (0033ffc0)     _CsmPwl


GLOBAL SYMBOLS: SORTED ALPHABETICALLY BY Name 

page  address   name                                   
----  -------   ----                                   
abs   ffffffff  .text                                  
0     00009bf4  C$$EXIT                                
0     0000953a  FD$$ADD                                
0     00009bca  FD$$CMP                                
0     000095d6  FD$$DIV                                
0     0000976f  FD$$MPY                                
0     00009efb  FD$$NEG                                
0     00009ed9  FD$$SUB                                
0     00009cb2  FD$$TOFS                               
0     00009661  FS$$DIV                                
0     00009e4a  FS$$TOFD                               
0     000088e6  _ADCINT_ISR                            
0     00380080  _ADC_cal                               
1     00000b00  _AdcMirror                             
1     00007100  _AdcRegs                               
1     0000d13c  _BL                                    
1     00000c00  _CpuTimer0Regs                         
1     00000c08  _CpuTimer1Regs                         
1     00000c10  _CpuTimer2Regs                         
1     0033fff8  _CsmPwl                                
1     00000ae0  _CsmRegs                               
0     00009232  _CsmUnlock                             
0     00008814  _DATALOG_ISR                           
0     00008a08  _DINTCH1_ISR                           
0     00008a12  _DINTCH2_ISR                           
0     00008a1c  _DINTCH3_ISR                           
0     00008a26  _DINTCH4_ISR                           
0     00008a30  _DINTCH5_ISR                           
0     00008a3a  _DINTCH6_ISR                           
0     00000002  _DSP28x_usDelay                        
1     00000880  _DevEmuRegs                            
0     0000917f  _DisableDog                            
1     00001000  _DmaRegs                               
0     00008a94  _ECAN0INTA_ISR                         
0     00008aa8  _ECAN0INTB_ISR                         
0     00008a9e  _ECAN1INTA_ISR                         
0     00008ab2  _ECAN1INTB_ISR                         
0     0000897c  _ECAP1_INT_ISR                         
0     00008986  _ECAP2_INT_ISR                         
0     00008990  _ECAP3_INT_ISR                         
0     0000899a  _ECAP4_INT_ISR                         
0     000089a4  _ECAP5_INT_ISR                         
0     000089ae  _ECAP6_INT_ISR                         
1     00006040  _ECanaLAMRegs                          
1     000060c0  _ECanaMOTORegs                         
1     00006080  _ECanaMOTSRegs                         
1     00006100  _ECanaMboxes                           
1     00006000  _ECanaRegs                             
1     00006240  _ECanbLAMRegs                          
1     000062c0  _ECanbMOTORegs                         
1     00006280  _ECanbMOTSRegs                         
1     00006300  _ECanbMboxes                           
1     00006200  _ECanbRegs                             
1     00006a00  _ECap1Regs                             
1     00006a20  _ECap2Regs                             
1     00006a40  _ECap3Regs                             
1     00006a60  _ECap4Regs                             
1     00006a80  _ECap5Regs                             
1     00006aa0  _ECap6Regs                             
0     00008b02  _EMPTY_ISR                             
0     00008828  _EMUINT_ISR                            
0     00008940  _EPWM1_INT_ISR                         
0     00008904  _EPWM1_TZINT_ISR                       
0     0000894a  _EPWM2_INT_ISR                         
0     0000890e  _EPWM2_TZINT_ISR                       
0     00008954  _EPWM3_INT_ISR                         
0     00008918  _EPWM3_TZINT_ISR                       
0     0000895e  _EPWM4_INT_ISR                         
0     00008922  _EPWM4_TZINT_ISR                       
0     00008968  _EPWM5_INT_ISR                         
0     0000892c  _EPWM5_TZINT_ISR                       
0     00008972  _EPWM6_INT_ISR                         
0     00008936  _EPWM6_TZINT_ISR                       
1     00006800  _EPwm1Regs                             
1     00006840  _EPwm2Regs                             
1     00006880  _EPwm3Regs                             
1     000068c0  _EPwm4Regs                             
1     00006900  _EPwm5Regs                             
1     00006940  _EPwm6Regs                             
0     000089b8  _EQEP1_INT_ISR                         
0     000089c2  _EQEP2_INT_ISR                         
1     00006b00  _EQep1Regs                             
1     00006b40  _EQep2Regs                             
0     00009c3c  _EnableInterrupts                      
1     0000f000  _FFT_input                             
1     0000f800  _FFT_magnitude_phase                   
1     0000e000  _FFT_output                            
1     0000e800  _FFT_twiddleFactors                    
0     00009ae2  _FIR_f32_calc                          
0     00009ad6  _FIR_f32_init                          
1     0000d240  _FIR_output                            
1     00000a80  _FlashRegs                             
1     00006f80  _GpioCtrlRegs                          
1     00006fc0  _GpioDataRegs                          
1     00006fe0  _GpioIntRegs                           
0     00008a44  _I2CINT1A_ISR                          
0     00008a4e  _I2CINT2A_ISR                          
1     00007900  _I2caRegs                              
0     00008b24  _ICFFT_f32                             
0     00008c9e  _ICFFT_f32t                            
0     0000995d  _IIR_f32_calc                          
0     00009954  _IIR_f32_init                          
0     0000883c  _ILLEGAL_ISR                           
0     00008800  _INT13_ISR                             
0     0000880a  _INT14_ISR                             
0     000091d7  _InitPeripheralClocks                  
0     00009c1d  _InitPieCtrl                           
0     00009d18  _InitPieVectTable                      
0     00009187  _InitPll                               
0     0000916c  _InitSysCtrl                           
0     00008af8  _LUF_ISR                               
0     00008aee  _LVF_ISR                               
0     000089f4  _MRINTA_ISR                            
0     000089e0  _MRINTB_ISR                            
0     000089fe  _MXINTA_ISR                            
0     000089ea  _MXINTB_ISR                            
1     00005000  _McbspaRegs                            
1     00005040  _McbspbRegs                            
0     00008832  _NMI_ISR                               
0     00008b0f  _PIE_RESERVED                          
1     00000ce0  _PieCtrlRegs                           
1     00000d00  _PieVectTable                          
1     0000d000  _PieVectTableInit                      
0     00008e18  _RFFT_adc_f32                          
0     00009d38  _RFFT_adc_f32_win                      
0     00009400  _RFFT_adc_f32u                         
0     00008f50  _RFFT_f32                              
0     0000949e  _RFFT_f32_mag                          
0     00009c8f  _RFFT_f32_phase                        
0     00009c46  _RFFT_f32_win                          
0     0000906e  _RFFT_f32s_mag                         
0     000096ea  _RFFT_f32u                             
0     0000881e  _RTOSINT_ISR                           
0     00008000  _RamfuncsLoadEnd                       
abs   00000000  _RamfuncsLoadSize                      
0     00008000  _RamfuncsLoadStart                     
0     00008000  _RamfuncsRunStart                      
0     00008a6c  _SCIRXINTA_ISR                         
0     00008a80  _SCIRXINTB_ISR                         
0     00008a58  _SCIRXINTC_ISR                         
0     00008a76  _SCITXINTA_ISR                         
0     00008a8a  _SCITXINTB_ISR                         
0     00008a62  _SCITXINTC_ISR                         
0     000088be  _SEQ1INT_ISR                           
0     000088c8  _SEQ2INT_ISR                           
0     000089cc  _SPIRXINTA_ISR                         
0     000089d6  _SPITXINTA_ISR                         
1     00007050  _SciaRegs                              
1     00007750  _ScibRegs                              
1     00007770  _ScicRegs                              
0     00009175  _ServiceDog                            
1     00007040  _SpiaRegs                              
1     00007010  _SysCtrlRegs                           
0     000088f0  _TINT0_ISR                             
0     000088a0  _USER10_ISR                            
0     000088aa  _USER11_ISR                            
0     000088b4  _USER12_ISR                            
0     00008846  _USER1_ISR                             
0     00008850  _USER2_ISR                             
0     0000885a  _USER3_ISR                             
0     00008864  _USER4_ISR                             
0     0000886e  _USER5_ISR                             
0     00008878  _USER6_ISR                             
0     00008882  _USER7_ISR                             
0     0000888c  _USER8_ISR                             
0     00008896  _USER9_ISR                             
0     000088fa  _WAKEINT_ISR                           
0     000088d2  _XINT1_ISR                             
0     000088dc  _XINT2_ISR                             
0     00008abc  _XINT3_ISR                             
0     00008ac6  _XINT4_ISR                             
0     00008ad0  _XINT5_ISR                             
0     00008ada  _XINT6_ISR                             
0     00008ae4  _XINT7_ISR                             
1     00007070  _XIntruptRegs                          
1     00000b20  _XintfRegs                             
1     00000700  __STACK_END                            
abs   00000300  __STACK_SIZE                           
1     0000d23a  ___TI_cleanup_ptr                      
1     0000d23c  ___TI_dtors_ptr                        
1     0000d238  ___TI_enable_exit_profile_output       
abs   ffffffff  ___TI_pprof_out_hndl                   
abs   ffffffff  ___TI_prof_data_size                   
abs   ffffffff  ___TI_prof_data_start                  
abs   ffffffff  ___binit__                             
abs   ffffffff  ___c_args__                            
0     00008000  ___cinit__                             
abs   ffffffff  ___etext__                             
abs   ffffffff  ___pinit__                             
abs   ffffffff  ___text__                              
0     00009ec7  __args_main                            
1     0000d13e  __lock                                 
0     00009efa  __nop                                  
0     00009ef6  __register_lock                        
0     00009ef2  __register_unlock                      
1     00000400  __stack                                
0     00008b23  __system_post_cinit                    
0     00009f19  __system_pre_init                      
1     0000d1fc  __unlock                               
0     00009bf4  _abort                                 
0     00009b40  _abs_SP_CV                             
0     00009850  _abs_SP_CV_2                           
0     00009db8  _add_SP_CSxCV                          
0     00009d58  _add_SP_CVxCV                          
0     00009335  _atan                                  
0     00009263  _atan2                                 
0     00009263  _atan2f                                
0     00009335  _atanf                                 
0     000098ab  _c_int00                               
0     00008442  _coeffs                                
0     00009c6b  _copy_in                               
0     00009cf7  _epwm1_isr                             
1     0000d1ff  _errno                                 
0     00009bf6  _exit                                  
1     0000d22a  _fir                                   
1     0000d228  _hnd_fir                               
1     0000d140  _hnd_rfft                              
1     0000d142  _hnd_rfft_adc                          
0     00009b72  _iabs_SP_CV                            
0     00009902  _iabs_SP_CV_2                          
0     00009a64  _mac_SP_CVxCV                          
0     00009a24  _mac_SP_RVxCV                          
0     000099e2  _mac_SP_i16RVxCV                       
0     00009ee7  _main                                  
0     00009e2e  _maxidx_SP_RV_2                        
0     00009a9e  _mean_SP_CV_2                          
0     00009e11  _memcpy                                
0     00009f0c  _memcpy_fast                           
0     000097f2  _memcpy_fast_far                       
0     00009f13  _memset_fast                           
0     00009e9a  _mpy_SP_CSxCS                          
0     00009df4  _mpy_SP_CVxCV                          
0     00009d78  _mpy_SP_CVxCVC                         
0     00009b0e  _mpy_SP_RMxRM                          
0     0000999e  _mpy_SP_RMxRM_2                        
0     00009e83  _mpy_SP_RSxRV_2                        
0     00009b9e  _mpy_SP_RSxRVxRV_2                     
0     00009e66  _mpy_SP_RVxCV                          
0     00009cd6  _mpy_SP_RVxRV_2                        
1     0000d144  _myabs                                 
1     0000d152  _rfft                                  
1     0000d14e  _rfft_adc                              
0     00008ea8  _rfft_adc_f32_Stages4andUp             
1     0000d180  _rfft_analyse                          
0     00008f59  _rfft_f32_Stages1and2and3andBitReverse 
0     00008fc5  _rfft_f32_Stages4andUp                 
0     000096f3  _rfft_f32u_Stages1and2and3andBitReverse
0     00009eb1  _rnd_SP_RS                             
0     00008b19  _rsvd_ISR                              
0     00009dd6  _sub_SP_CSxCV                          
0     00009d98  _sub_SP_CVxCV                          
abs   ffffffff  binit                                  
0     00008000  cinit                                  
0     00000000  code_start                             
abs   ffffffff  etext                                  
abs   ffffffff  pinit                                  


GLOBAL SYMBOLS: SORTED BY Symbol Address 

page  address   name                                   
----  -------   ----                                   
0     00000000  code_start                             
0     00000002  _DSP28x_usDelay                        
0     00008000  _RamfuncsLoadEnd                       
0     00008000  _RamfuncsLoadStart                     
0     00008000  _RamfuncsRunStart                      
0     00008000  ___cinit__                             
0     00008000  cinit                                  
0     00008442  _coeffs                                
0     00008800  _INT13_ISR                             
0     0000880a  _INT14_ISR                             
0     00008814  _DATALOG_ISR                           
0     0000881e  _RTOSINT_ISR                           
0     00008828  _EMUINT_ISR                            
0     00008832  _NMI_ISR                               
0     0000883c  _ILLEGAL_ISR                           
0     00008846  _USER1_ISR                             
0     00008850  _USER2_ISR                             
0     0000885a  _USER3_ISR                             
0     00008864  _USER4_ISR                             
0     0000886e  _USER5_ISR                             
0     00008878  _USER6_ISR                             
0     00008882  _USER7_ISR                             
0     0000888c  _USER8_ISR                             
0     00008896  _USER9_ISR                             
0     000088a0  _USER10_ISR                            
0     000088aa  _USER11_ISR                            
0     000088b4  _USER12_ISR                            
0     000088be  _SEQ1INT_ISR                           
0     000088c8  _SEQ2INT_ISR                           
0     000088d2  _XINT1_ISR                             
0     000088dc  _XINT2_ISR                             
0     000088e6  _ADCINT_ISR                            
0     000088f0  _TINT0_ISR                             
0     000088fa  _WAKEINT_ISR                           
0     00008904  _EPWM1_TZINT_ISR                       
0     0000890e  _EPWM2_TZINT_ISR                       
0     00008918  _EPWM3_TZINT_ISR                       
0     00008922  _EPWM4_TZINT_ISR                       
0     0000892c  _EPWM5_TZINT_ISR                       
0     00008936  _EPWM6_TZINT_ISR                       
0     00008940  _EPWM1_INT_ISR                         
0     0000894a  _EPWM2_INT_ISR                         
0     00008954  _EPWM3_INT_ISR                         
0     0000895e  _EPWM4_INT_ISR                         
0     00008968  _EPWM5_INT_ISR                         
0     00008972  _EPWM6_INT_ISR                         
0     0000897c  _ECAP1_INT_ISR                         
0     00008986  _ECAP2_INT_ISR                         
0     00008990  _ECAP3_INT_ISR                         
0     0000899a  _ECAP4_INT_ISR                         
0     000089a4  _ECAP5_INT_ISR                         
0     000089ae  _ECAP6_INT_ISR                         
0     000089b8  _EQEP1_INT_ISR                         
0     000089c2  _EQEP2_INT_ISR                         
0     000089cc  _SPIRXINTA_ISR                         
0     000089d6  _SPITXINTA_ISR                         
0     000089e0  _MRINTB_ISR                            
0     000089ea  _MXINTB_ISR                            
0     000089f4  _MRINTA_ISR                            
0     000089fe  _MXINTA_ISR                            
0     00008a08  _DINTCH1_ISR                           
0     00008a12  _DINTCH2_ISR                           
0     00008a1c  _DINTCH3_ISR                           
0     00008a26  _DINTCH4_ISR                           
0     00008a30  _DINTCH5_ISR                           
0     00008a3a  _DINTCH6_ISR                           
0     00008a44  _I2CINT1A_ISR                          
0     00008a4e  _I2CINT2A_ISR                          
0     00008a58  _SCIRXINTC_ISR                         
0     00008a62  _SCITXINTC_ISR                         
0     00008a6c  _SCIRXINTA_ISR                         
0     00008a76  _SCITXINTA_ISR                         
0     00008a80  _SCIRXINTB_ISR                         
0     00008a8a  _SCITXINTB_ISR                         
0     00008a94  _ECAN0INTA_ISR                         
0     00008a9e  _ECAN1INTA_ISR                         
0     00008aa8  _ECAN0INTB_ISR                         
0     00008ab2  _ECAN1INTB_ISR                         
0     00008abc  _XINT3_ISR                             
0     00008ac6  _XINT4_ISR                             
0     00008ad0  _XINT5_ISR                             
0     00008ada  _XINT6_ISR                             
0     00008ae4  _XINT7_ISR                             
0     00008aee  _LVF_ISR                               
0     00008af8  _LUF_ISR                               
0     00008b02  _EMPTY_ISR                             
0     00008b0f  _PIE_RESERVED                          
0     00008b19  _rsvd_ISR                              
0     00008b23  __system_post_cinit                    
0     00008b24  _ICFFT_f32                             
0     00008c9e  _ICFFT_f32t                            
0     00008e18  _RFFT_adc_f32                          
0     00008ea8  _rfft_adc_f32_Stages4andUp             
0     00008f50  _RFFT_f32                              
0     00008f59  _rfft_f32_Stages1and2and3andBitReverse 
0     00008fc5  _rfft_f32_Stages4andUp                 
0     0000906e  _RFFT_f32s_mag                         
0     0000916c  _InitSysCtrl                           
0     00009175  _ServiceDog                            
0     0000917f  _DisableDog                            
0     00009187  _InitPll                               
0     000091d7  _InitPeripheralClocks                  
0     00009232  _CsmUnlock                             
0     00009263  _atan2                                 
0     00009263  _atan2f                                
0     00009335  _atan                                  
0     00009335  _atanf                                 
0     00009400  _RFFT_adc_f32u                         
0     0000949e  _RFFT_f32_mag                          
0     0000953a  FD$$ADD                                
0     000095d6  FD$$DIV                                
0     00009661  FS$$DIV                                
0     000096ea  _RFFT_f32u                             
0     000096f3  _rfft_f32u_Stages1and2and3andBitReverse
0     0000976f  FD$$MPY                                
0     000097f2  _memcpy_fast_far                       
0     00009850  _abs_SP_CV_2                           
0     000098ab  _c_int00                               
0     00009902  _iabs_SP_CV_2                          
0     00009954  _IIR_f32_init                          
0     0000995d  _IIR_f32_calc                          
0     0000999e  _mpy_SP_RMxRM_2                        
0     000099e2  _mac_SP_i16RVxCV                       
0     00009a24  _mac_SP_RVxCV                          
0     00009a64  _mac_SP_CVxCV                          
0     00009a9e  _mean_SP_CV_2                          
0     00009ad6  _FIR_f32_init                          
0     00009ae2  _FIR_f32_calc                          
0     00009b0e  _mpy_SP_RMxRM                          
0     00009b40  _abs_SP_CV                             
0     00009b72  _iabs_SP_CV                            
0     00009b9e  _mpy_SP_RSxRVxRV_2                     
0     00009bca  FD$$CMP                                
0     00009bf4  C$$EXIT                                
0     00009bf4  _abort                                 
0     00009bf6  _exit                                  
0     00009c1d  _InitPieCtrl                           
0     00009c3c  _EnableInterrupts                      
0     00009c46  _RFFT_f32_win                          
0     00009c6b  _copy_in                               
0     00009c8f  _RFFT_f32_phase                        
0     00009cb2  FD$$TOFS                               
0     00009cd6  _mpy_SP_RVxRV_2                        
0     00009cf7  _epwm1_isr                             
0     00009d18  _InitPieVectTable                      
0     00009d38  _RFFT_adc_f32_win                      
0     00009d58  _add_SP_CVxCV                          
0     00009d78  _mpy_SP_CVxCVC                         
0     00009d98  _sub_SP_CVxCV                          
0     00009db8  _add_SP_CSxCV                          
0     00009dd6  _sub_SP_CSxCV                          
0     00009df4  _mpy_SP_CVxCV                          
0     00009e11  _memcpy                                
0     00009e2e  _maxidx_SP_RV_2                        
0     00009e4a  FS$$TOFD                               
0     00009e66  _mpy_SP_RVxCV                          
0     00009e83  _mpy_SP_RSxRV_2                        
0     00009e9a  _mpy_SP_CSxCS                          
0     00009eb1  _rnd_SP_RS                             
0     00009ec7  __args_main                            
0     00009ed9  FD$$SUB                                
0     00009ee7  _main                                  
0     00009ef2  __register_unlock                      
0     00009ef6  __register_lock                        
0     00009efa  __nop                                  
0     00009efb  FD$$NEG                                
0     00009f0c  _memcpy_fast                           
0     00009f13  _memset_fast                           
0     00009f19  __system_pre_init                      
0     00380080  _ADC_cal                               
1     00000400  __stack                                
1     00000700  __STACK_END                            
1     00000880  _DevEmuRegs                            
1     00000a80  _FlashRegs                             
1     00000ae0  _CsmRegs                               
1     00000b00  _AdcMirror                             
1     00000b20  _XintfRegs                             
1     00000c00  _CpuTimer0Regs                         
1     00000c08  _CpuTimer1Regs                         
1     00000c10  _CpuTimer2Regs                         
1     00000ce0  _PieCtrlRegs                           
1     00000d00  _PieVectTable                          
1     00001000  _DmaRegs                               
1     00005000  _McbspaRegs                            
1     00005040  _McbspbRegs                            
1     00006000  _ECanaRegs                             
1     00006040  _ECanaLAMRegs                          
1     00006080  _ECanaMOTSRegs                         
1     000060c0  _ECanaMOTORegs                         
1     00006100  _ECanaMboxes                           
1     00006200  _ECanbRegs                             
1     00006240  _ECanbLAMRegs                          
1     00006280  _ECanbMOTSRegs                         
1     000062c0  _ECanbMOTORegs                         
1     00006300  _ECanbMboxes                           
1     00006800  _EPwm1Regs                             
1     00006840  _EPwm2Regs                             
1     00006880  _EPwm3Regs                             
1     000068c0  _EPwm4Regs                             
1     00006900  _EPwm5Regs                             
1     00006940  _EPwm6Regs                             
1     00006a00  _ECap1Regs                             
1     00006a20  _ECap2Regs                             
1     00006a40  _ECap3Regs                             
1     00006a60  _ECap4Regs                             
1     00006a80  _ECap5Regs                             
1     00006aa0  _ECap6Regs                             
1     00006b00  _EQep1Regs                             
1     00006b40  _EQep2Regs                             
1     00006f80  _GpioCtrlRegs                          
1     00006fc0  _GpioDataRegs                          
1     00006fe0  _GpioIntRegs                           
1     00007010  _SysCtrlRegs                           
1     00007040  _SpiaRegs                              
1     00007050  _SciaRegs                              
1     00007070  _XIntruptRegs                          
1     00007100  _AdcRegs                               
1     00007750  _ScibRegs                              
1     00007770  _ScicRegs                              
1     00007900  _I2caRegs                              
1     0000d000  _PieVectTableInit                      
1     0000d13c  _BL                                    
1     0000d13e  __lock                                 
1     0000d140  _hnd_rfft                              
1     0000d142  _hnd_rfft_adc                          
1     0000d144  _myabs                                 
1     0000d14e  _rfft_adc                              
1     0000d152  _rfft                                  
1     0000d180  _rfft_analyse                          
1     0000d1fc  __unlock                               
1     0000d1ff  _errno                                 
1     0000d228  _hnd_fir                               
1     0000d22a  _fir                                   
1     0000d238  ___TI_enable_exit_profile_output       
1     0000d23a  ___TI_cleanup_ptr                      
1     0000d23c  ___TI_dtors_ptr                        
1     0000d240  _FIR_output                            
1     0000e000  _FFT_output                            
1     0000e800  _FFT_twiddleFactors                    
1     0000f000  _FFT_input                             
1     0000f800  _FFT_magnitude_phase                   
1     0033fff8  _CsmPwl                                
abs   00000000  _RamfuncsLoadSize                      
abs   00000300  __STACK_SIZE                           
abs   ffffffff  .text                                  
abs   ffffffff  ___TI_pprof_out_hndl                   
abs   ffffffff  ___TI_prof_data_size                   
abs   ffffffff  ___TI_prof_data_start                  
abs   ffffffff  ___binit__                             
abs   ffffffff  ___c_args__                            
abs   ffffffff  ___etext__                             
abs   ffffffff  ___pinit__                             
abs   ffffffff  ___text__                              
abs   ffffffff  binit                                  
abs   ffffffff  etext                                  
abs   ffffffff  pinit                                  

[256 symbols]
