<?xml version="1.0" encoding="ISO-8859-1" ?>
<link_info>
   <banner>TMS320C2000 Linker PC v22.6.0.LTS</banner>
   <copyright>Copyright (c) 1996-2018 Texas Instruments Incorporated</copyright>
   <link_time>0x651ac74c</link_time>
   <link_errors>0x0</link_errors>
   <output_file>fft_test.out</output_file>
   <entry_point>
      <name>_c_int00</name>
      <address>0x98ab</address>
   </entry_point>
   <input_file_list>
      <input_file id="fl-2">
         <path>.\APP\EPWM\</path>
         <kind>object</kind>
         <file>epwm.obj</file>
         <name>epwm.obj</name>
      </input_file>
      <input_file id="fl-3">
         <path>.\APP\FFT\</path>
         <kind>object</kind>
         <file>INPUT.obj</file>
         <name>INPUT.obj</name>
      </input_file>
      <input_file id="fl-4">
         <path>.\APP\FFT\</path>
         <kind>object</kind>
         <file>RFFT.obj</file>
         <name>RFFT.obj</name>
      </input_file>
      <input_file id="fl-5">
         <path>.\APP\FFT\</path>
         <kind>object</kind>
         <file>Window.obj</file>
         <name>Window.obj</name>
      </input_file>
      <input_file id="fl-6">
         <path>.\APP\FIR\</path>
         <kind>object</kind>
         <file>FIR.obj</file>
         <name>FIR.obj</name>
      </input_file>
      <input_file id="fl-7">
         <path>.\APP\leds\</path>
         <kind>object</kind>
         <file>leds.obj</file>
         <name>leds.obj</name>
      </input_file>
      <input_file id="fl-8">
         <path>.\DSP2833x_Libraries\</path>
         <kind>object</kind>
         <file>DSP2833x_ADC_cal.obj</file>
         <name>DSP2833x_ADC_cal.obj</name>
      </input_file>
      <input_file id="fl-9">
         <path>.\DSP2833x_Libraries\</path>
         <kind>object</kind>
         <file>DSP2833x_CodeStartBranch.obj</file>
         <name>DSP2833x_CodeStartBranch.obj</name>
      </input_file>
      <input_file id="fl-a">
         <path>.\DSP2833x_Libraries\</path>
         <kind>object</kind>
         <file>DSP2833x_DefaultIsr.obj</file>
         <name>DSP2833x_DefaultIsr.obj</name>
      </input_file>
      <input_file id="fl-b">
         <path>.\DSP2833x_Libraries\</path>
         <kind>object</kind>
         <file>DSP2833x_EPwm.obj</file>
         <name>DSP2833x_EPwm.obj</name>
      </input_file>
      <input_file id="fl-c">
         <path>.\DSP2833x_Libraries\</path>
         <kind>object</kind>
         <file>DSP2833x_GlobalVariableDefs.obj</file>
         <name>DSP2833x_GlobalVariableDefs.obj</name>
      </input_file>
      <input_file id="fl-d">
         <path>.\DSP2833x_Libraries\</path>
         <kind>object</kind>
         <file>DSP2833x_Gpio.obj</file>
         <name>DSP2833x_Gpio.obj</name>
      </input_file>
      <input_file id="fl-e">
         <path>.\DSP2833x_Libraries\</path>
         <kind>object</kind>
         <file>DSP2833x_MemCopy.obj</file>
         <name>DSP2833x_MemCopy.obj</name>
      </input_file>
      <input_file id="fl-f">
         <path>.\DSP2833x_Libraries\</path>
         <kind>object</kind>
         <file>DSP2833x_PieCtrl.obj</file>
         <name>DSP2833x_PieCtrl.obj</name>
      </input_file>
      <input_file id="fl-10">
         <path>.\DSP2833x_Libraries\</path>
         <kind>object</kind>
         <file>DSP2833x_PieVect.obj</file>
         <name>DSP2833x_PieVect.obj</name>
      </input_file>
      <input_file id="fl-11">
         <path>.\DSP2833x_Libraries\</path>
         <kind>object</kind>
         <file>DSP2833x_SysCtrl.obj</file>
         <name>DSP2833x_SysCtrl.obj</name>
      </input_file>
      <input_file id="fl-12">
         <path>.\DSP2833x_Libraries\</path>
         <kind>object</kind>
         <file>DSP2833x_usDelay.obj</file>
         <name>DSP2833x_usDelay.obj</name>
      </input_file>
      <input_file id="fl-13">
         <path>.\FPU\source\fft\</path>
         <kind>object</kind>
         <file>ICFFT_f32.obj</file>
         <name>ICFFT_f32.obj</name>
      </input_file>
      <input_file id="fl-14">
         <path>.\FPU\source\fft\</path>
         <kind>object</kind>
         <file>ICFFT_f32t.obj</file>
         <name>ICFFT_f32t.obj</name>
      </input_file>
      <input_file id="fl-15">
         <path>.\FPU\source\fft\</path>
         <kind>object</kind>
         <file>RFFT_adc_f32.obj</file>
         <name>RFFT_adc_f32.obj</name>
      </input_file>
      <input_file id="fl-16">
         <path>.\FPU\source\fft\</path>
         <kind>object</kind>
         <file>RFFT_adc_f32u.obj</file>
         <name>RFFT_adc_f32u.obj</name>
      </input_file>
      <input_file id="fl-17">
         <path>.\FPU\source\fft\</path>
         <kind>object</kind>
         <file>RFFT_f32.obj</file>
         <name>RFFT_f32.obj</name>
      </input_file>
      <input_file id="fl-18">
         <path>.\FPU\source\fft\</path>
         <kind>object</kind>
         <file>RFFT_f32_adc_win.obj</file>
         <name>RFFT_f32_adc_win.obj</name>
      </input_file>
      <input_file id="fl-19">
         <path>.\FPU\source\fft\</path>
         <kind>object</kind>
         <file>RFFT_f32_mag.obj</file>
         <name>RFFT_f32_mag.obj</name>
      </input_file>
      <input_file id="fl-1a">
         <path>.\FPU\source\fft\</path>
         <kind>object</kind>
         <file>RFFT_f32_phase.obj</file>
         <name>RFFT_f32_phase.obj</name>
      </input_file>
      <input_file id="fl-1b">
         <path>.\FPU\source\fft\</path>
         <kind>object</kind>
         <file>RFFT_f32_sincostable.obj</file>
         <name>RFFT_f32_sincostable.obj</name>
      </input_file>
      <input_file id="fl-1c">
         <path>.\FPU\source\fft\</path>
         <kind>object</kind>
         <file>RFFT_f32_win.obj</file>
         <name>RFFT_f32_win.obj</name>
      </input_file>
      <input_file id="fl-1d">
         <path>.\FPU\source\fft\</path>
         <kind>object</kind>
         <file>RFFT_f32s_mag.obj</file>
         <name>RFFT_f32s_mag.obj</name>
      </input_file>
      <input_file id="fl-1e">
         <path>.\FPU\source\fft\</path>
         <kind>object</kind>
         <file>RFFT_f32u.obj</file>
         <name>RFFT_f32u.obj</name>
      </input_file>
      <input_file id="fl-1f">
         <path>.\FPU\source\filter\</path>
         <kind>object</kind>
         <file>FIR_f32.obj</file>
         <name>FIR_f32.obj</name>
      </input_file>
      <input_file id="fl-20">
         <path>.\FPU\source\filter\</path>
         <kind>object</kind>
         <file>iir_f32.obj</file>
         <name>iir_f32.obj</name>
      </input_file>
      <input_file id="fl-21">
         <path>.\FPU\source\utility\</path>
         <kind>object</kind>
         <file>memcpy_fast.obj</file>
         <name>memcpy_fast.obj</name>
      </input_file>
      <input_file id="fl-22">
         <path>.\FPU\source\utility\</path>
         <kind>object</kind>
         <file>memcpy_fast_far.obj</file>
         <name>memcpy_fast_far.obj</name>
      </input_file>
      <input_file id="fl-23">
         <path>.\FPU\source\utility\</path>
         <kind>object</kind>
         <file>memset_fast.obj</file>
         <name>memset_fast.obj</name>
      </input_file>
      <input_file id="fl-24">
         <path>.\FPU\source\vector\</path>
         <kind>object</kind>
         <file>abs_SP_CV.obj</file>
         <name>abs_SP_CV.obj</name>
      </input_file>
      <input_file id="fl-25">
         <path>.\FPU\source\vector\</path>
         <kind>object</kind>
         <file>abs_SP_CV_2.obj</file>
         <name>abs_SP_CV_2.obj</name>
      </input_file>
      <input_file id="fl-26">
         <path>.\FPU\source\vector\</path>
         <kind>object</kind>
         <file>add_SP_CSxCV.obj</file>
         <name>add_SP_CSxCV.obj</name>
      </input_file>
      <input_file id="fl-27">
         <path>.\FPU\source\vector\</path>
         <kind>object</kind>
         <file>add_SP_CVxCV.obj</file>
         <name>add_SP_CVxCV.obj</name>
      </input_file>
      <input_file id="fl-28">
         <path>.\FPU\source\vector\</path>
         <kind>object</kind>
         <file>iabs_SP_CV.obj</file>
         <name>iabs_SP_CV.obj</name>
      </input_file>
      <input_file id="fl-29">
         <path>.\FPU\source\vector\</path>
         <kind>object</kind>
         <file>iabs_SP_CV_2.obj</file>
         <name>iabs_SP_CV_2.obj</name>
      </input_file>
      <input_file id="fl-2a">
         <path>.\FPU\source\vector\</path>
         <kind>object</kind>
         <file>mac_SP_CVxCV.obj</file>
         <name>mac_SP_CVxCV.obj</name>
      </input_file>
      <input_file id="fl-2b">
         <path>.\FPU\source\vector\</path>
         <kind>object</kind>
         <file>mac_SP_RVxCV.obj</file>
         <name>mac_SP_RVxCV.obj</name>
      </input_file>
      <input_file id="fl-2c">
         <path>.\FPU\source\vector\</path>
         <kind>object</kind>
         <file>mac_SP_i16RVxCV.obj</file>
         <name>mac_SP_i16RVxCV.obj</name>
      </input_file>
      <input_file id="fl-2d">
         <path>.\FPU\source\vector\</path>
         <kind>object</kind>
         <file>maxidx_SP_RV_2.obj</file>
         <name>maxidx_SP_RV_2.obj</name>
      </input_file>
      <input_file id="fl-2e">
         <path>.\FPU\source\vector\</path>
         <kind>object</kind>
         <file>mean_SP_CV_2.obj</file>
         <name>mean_SP_CV_2.obj</name>
      </input_file>
      <input_file id="fl-2f">
         <path>.\FPU\source\vector\</path>
         <kind>object</kind>
         <file>median_SP_RV.obj</file>
         <name>median_SP_RV.obj</name>
      </input_file>
      <input_file id="fl-30">
         <path>.\FPU\source\vector\</path>
         <kind>object</kind>
         <file>median_noreorder_SP_RV.obj</file>
         <name>median_noreorder_SP_RV.obj</name>
      </input_file>
      <input_file id="fl-31">
         <path>.\FPU\source\vector\</path>
         <kind>object</kind>
         <file>mpy_SP_CSxCS.obj</file>
         <name>mpy_SP_CSxCS.obj</name>
      </input_file>
      <input_file id="fl-32">
         <path>.\FPU\source\vector\</path>
         <kind>object</kind>
         <file>mpy_SP_CVxCV.obj</file>
         <name>mpy_SP_CVxCV.obj</name>
      </input_file>
      <input_file id="fl-33">
         <path>.\FPU\source\vector\</path>
         <kind>object</kind>
         <file>mpy_SP_CVxCVC.obj</file>
         <name>mpy_SP_CVxCVC.obj</name>
      </input_file>
      <input_file id="fl-34">
         <path>.\FPU\source\vector\</path>
         <kind>object</kind>
         <file>mpy_SP_RMxRM.obj</file>
         <name>mpy_SP_RMxRM.obj</name>
      </input_file>
      <input_file id="fl-35">
         <path>.\FPU\source\vector\</path>
         <kind>object</kind>
         <file>mpy_SP_RMxRM_2.obj</file>
         <name>mpy_SP_RMxRM_2.obj</name>
      </input_file>
      <input_file id="fl-36">
         <path>.\FPU\source\vector\</path>
         <kind>object</kind>
         <file>mpy_SP_RSxRV_2.obj</file>
         <name>mpy_SP_RSxRV_2.obj</name>
      </input_file>
      <input_file id="fl-37">
         <path>.\FPU\source\vector\</path>
         <kind>object</kind>
         <file>mpy_SP_RSxRVxRV_2.obj</file>
         <name>mpy_SP_RSxRVxRV_2.obj</name>
      </input_file>
      <input_file id="fl-38">
         <path>.\FPU\source\vector\</path>
         <kind>object</kind>
         <file>mpy_SP_RVxCV.obj</file>
         <name>mpy_SP_RVxCV.obj</name>
      </input_file>
      <input_file id="fl-39">
         <path>.\FPU\source\vector\</path>
         <kind>object</kind>
         <file>mpy_SP_RVxRV_2.obj</file>
         <name>mpy_SP_RVxRV_2.obj</name>
      </input_file>
      <input_file id="fl-3a">
         <path>.\FPU\source\vector\</path>
         <kind>object</kind>
         <file>qsort_SP_RV.obj</file>
         <name>qsort_SP_RV.obj</name>
      </input_file>
      <input_file id="fl-3b">
         <path>.\FPU\source\vector\</path>
         <kind>object</kind>
         <file>rnd_SP_RS.obj</file>
         <name>rnd_SP_RS.obj</name>
      </input_file>
      <input_file id="fl-3c">
         <path>.\FPU\source\vector\</path>
         <kind>object</kind>
         <file>sub_SP_CSxCV.obj</file>
         <name>sub_SP_CSxCV.obj</name>
      </input_file>
      <input_file id="fl-3d">
         <path>.\FPU\source\vector\</path>
         <kind>object</kind>
         <file>sub_SP_CVxCV.obj</file>
         <name>sub_SP_CVxCV.obj</name>
      </input_file>
      <input_file id="fl-3e">
         <path>.\User\</path>
         <kind>object</kind>
         <file>main.obj</file>
         <name>main.obj</name>
      </input_file>
      <input_file id="fl-3f">
         <path>.\bsp\</path>
         <kind>object</kind>
         <file>golden.obj</file>
         <name>golden.obj</name>
      </input_file>
      <input_file id="fl-45">
         <kind>object</kind>
         <file>&lt;internal&gt;</file>
         <name>&lt;internal&gt;</name>
      </input_file>
      <input_file id="fl-51">
         <path>C:\ti\ccs1240\ccs\tools\compiler\ti-cgt-c2000_22.6.0.LTS\lib\</path>
         <kind>archive</kind>
         <file>rts2800_fpu32.lib</file>
         <name>s_cargf.c.obj</name>
      </input_file>
      <input_file id="fl-52">
         <path>C:\ti\ccs1240\ccs\tools\compiler\ti-cgt-c2000_22.6.0.LTS\lib\</path>
         <kind>archive</kind>
         <file>rts2800_fpu32.lib</file>
         <name>s_cexpf.c.obj</name>
      </input_file>
      <input_file id="fl-53">
         <path>C:\ti\ccs1240\ccs\tools\compiler\ti-cgt-c2000_22.6.0.LTS\lib\</path>
         <kind>archive</kind>
         <file>rts2800_fpu32.lib</file>
         <name>c99_complex.c.obj</name>
      </input_file>
      <input_file id="fl-54">
         <path>C:\ti\ccs1240\ccs\tools\compiler\ti-cgt-c2000_22.6.0.LTS\lib\</path>
         <kind>archive</kind>
         <file>rts2800_fpu32.lib</file>
         <name>e_atan2f.c.obj</name>
      </input_file>
      <input_file id="fl-55">
         <path>C:\ti\ccs1240\ccs\tools\compiler\ti-cgt-c2000_22.6.0.LTS\lib\</path>
         <kind>archive</kind>
         <file>rts2800_fpu32.lib</file>
         <name>e_expf.c.obj</name>
      </input_file>
      <input_file id="fl-56">
         <path>C:\ti\ccs1240\ccs\tools\compiler\ti-cgt-c2000_22.6.0.LTS\lib\</path>
         <kind>archive</kind>
         <file>rts2800_fpu32.lib</file>
         <name>s_atanf.c.obj</name>
      </input_file>
      <input_file id="fl-57">
         <path>C:\ti\ccs1240\ccs\tools\compiler\ti-cgt-c2000_22.6.0.LTS\lib\</path>
         <kind>archive</kind>
         <file>rts2800_fpu32.lib</file>
         <name>s_cosf.c.obj</name>
      </input_file>
      <input_file id="fl-58">
         <path>C:\ti\ccs1240\ccs\tools\compiler\ti-cgt-c2000_22.6.0.LTS\lib\</path>
         <kind>archive</kind>
         <file>rts2800_fpu32.lib</file>
         <name>s_sinf.c.obj</name>
      </input_file>
      <input_file id="fl-59">
         <path>C:\ti\ccs1240\ccs\tools\compiler\ti-cgt-c2000_22.6.0.LTS\lib\</path>
         <kind>archive</kind>
         <file>rts2800_fpu32.lib</file>
         <name>boot28.asm.obj</name>
      </input_file>
      <input_file id="fl-5a">
         <path>C:\ti\ccs1240\ccs\tools\compiler\ti-cgt-c2000_22.6.0.LTS\lib\</path>
         <kind>archive</kind>
         <file>rts2800_fpu32.lib</file>
         <name>fd_add28.asm.obj</name>
      </input_file>
      <input_file id="fl-5b">
         <path>C:\ti\ccs1240\ccs\tools\compiler\ti-cgt-c2000_22.6.0.LTS\lib\</path>
         <kind>archive</kind>
         <file>rts2800_fpu32.lib</file>
         <name>fd_cmp28.asm.obj</name>
      </input_file>
      <input_file id="fl-5c">
         <path>C:\ti\ccs1240\ccs\tools\compiler\ti-cgt-c2000_22.6.0.LTS\lib\</path>
         <kind>archive</kind>
         <file>rts2800_fpu32.lib</file>
         <name>fd_mpy28.asm.obj</name>
      </input_file>
      <input_file id="fl-5d">
         <path>C:\ti\ccs1240\ccs\tools\compiler\ti-cgt-c2000_22.6.0.LTS\lib\</path>
         <kind>archive</kind>
         <file>rts2800_fpu32.lib</file>
         <name>fd_neg28.asm.obj</name>
      </input_file>
      <input_file id="fl-5e">
         <path>C:\ti\ccs1240\ccs\tools\compiler\ti-cgt-c2000_22.6.0.LTS\lib\</path>
         <kind>archive</kind>
         <file>rts2800_fpu32.lib</file>
         <name>fd_sub28.asm.obj</name>
      </input_file>
      <input_file id="fl-5f">
         <path>C:\ti\ccs1240\ccs\tools\compiler\ti-cgt-c2000_22.6.0.LTS\lib\</path>
         <kind>archive</kind>
         <file>rts2800_fpu32.lib</file>
         <name>fs_div28.asm.obj</name>
      </input_file>
      <input_file id="fl-60">
         <path>C:\ti\ccs1240\ccs\tools\compiler\ti-cgt-c2000_22.6.0.LTS\lib\</path>
         <kind>archive</kind>
         <file>rts2800_fpu32.lib</file>
         <name>fs_tofdfpu32.asm.obj</name>
      </input_file>
      <input_file id="fl-61">
         <path>C:\ti\ccs1240\ccs\tools\compiler\ti-cgt-c2000_22.6.0.LTS\lib\</path>
         <kind>archive</kind>
         <file>rts2800_fpu32.lib</file>
         <name>fd_tofsfpu32.asm.obj</name>
      </input_file>
      <input_file id="fl-62">
         <path>C:\ti\ccs1240\ccs\tools\compiler\ti-cgt-c2000_22.6.0.LTS\lib\</path>
         <kind>archive</kind>
         <file>rts2800_fpu32.lib</file>
         <name>fd_div28.asm.obj</name>
      </input_file>
      <input_file id="fl-63">
         <path>C:\ti\ccs1240\ccs\tools\compiler\ti-cgt-c2000_22.6.0.LTS\lib\</path>
         <kind>archive</kind>
         <file>rts2800_fpu32.lib</file>
         <name>cpy_tbl.c.obj</name>
      </input_file>
      <input_file id="fl-64">
         <path>C:\ti\ccs1240\ccs\tools\compiler\ti-cgt-c2000_22.6.0.LTS\lib\</path>
         <kind>archive</kind>
         <file>rts2800_fpu32.lib</file>
         <name>memcpy.c.obj</name>
      </input_file>
      <input_file id="fl-65">
         <path>C:\ti\ccs1240\ccs\tools\compiler\ti-cgt-c2000_22.6.0.LTS\lib\</path>
         <kind>archive</kind>
         <file>rts2800_fpu32.lib</file>
         <name>pre_init.c.obj</name>
      </input_file>
      <input_file id="fl-66">
         <path>C:\ti\ccs1240\ccs\tools\compiler\ti-cgt-c2000_22.6.0.LTS\lib\</path>
         <kind>archive</kind>
         <file>rts2800_fpu32.lib</file>
         <name>startup.c.obj</name>
      </input_file>
      <input_file id="fl-67">
         <path>C:\ti\ccs1240\ccs\tools\compiler\ti-cgt-c2000_22.6.0.LTS\lib\</path>
         <kind>archive</kind>
         <file>rts2800_fpu32.lib</file>
         <name>exit.c.obj</name>
      </input_file>
      <input_file id="fl-68">
         <path>C:\ti\ccs1240\ccs\tools\compiler\ti-cgt-c2000_22.6.0.LTS\lib\</path>
         <kind>archive</kind>
         <file>rts2800_fpu32.lib</file>
         <name>_lock.c.obj</name>
      </input_file>
      <input_file id="fl-69">
         <path>C:\ti\ccs1240\ccs\tools\compiler\ti-cgt-c2000_22.6.0.LTS\lib\</path>
         <kind>archive</kind>
         <file>rts2800_fpu32.lib</file>
         <name>args_main.c.obj</name>
      </input_file>
      <input_file id="fl-6a">
         <path>C:\ti\ccs1240\ccs\tools\compiler\ti-cgt-c2000_22.6.0.LTS\lib\</path>
         <kind>archive</kind>
         <file>rts2800_fpu32.lib</file>
         <name>errno.c.obj</name>
      </input_file>
      <input_file id="fl-6b">
         <path>C:\ti\ccs1240\ccs\tools\compiler\ti-cgt-c2000_22.6.0.LTS\lib\</path>
         <kind>archive</kind>
         <file>rts2800_fpu32.lib</file>
         <name>k_expf.c.obj</name>
      </input_file>
   </input_file_list>
   <object_component_list>
      <object_component id="oc-7c">
         <name>codestart</name>
         <load_address>0x0</load_address>
         <run_address>0x0</run_address>
         <size>0x2</size>
         <input_file_ref idref="fl-9"/>
      </object_component>
      <object_component id="oc-82">
         <name>.text:retain</name>
         <load_address>0x8800</load_address>
         <run_address>0x8800</run_address>
         <size>0x323</size>
         <input_file_ref idref="fl-a"/>
      </object_component>
      <object_component id="oc-24c">
         <name>.text</name>
         <load_address>0x8b23</load_address>
         <run_address>0x8b23</run_address>
         <size>0x1</size>
         <input_file_ref idref="fl-66"/>
      </object_component>
      <object_component id="oc-dd">
         <name>.text</name>
         <load_address>0x8b24</load_address>
         <run_address>0x8b24</run_address>
         <size>0x179</size>
         <input_file_ref idref="fl-13"/>
      </object_component>
      <object_component id="oc-e3">
         <name>.text</name>
         <load_address>0x8c9e</load_address>
         <run_address>0x8c9e</run_address>
         <size>0x179</size>
         <input_file_ref idref="fl-14"/>
      </object_component>
      <object_component id="oc-e9">
         <name>.text</name>
         <load_address>0x8e18</load_address>
         <run_address>0x8e18</run_address>
         <size>0x138</size>
         <input_file_ref idref="fl-15"/>
      </object_component>
      <object_component id="oc-f3">
         <name>.text</name>
         <load_address>0x8f50</load_address>
         <run_address>0x8f50</run_address>
         <size>0x11d</size>
         <input_file_ref idref="fl-17"/>
      </object_component>
      <object_component id="oc-111">
         <name>.text</name>
         <load_address>0x906e</load_address>
         <run_address>0x906e</run_address>
         <size>0xfe</size>
         <input_file_ref idref="fl-1d"/>
      </object_component>
      <object_component id="oc-255">
         <name>.text</name>
         <load_address>0x916c</load_address>
         <run_address>0x916c</run_address>
         <size>0xf7</size>
         <input_file_ref idref="fl-11"/>
      </object_component>
      <object_component id="oc-24f">
         <name>.text</name>
         <load_address>0x9263</load_address>
         <run_address>0x9263</run_address>
         <size>0xd2</size>
         <input_file_ref idref="fl-54"/>
      </object_component>
      <object_component id="oc-254">
         <name>.text</name>
         <load_address>0x9335</load_address>
         <run_address>0x9335</run_address>
         <size>0xca</size>
         <input_file_ref idref="fl-56"/>
      </object_component>
      <object_component id="oc-ee">
         <name>.text</name>
         <load_address>0x9400</load_address>
         <run_address>0x9400</run_address>
         <size>0x9e</size>
         <input_file_ref idref="fl-16"/>
      </object_component>
      <object_component id="oc-fd">
         <name>.text</name>
         <load_address>0x949e</load_address>
         <run_address>0x949e</run_address>
         <size>0x9c</size>
         <input_file_ref idref="fl-19"/>
      </object_component>
      <object_component id="oc-1ee">
         <name>.text</name>
         <load_address>0x953a</load_address>
         <run_address>0x953a</run_address>
         <size>0x9c</size>
         <input_file_ref idref="fl-5a"/>
      </object_component>
      <object_component id="oc-216">
         <name>.text</name>
         <load_address>0x95d6</load_address>
         <run_address>0x95d6</run_address>
         <size>0x8b</size>
         <input_file_ref idref="fl-62"/>
      </object_component>
      <object_component id="oc-207">
         <name>.text</name>
         <load_address>0x9661</load_address>
         <run_address>0x9661</run_address>
         <size>0x88</size>
         <input_file_ref idref="fl-5f"/>
      </object_component>
      <object_component id="oc-116">
         <name>.text</name>
         <load_address>0x96ea</load_address>
         <run_address>0x96ea</run_address>
         <size>0x85</size>
         <input_file_ref idref="fl-1e"/>
      </object_component>
      <object_component id="oc-1f8">
         <name>.text</name>
         <load_address>0x976f</load_address>
         <run_address>0x976f</run_address>
         <size>0x83</size>
         <input_file_ref idref="fl-5c"/>
      </object_component>
      <object_component id="oc-12a">
         <name>.text</name>
         <load_address>0x97f2</load_address>
         <run_address>0x97f2</run_address>
         <size>0x5d</size>
         <input_file_ref idref="fl-22"/>
      </object_component>
      <object_component id="oc-139">
         <name>.text</name>
         <load_address>0x9850</load_address>
         <run_address>0x9850</run_address>
         <size>0x5b</size>
         <input_file_ref idref="fl-25"/>
      </object_component>
      <object_component id="oc-4e">
         <name>.text</name>
         <load_address>0x98ab</load_address>
         <run_address>0x98ab</run_address>
         <size>0x56</size>
         <input_file_ref idref="fl-59"/>
      </object_component>
      <object_component id="oc-14d">
         <name>.text</name>
         <load_address>0x9902</load_address>
         <run_address>0x9902</run_address>
         <size>0x51</size>
         <input_file_ref idref="fl-29"/>
      </object_component>
      <object_component id="oc-120">
         <name>.text</name>
         <load_address>0x9954</load_address>
         <run_address>0x9954</run_address>
         <size>0x4a</size>
         <input_file_ref idref="fl-20"/>
      </object_component>
      <object_component id="oc-189">
         <name>.text</name>
         <load_address>0x999e</load_address>
         <run_address>0x999e</run_address>
         <size>0x43</size>
         <input_file_ref idref="fl-35"/>
      </object_component>
      <object_component id="oc-15c">
         <name>.text</name>
         <load_address>0x99e2</load_address>
         <run_address>0x99e2</run_address>
         <size>0x42</size>
         <input_file_ref idref="fl-2c"/>
      </object_component>
      <object_component id="oc-157">
         <name>.text</name>
         <load_address>0x9a24</load_address>
         <run_address>0x9a24</run_address>
         <size>0x3f</size>
         <input_file_ref idref="fl-2b"/>
      </object_component>
      <object_component id="oc-152">
         <name>.text</name>
         <load_address>0x9a64</load_address>
         <run_address>0x9a64</run_address>
         <size>0x39</size>
         <input_file_ref idref="fl-2a"/>
      </object_component>
      <object_component id="oc-166">
         <name>.text</name>
         <load_address>0x9a9e</load_address>
         <run_address>0x9a9e</run_address>
         <size>0x38</size>
         <input_file_ref idref="fl-2e"/>
      </object_component>
      <object_component id="oc-11b">
         <name>.text</name>
         <load_address>0x9ad6</load_address>
         <run_address>0x9ad6</run_address>
         <size>0x37</size>
         <input_file_ref idref="fl-1f"/>
      </object_component>
      <object_component id="oc-184">
         <name>.text</name>
         <load_address>0x9b0e</load_address>
         <run_address>0x9b0e</run_address>
         <size>0x32</size>
         <input_file_ref idref="fl-34"/>
      </object_component>
      <object_component id="oc-134">
         <name>.text</name>
         <load_address>0x9b40</load_address>
         <run_address>0x9b40</run_address>
         <size>0x31</size>
         <input_file_ref idref="fl-24"/>
      </object_component>
      <object_component id="oc-148">
         <name>.text</name>
         <load_address>0x9b72</load_address>
         <run_address>0x9b72</run_address>
         <size>0x2c</size>
         <input_file_ref idref="fl-28"/>
      </object_component>
      <object_component id="oc-193">
         <name>.text</name>
         <load_address>0x9b9e</load_address>
         <run_address>0x9b9e</run_address>
         <size>0x2c</size>
         <input_file_ref idref="fl-37"/>
      </object_component>
      <object_component id="oc-1f3">
         <name>.text</name>
         <load_address>0x9bca</load_address>
         <run_address>0x9bca</run_address>
         <size>0x2a</size>
         <input_file_ref idref="fl-5b"/>
      </object_component>
      <object_component id="oc-24e">
         <name>.text</name>
         <load_address>0x9bf4</load_address>
         <run_address>0x9bf4</run_address>
         <size>0x29</size>
         <input_file_ref idref="fl-67"/>
      </object_component>
      <object_component id="oc-256">
         <name>.text</name>
         <load_address>0x9c1d</load_address>
         <run_address>0x9c1d</run_address>
         <size>0x28</size>
         <input_file_ref idref="fl-f"/>
      </object_component>
      <object_component id="oc-10c">
         <name>.text</name>
         <load_address>0x9c46</load_address>
         <run_address>0x9c46</run_address>
         <size>0x25</size>
         <input_file_ref idref="fl-1c"/>
      </object_component>
      <object_component id="oc-24b">
         <name>.text</name>
         <load_address>0x9c6b</load_address>
         <run_address>0x9c6b</run_address>
         <size>0x24</size>
         <input_file_ref idref="fl-63"/>
      </object_component>
      <object_component id="oc-102">
         <name>.text</name>
         <load_address>0x9c8f</load_address>
         <run_address>0x9c8f</run_address>
         <size>0x23</size>
         <input_file_ref idref="fl-1a"/>
      </object_component>
      <object_component id="oc-211">
         <name>.text</name>
         <load_address>0x9cb2</load_address>
         <run_address>0x9cb2</run_address>
         <size>0x23</size>
         <input_file_ref idref="fl-61"/>
      </object_component>
      <object_component id="oc-19d">
         <name>.text</name>
         <load_address>0x9cd6</load_address>
         <run_address>0x9cd6</run_address>
         <size>0x21</size>
         <input_file_ref idref="fl-39"/>
      </object_component>
      <object_component id="oc-52">
         <name>.text:retain</name>
         <load_address>0x9cf7</load_address>
         <run_address>0x9cf7</run_address>
         <size>0x21</size>
         <input_file_ref idref="fl-2"/>
      </object_component>
      <object_component id="oc-257">
         <name>.text</name>
         <load_address>0x9d18</load_address>
         <run_address>0x9d18</run_address>
         <size>0x20</size>
         <input_file_ref idref="fl-10"/>
      </object_component>
      <object_component id="oc-f8">
         <name>.text</name>
         <load_address>0x9d38</load_address>
         <run_address>0x9d38</run_address>
         <size>0x1f</size>
         <input_file_ref idref="fl-18"/>
      </object_component>
      <object_component id="oc-143">
         <name>.text</name>
         <load_address>0x9d58</load_address>
         <run_address>0x9d58</run_address>
         <size>0x1f</size>
         <input_file_ref idref="fl-27"/>
      </object_component>
      <object_component id="oc-17f">
         <name>.text</name>
         <load_address>0x9d78</load_address>
         <run_address>0x9d78</run_address>
         <size>0x1f</size>
         <input_file_ref idref="fl-33"/>
      </object_component>
      <object_component id="oc-1b1">
         <name>.text</name>
         <load_address>0x9d98</load_address>
         <run_address>0x9d98</run_address>
         <size>0x1f</size>
         <input_file_ref idref="fl-3d"/>
      </object_component>
      <object_component id="oc-13e">
         <name>.text</name>
         <load_address>0x9db8</load_address>
         <run_address>0x9db8</run_address>
         <size>0x1e</size>
         <input_file_ref idref="fl-26"/>
      </object_component>
      <object_component id="oc-1ac">
         <name>.text</name>
         <load_address>0x9dd6</load_address>
         <run_address>0x9dd6</run_address>
         <size>0x1e</size>
         <input_file_ref idref="fl-3c"/>
      </object_component>
      <object_component id="oc-17a">
         <name>.text</name>
         <load_address>0x9df4</load_address>
         <run_address>0x9df4</run_address>
         <size>0x1d</size>
         <input_file_ref idref="fl-32"/>
      </object_component>
      <object_component id="oc-250">
         <name>.text</name>
         <load_address>0x9e11</load_address>
         <run_address>0x9e11</run_address>
         <size>0x1d</size>
         <input_file_ref idref="fl-64"/>
      </object_component>
      <object_component id="oc-161">
         <name>.text</name>
         <load_address>0x9e2e</load_address>
         <run_address>0x9e2e</run_address>
         <size>0x1c</size>
         <input_file_ref idref="fl-2d"/>
      </object_component>
      <object_component id="oc-20c">
         <name>.text</name>
         <load_address>0x9e4a</load_address>
         <run_address>0x9e4a</run_address>
         <size>0x1c</size>
         <input_file_ref idref="fl-60"/>
      </object_component>
      <object_component id="oc-198">
         <name>.text</name>
         <load_address>0x9e66</load_address>
         <run_address>0x9e66</run_address>
         <size>0x1b</size>
         <input_file_ref idref="fl-38"/>
      </object_component>
      <object_component id="oc-18e">
         <name>.text</name>
         <load_address>0x9e82</load_address>
         <run_address>0x9e82</run_address>
         <size>0x18</size>
         <input_file_ref idref="fl-36"/>
      </object_component>
      <object_component id="oc-175">
         <name>.text</name>
         <load_address>0x9e9a</load_address>
         <run_address>0x9e9a</run_address>
         <size>0x17</size>
         <input_file_ref idref="fl-31"/>
      </object_component>
      <object_component id="oc-1a7">
         <name>.text</name>
         <load_address>0x9eb1</load_address>
         <run_address>0x9eb1</run_address>
         <size>0x16</size>
         <input_file_ref idref="fl-3b"/>
      </object_component>
      <object_component id="oc-24d">
         <name>.text</name>
         <load_address>0x9ec7</load_address>
         <run_address>0x9ec7</run_address>
         <size>0x12</size>
         <input_file_ref idref="fl-69"/>
      </object_component>
      <object_component id="oc-202">
         <name>.text</name>
         <load_address>0x9ed9</load_address>
         <run_address>0x9ed9</run_address>
         <size>0xe</size>
         <input_file_ref idref="fl-5e"/>
      </object_component>
      <object_component id="oc-251">
         <name>.text</name>
         <load_address>0x9ee7</load_address>
         <run_address>0x9ee7</run_address>
         <size>0xb</size>
         <input_file_ref idref="fl-3e"/>
      </object_component>
      <object_component id="oc-258">
         <name>.text</name>
         <load_address>0x9ef2</load_address>
         <run_address>0x9ef2</run_address>
         <size>0x9</size>
         <input_file_ref idref="fl-68"/>
      </object_component>
      <object_component id="oc-1fd">
         <name>.text</name>
         <load_address>0x9efb</load_address>
         <run_address>0x9efb</run_address>
         <size>0x9</size>
         <input_file_ref idref="fl-5d"/>
      </object_component>
      <object_component id="oc-7b">
         <name>.text</name>
         <load_address>0x9f04</load_address>
         <run_address>0x9f04</run_address>
         <size>0x8</size>
         <input_file_ref idref="fl-9"/>
      </object_component>
      <object_component id="oc-125">
         <name>.text</name>
         <load_address>0x9f0c</load_address>
         <run_address>0x9f0c</run_address>
         <size>0x7</size>
         <input_file_ref idref="fl-21"/>
      </object_component>
      <object_component id="oc-12f">
         <name>.text</name>
         <load_address>0x9f13</load_address>
         <run_address>0x9f13</run_address>
         <size>0x6</size>
         <input_file_ref idref="fl-23"/>
      </object_component>
      <object_component id="oc-24a">
         <name>.text</name>
         <load_address>0x9f19</load_address>
         <run_address>0x9f19</run_address>
         <size>0x2</size>
         <input_file_ref idref="fl-65"/>
      </object_component>
      <object_component id="oc-58">
         <name>.cinit</name>
         <load_address>0x8000</load_address>
         <run_address>0x8000</run_address>
         <size>0x403</size>
         <input_file_ref idref="fl-3"/>
      </object_component>
      <object_component id="oc-5c">
         <name>.cinit</name>
         <load_address>0x8403</load_address>
         <run_address>0x8403</run_address>
         <size>0x18</size>
         <input_file_ref idref="fl-4"/>
      </object_component>
      <object_component id="oc-230">
         <name>.cinit</name>
         <load_address>0x841b</load_address>
         <run_address>0x841b</run_address>
         <size>0xe</size>
         <input_file_ref idref="fl-67"/>
      </object_component>
      <object_component id="oc-68">
         <name>.cinit</name>
         <load_address>0x8429</load_address>
         <run_address>0x8429</run_address>
         <size>0x5</size>
         <input_file_ref idref="fl-6"/>
      </object_component>
      <object_component id="oc-253">
         <name>.cinit:__lock</name>
         <load_address>0x842e</load_address>
         <run_address>0x842e</run_address>
         <size>0x5</size>
         <input_file_ref idref="fl-68"/>
      </object_component>
      <object_component id="oc-259">
         <name>.cinit:__unlock</name>
         <load_address>0x8433</load_address>
         <run_address>0x8433</run_address>
         <size>0x5</size>
         <input_file_ref idref="fl-68"/>
      </object_component>
      <object_component id="oc-50">
         <name>.cinit</name>
         <load_address>0x8438</load_address>
         <run_address>0x8438</run_address>
         <size>0x4</size>
         <input_file_ref idref="fl-2"/>
      </object_component>
      <object_component id="oc-241">
         <name>.cinit</name>
         <load_address>0x843c</load_address>
         <run_address>0x843c</run_address>
         <size>0x4</size>
         <input_file_ref idref="fl-6a"/>
      </object_component>
      <object_component id="oc-1e8">
         <name>.stack</name>
         <uninitialized>true</uninitialized>
         <run_address>0x400</run_address>
         <size>0x0</size>
         <input_file_ref idref="fl-59"/>
      </object_component>
      <object_component id="oc-2bb">
         <name>.stack</name>
         <uninitialized>true</uninitialized>
         <run_address>0x400</run_address>
         <size>0x0</size>
      </object_component>
      <object_component id="oc-51">
         <name>.ebss</name>
         <uninitialized>true</uninitialized>
         <run_address>0xd1fe</run_address>
         <size>0x1</size>
         <input_file_ref idref="fl-2"/>
      </object_component>
      <object_component id="oc-5d">
         <name>.ebss</name>
         <uninitialized>true</uninitialized>
         <run_address>0xd140</run_address>
         <size>0xbc</size>
         <input_file_ref idref="fl-4"/>
      </object_component>
      <object_component id="oc-6a">
         <name>.ebss</name>
         <uninitialized>true</uninitialized>
         <run_address>0xd228</run_address>
         <size>0x10</size>
         <input_file_ref idref="fl-6"/>
      </object_component>
      <object_component id="oc-de">
         <name>.ebss</name>
         <uninitialized>true</uninitialized>
         <run_address>0xd200</run_address>
         <size>0x14</size>
         <input_file_ref idref="fl-13"/>
      </object_component>
      <object_component id="oc-e4">
         <name>.ebss</name>
         <uninitialized>true</uninitialized>
         <run_address>0xd214</run_address>
         <size>0x14</size>
         <input_file_ref idref="fl-14"/>
      </object_component>
      <object_component id="oc-231">
         <name>.ebss</name>
         <uninitialized>true</uninitialized>
         <run_address>0xd238</run_address>
         <size>0x6</size>
         <input_file_ref idref="fl-67"/>
      </object_component>
      <object_component id="oc-252">
         <name>.ebss:__lock</name>
         <uninitialized>true</uninitialized>
         <run_address>0xd13e</run_address>
         <size>0x2</size>
         <input_file_ref idref="fl-68"/>
      </object_component>
      <object_component id="oc-25e">
         <name>.ebss:__unlock</name>
         <uninitialized>true</uninitialized>
         <run_address>0xd1fc</run_address>
         <size>0x2</size>
         <input_file_ref idref="fl-68"/>
      </object_component>
      <object_component id="oc-242">
         <name>.ebss</name>
         <uninitialized>true</uninitialized>
         <run_address>0xd1ff</run_address>
         <size>0x1</size>
         <input_file_ref idref="fl-6a"/>
      </object_component>
      <object_component id="oc-25d">
         <name>.econst:_PieVectTableInit</name>
         <load_address>0xd000</load_address>
         <run_address>0xd000</run_address>
         <size>0x100</size>
         <input_file_ref idref="fl-10"/>
      </object_component>
      <object_component id="oc-1d3">
         <name>.econst</name>
         <load_address>0xd100</load_address>
         <run_address>0xd100</run_address>
         <size>0x10</size>
         <input_file_ref idref="fl-55"/>
      </object_component>
      <object_component id="oc-1cd">
         <name>.econst</name>
         <load_address>0xd110</load_address>
         <run_address>0xd110</run_address>
         <size>0xc</size>
         <input_file_ref idref="fl-54"/>
      </object_component>
      <object_component id="oc-25c">
         <name>.econst:_aT</name>
         <load_address>0xd11c</load_address>
         <run_address>0xd11c</run_address>
         <size>0xa</size>
         <input_file_ref idref="fl-56"/>
      </object_component>
      <object_component id="oc-25a">
         <name>.econst:_atanhi</name>
         <load_address>0xd126</load_address>
         <run_address>0xd126</run_address>
         <size>0x8</size>
         <input_file_ref idref="fl-56"/>
      </object_component>
      <object_component id="oc-25b">
         <name>.econst:_atanlo</name>
         <load_address>0xd12e</load_address>
         <run_address>0xd12e</run_address>
         <size>0x8</size>
         <input_file_ref idref="fl-56"/>
      </object_component>
      <object_component id="oc-1d9">
         <name>.econst</name>
         <load_address>0xd136</load_address>
         <run_address>0xd136</run_address>
         <size>0x4</size>
         <input_file_ref idref="fl-56"/>
      </object_component>
      <object_component id="oc-245">
         <name>.econst</name>
         <load_address>0xd13a</load_address>
         <run_address>0xd13a</run_address>
         <size>0x2</size>
         <input_file_ref idref="fl-6b"/>
      </object_component>
      <object_component id="oc-69">
         <name>.econst</name>
         <load_address>0xd13c</load_address>
         <run_address>0xd13c</run_address>
         <size>0x1</size>
         <input_file_ref idref="fl-6"/>
      </object_component>
      <object_component id="oc-60">
         <name>FFT_buffer1</name>
         <uninitialized>true</uninitialized>
         <run_address>0xe000</run_address>
         <size>0x800</size>
         <input_file_ref idref="fl-4"/>
      </object_component>
      <object_component id="oc-5f">
         <name>FFT_buffer2</name>
         <uninitialized>true</uninitialized>
         <run_address>0xe800</run_address>
         <size>0x800</size>
         <input_file_ref idref="fl-4"/>
      </object_component>
      <object_component id="oc-59">
         <name>FFT_buffer3</name>
         <uninitialized>true</uninitialized>
         <run_address>0xf000</run_address>
         <size>0x800</size>
         <input_file_ref idref="fl-3"/>
      </object_component>
      <object_component id="oc-5e">
         <name>FFT_buffer3</name>
         <uninitialized>true</uninitialized>
         <run_address>0xf800</run_address>
         <size>0x402</size>
         <input_file_ref idref="fl-4"/>
      </object_component>
      <object_component id="oc-1e9">
         <name>.reset</name>
         <load_address>0x3fffc0</load_address>
         <run_address>0x3fffc0</run_address>
         <size>0x2</size>
         <input_file_ref idref="fl-59"/>
      </object_component>
      <object_component id="oc-76">
         <name>.adc_cal</name>
         <load_address>0x380080</load_address>
         <run_address>0x380080</run_address>
         <size>0x7</size>
         <input_file_ref idref="fl-8"/>
      </object_component>
      <object_component id="oc-bd">
         <name>PieVectTableFile</name>
         <uninitialized>true</uninitialized>
         <run_address>0xd00</run_address>
         <size>0x100</size>
         <input_file_ref idref="fl-c"/>
      </object_component>
      <object_component id="oc-b9">
         <name>DevEmuRegsFile</name>
         <uninitialized>true</uninitialized>
         <run_address>0x880</run_address>
         <size>0xd0</size>
         <input_file_ref idref="fl-c"/>
      </object_component>
      <object_component id="oc-91">
         <name>FlashRegsFile</name>
         <uninitialized>true</uninitialized>
         <run_address>0xa80</run_address>
         <size>0x8</size>
         <input_file_ref idref="fl-c"/>
      </object_component>
      <object_component id="oc-94">
         <name>CsmRegsFile</name>
         <uninitialized>true</uninitialized>
         <run_address>0xae0</run_address>
         <size>0x10</size>
         <input_file_ref idref="fl-c"/>
      </object_component>
      <object_component id="oc-93">
         <name>AdcMirrorFile</name>
         <uninitialized>true</uninitialized>
         <run_address>0xb00</run_address>
         <size>0x10</size>
         <input_file_ref idref="fl-c"/>
      </object_component>
      <object_component id="oc-9c">
         <name>XintfRegsFile</name>
         <uninitialized>true</uninitialized>
         <run_address>0xb20</run_address>
         <size>0x1e</size>
         <input_file_ref idref="fl-c"/>
      </object_component>
      <object_component id="oc-8d">
         <name>CpuTimer0RegsFile</name>
         <uninitialized>true</uninitialized>
         <run_address>0xc00</run_address>
         <size>0x8</size>
         <input_file_ref idref="fl-c"/>
      </object_component>
      <object_component id="oc-8e">
         <name>CpuTimer1RegsFile</name>
         <uninitialized>true</uninitialized>
         <run_address>0xc08</run_address>
         <size>0x8</size>
         <input_file_ref idref="fl-c"/>
      </object_component>
      <object_component id="oc-8f">
         <name>CpuTimer2RegsFile</name>
         <uninitialized>true</uninitialized>
         <run_address>0xc10</run_address>
         <size>0x8</size>
         <input_file_ref idref="fl-c"/>
      </object_component>
      <object_component id="oc-9a">
         <name>PieCtrlRegsFile</name>
         <uninitialized>true</uninitialized>
         <run_address>0xce0</run_address>
         <size>0x1a</size>
         <input_file_ref idref="fl-c"/>
      </object_component>
      <object_component id="oc-ba">
         <name>DmaRegsFile</name>
         <uninitialized>true</uninitialized>
         <run_address>0x1000</run_address>
         <size>0xe0</size>
         <input_file_ref idref="fl-c"/>
      </object_component>
      <object_component id="oc-ac">
         <name>McbspaRegsFile</name>
         <uninitialized>true</uninitialized>
         <run_address>0x5000</run_address>
         <size>0x25</size>
         <input_file_ref idref="fl-c"/>
      </object_component>
      <object_component id="oc-ad">
         <name>McbspbRegsFile</name>
         <uninitialized>true</uninitialized>
         <run_address>0x5040</run_address>
         <size>0x25</size>
         <input_file_ref idref="fl-c"/>
      </object_component>
      <object_component id="oc-af">
         <name>ECanaRegsFile</name>
         <uninitialized>true</uninitialized>
         <run_address>0x6000</run_address>
         <size>0x34</size>
         <input_file_ref idref="fl-c"/>
      </object_component>
      <object_component id="oc-b1">
         <name>ECanaLAMRegsFile</name>
         <uninitialized>true</uninitialized>
         <run_address>0x6040</run_address>
         <size>0x40</size>
         <input_file_ref idref="fl-c"/>
      </object_component>
      <object_component id="oc-bb">
         <name>ECanaMboxesFile</name>
         <uninitialized>true</uninitialized>
         <run_address>0x6100</run_address>
         <size>0x100</size>
         <input_file_ref idref="fl-c"/>
      </object_component>
      <object_component id="oc-b2">
         <name>ECanaMOTSRegsFile</name>
         <uninitialized>true</uninitialized>
         <run_address>0x6080</run_address>
         <size>0x40</size>
         <input_file_ref idref="fl-c"/>
      </object_component>
      <object_component id="oc-b3">
         <name>ECanaMOTORegsFile</name>
         <uninitialized>true</uninitialized>
         <run_address>0x60c0</run_address>
         <size>0x40</size>
         <input_file_ref idref="fl-c"/>
      </object_component>
      <object_component id="oc-b0">
         <name>ECanbRegsFile</name>
         <uninitialized>true</uninitialized>
         <run_address>0x6200</run_address>
         <size>0x34</size>
         <input_file_ref idref="fl-c"/>
      </object_component>
      <object_component id="oc-b4">
         <name>ECanbLAMRegsFile</name>
         <uninitialized>true</uninitialized>
         <run_address>0x6240</run_address>
         <size>0x40</size>
         <input_file_ref idref="fl-c"/>
      </object_component>
      <object_component id="oc-bc">
         <name>ECanbMboxesFile</name>
         <uninitialized>true</uninitialized>
         <run_address>0x6300</run_address>
         <size>0x100</size>
         <input_file_ref idref="fl-c"/>
      </object_component>
      <object_component id="oc-b5">
         <name>ECanbMOTSRegsFile</name>
         <uninitialized>true</uninitialized>
         <run_address>0x6280</run_address>
         <size>0x40</size>
         <input_file_ref idref="fl-c"/>
      </object_component>
      <object_component id="oc-b6">
         <name>ECanbMOTORegsFile</name>
         <uninitialized>true</uninitialized>
         <run_address>0x62c0</run_address>
         <size>0x40</size>
         <input_file_ref idref="fl-c"/>
      </object_component>
      <object_component id="oc-a5">
         <name>EPwm1RegsFile</name>
         <uninitialized>true</uninitialized>
         <run_address>0x6800</run_address>
         <size>0x22</size>
         <input_file_ref idref="fl-c"/>
      </object_component>
      <object_component id="oc-a6">
         <name>EPwm2RegsFile</name>
         <uninitialized>true</uninitialized>
         <run_address>0x6840</run_address>
         <size>0x22</size>
         <input_file_ref idref="fl-c"/>
      </object_component>
      <object_component id="oc-a7">
         <name>EPwm3RegsFile</name>
         <uninitialized>true</uninitialized>
         <run_address>0x6880</run_address>
         <size>0x22</size>
         <input_file_ref idref="fl-c"/>
      </object_component>
      <object_component id="oc-a8">
         <name>EPwm4RegsFile</name>
         <uninitialized>true</uninitialized>
         <run_address>0x68c0</run_address>
         <size>0x22</size>
         <input_file_ref idref="fl-c"/>
      </object_component>
      <object_component id="oc-a9">
         <name>EPwm5RegsFile</name>
         <uninitialized>true</uninitialized>
         <run_address>0x6900</run_address>
         <size>0x22</size>
         <input_file_ref idref="fl-c"/>
      </object_component>
      <object_component id="oc-aa">
         <name>EPwm6RegsFile</name>
         <uninitialized>true</uninitialized>
         <run_address>0x6940</run_address>
         <size>0x22</size>
         <input_file_ref idref="fl-c"/>
      </object_component>
      <object_component id="oc-9d">
         <name>ECap1RegsFile</name>
         <uninitialized>true</uninitialized>
         <run_address>0x6a00</run_address>
         <size>0x20</size>
         <input_file_ref idref="fl-c"/>
      </object_component>
      <object_component id="oc-9e">
         <name>ECap2RegsFile</name>
         <uninitialized>true</uninitialized>
         <run_address>0x6a20</run_address>
         <size>0x20</size>
         <input_file_ref idref="fl-c"/>
      </object_component>
      <object_component id="oc-9f">
         <name>ECap3RegsFile</name>
         <uninitialized>true</uninitialized>
         <run_address>0x6a40</run_address>
         <size>0x20</size>
         <input_file_ref idref="fl-c"/>
      </object_component>
      <object_component id="oc-a0">
         <name>ECap4RegsFile</name>
         <uninitialized>true</uninitialized>
         <run_address>0x6a60</run_address>
         <size>0x20</size>
         <input_file_ref idref="fl-c"/>
      </object_component>
      <object_component id="oc-a1">
         <name>ECap5RegsFile</name>
         <uninitialized>true</uninitialized>
         <run_address>0x6a80</run_address>
         <size>0x20</size>
         <input_file_ref idref="fl-c"/>
      </object_component>
      <object_component id="oc-a2">
         <name>ECap6RegsFile</name>
         <uninitialized>true</uninitialized>
         <run_address>0x6aa0</run_address>
         <size>0x20</size>
         <input_file_ref idref="fl-c"/>
      </object_component>
      <object_component id="oc-b7">
         <name>EQep1RegsFile</name>
         <uninitialized>true</uninitialized>
         <run_address>0x6b00</run_address>
         <size>0x40</size>
         <input_file_ref idref="fl-c"/>
      </object_component>
      <object_component id="oc-b8">
         <name>EQep2RegsFile</name>
         <uninitialized>true</uninitialized>
         <run_address>0x6b40</run_address>
         <size>0x40</size>
         <input_file_ref idref="fl-c"/>
      </object_component>
      <object_component id="oc-ae">
         <name>GpioCtrlRegsFile</name>
         <uninitialized>true</uninitialized>
         <run_address>0x6f80</run_address>
         <size>0x2e</size>
         <input_file_ref idref="fl-c"/>
      </object_component>
      <object_component id="oc-a3">
         <name>GpioDataRegsFile</name>
         <uninitialized>true</uninitialized>
         <run_address>0x6fc0</run_address>
         <size>0x20</size>
         <input_file_ref idref="fl-c"/>
      </object_component>
      <object_component id="oc-92">
         <name>GpioIntRegsFile</name>
         <uninitialized>true</uninitialized>
         <run_address>0x6fe0</run_address>
         <size>0xa</size>
         <input_file_ref idref="fl-c"/>
      </object_component>
      <object_component id="oc-a4">
         <name>SysCtrlRegsFile</name>
         <uninitialized>true</uninitialized>
         <run_address>0x7010</run_address>
         <size>0x20</size>
         <input_file_ref idref="fl-c"/>
      </object_component>
      <object_component id="oc-98">
         <name>SpiaRegsFile</name>
         <uninitialized>true</uninitialized>
         <run_address>0x7040</run_address>
         <size>0x10</size>
         <input_file_ref idref="fl-c"/>
      </object_component>
      <object_component id="oc-95">
         <name>SciaRegsFile</name>
         <uninitialized>true</uninitialized>
         <run_address>0x7050</run_address>
         <size>0x10</size>
         <input_file_ref idref="fl-c"/>
      </object_component>
      <object_component id="oc-99">
         <name>XIntruptRegsFile</name>
         <uninitialized>true</uninitialized>
         <run_address>0x7070</run_address>
         <size>0x10</size>
         <input_file_ref idref="fl-c"/>
      </object_component>
      <object_component id="oc-9b">
         <name>AdcRegsFile</name>
         <uninitialized>true</uninitialized>
         <run_address>0x7100</run_address>
         <size>0x1e</size>
         <input_file_ref idref="fl-c"/>
      </object_component>
      <object_component id="oc-96">
         <name>ScibRegsFile</name>
         <uninitialized>true</uninitialized>
         <run_address>0x7750</run_address>
         <size>0x10</size>
         <input_file_ref idref="fl-c"/>
      </object_component>
      <object_component id="oc-97">
         <name>ScicRegsFile</name>
         <uninitialized>true</uninitialized>
         <run_address>0x7770</run_address>
         <size>0x10</size>
         <input_file_ref idref="fl-c"/>
      </object_component>
      <object_component id="oc-ab">
         <name>I2caRegsFile</name>
         <uninitialized>true</uninitialized>
         <run_address>0x7900</run_address>
         <size>0x22</size>
         <input_file_ref idref="fl-c"/>
      </object_component>
      <object_component id="oc-90">
         <name>CsmPwlFile</name>
         <uninitialized>true</uninitialized>
         <run_address>0x33fff8</run_address>
         <size>0x8</size>
         <input_file_ref idref="fl-c"/>
      </object_component>
      <object_component id="oc-4f">
         <name>.debug_info</name>
         <load_address>0x0</load_address>
         <run_address>0x0</run_address>
         <size>0x443d</size>
         <input_file_ref idref="fl-2"/>
      </object_component>
      <object_component id="oc-57">
         <name>.debug_info</name>
         <load_address>0x443d</load_address>
         <run_address>0x443d</run_address>
         <size>0x1de</size>
         <input_file_ref idref="fl-3"/>
      </object_component>
      <object_component id="oc-5b">
         <name>.debug_info</name>
         <load_address>0x461b</load_address>
         <run_address>0x461b</run_address>
         <size>0xb10</size>
         <input_file_ref idref="fl-4"/>
      </object_component>
      <object_component id="oc-65">
         <name>.debug_info</name>
         <load_address>0x512b</load_address>
         <run_address>0x512b</run_address>
         <size>0x1c8</size>
         <input_file_ref idref="fl-5"/>
      </object_component>
      <object_component id="oc-67">
         <name>.debug_info</name>
         <load_address>0x52f3</load_address>
         <run_address>0x52f3</run_address>
         <size>0x66a</size>
         <input_file_ref idref="fl-6"/>
      </object_component>
      <object_component id="oc-71">
         <name>.debug_info</name>
         <load_address>0x595d</load_address>
         <run_address>0x595d</run_address>
         <size>0x27e5</size>
         <input_file_ref idref="fl-7"/>
      </object_component>
      <object_component id="oc-78">
         <name>.debug_info</name>
         <load_address>0x8142</load_address>
         <run_address>0x8142</run_address>
         <size>0x11c</size>
         <input_file_ref idref="fl-8"/>
      </object_component>
      <object_component id="oc-7e">
         <name>.debug_info</name>
         <load_address>0x825e</load_address>
         <run_address>0x825e</run_address>
         <size>0x166</size>
         <input_file_ref idref="fl-9"/>
      </object_component>
      <object_component id="oc-81">
         <name>.debug_info</name>
         <load_address>0x83c4</load_address>
         <run_address>0x83c4</run_address>
         <size>0x2c30</size>
         <input_file_ref idref="fl-a"/>
      </object_component>
      <object_component id="oc-87">
         <name>.debug_info</name>
         <load_address>0xaff4</load_address>
         <run_address>0xaff4</run_address>
         <size>0x1b7f</size>
         <input_file_ref idref="fl-b"/>
      </object_component>
      <object_component id="oc-8c">
         <name>.debug_info</name>
         <load_address>0xcb73</load_address>
         <run_address>0xcb73</run_address>
         <size>0x13240</size>
         <input_file_ref idref="fl-c"/>
      </object_component>
      <object_component id="oc-bf">
         <name>.debug_info</name>
         <load_address>0x1fdb3</load_address>
         <run_address>0x1fdb3</run_address>
         <size>0x1b7f</size>
         <input_file_ref idref="fl-d"/>
      </object_component>
      <object_component id="oc-c4">
         <name>.debug_info</name>
         <load_address>0x21932</load_address>
         <run_address>0x21932</run_address>
         <size>0x350</size>
         <input_file_ref idref="fl-e"/>
      </object_component>
      <object_component id="oc-c9">
         <name>.debug_info</name>
         <load_address>0x21c82</load_address>
         <run_address>0x21c82</run_address>
         <size>0xb75</size>
         <input_file_ref idref="fl-f"/>
      </object_component>
      <object_component id="oc-ce">
         <name>.debug_info</name>
         <load_address>0x227f7</load_address>
         <run_address>0x227f7</run_address>
         <size>0x22c1</size>
         <input_file_ref idref="fl-10"/>
      </object_component>
      <object_component id="oc-d3">
         <name>.debug_info</name>
         <load_address>0x24ab8</load_address>
         <run_address>0x24ab8</run_address>
         <size>0x2020</size>
         <input_file_ref idref="fl-11"/>
      </object_component>
      <object_component id="oc-da">
         <name>.debug_info</name>
         <load_address>0x26ad8</load_address>
         <run_address>0x26ad8</run_address>
         <size>0x11c</size>
         <input_file_ref idref="fl-12"/>
      </object_component>
      <object_component id="oc-e0">
         <name>.debug_info</name>
         <load_address>0x26bf4</load_address>
         <run_address>0x26bf4</run_address>
         <size>0x1e3</size>
         <input_file_ref idref="fl-13"/>
      </object_component>
      <object_component id="oc-e6">
         <name>.debug_info</name>
         <load_address>0x26dd7</load_address>
         <run_address>0x26dd7</run_address>
         <size>0x1e7</size>
         <input_file_ref idref="fl-14"/>
      </object_component>
      <object_component id="oc-eb">
         <name>.debug_info</name>
         <load_address>0x26fbe</load_address>
         <run_address>0x26fbe</run_address>
         <size>0x1e4</size>
         <input_file_ref idref="fl-15"/>
      </object_component>
      <object_component id="oc-f0">
         <name>.debug_info</name>
         <load_address>0x271a2</load_address>
         <run_address>0x271a2</run_address>
         <size>0x1a6</size>
         <input_file_ref idref="fl-16"/>
      </object_component>
      <object_component id="oc-f5">
         <name>.debug_info</name>
         <load_address>0x27348</load_address>
         <run_address>0x27348</run_address>
         <size>0x1cc</size>
         <input_file_ref idref="fl-17"/>
      </object_component>
      <object_component id="oc-f9">
         <name>.debug_info</name>
         <load_address>0x27514</load_address>
         <run_address>0x27514</run_address>
         <size>0x10b</size>
         <input_file_ref idref="fl-18"/>
      </object_component>
      <object_component id="oc-ff">
         <name>.debug_info</name>
         <load_address>0x2761f</load_address>
         <run_address>0x2761f</run_address>
         <size>0x10e</size>
         <input_file_ref idref="fl-19"/>
      </object_component>
      <object_component id="oc-104">
         <name>.debug_info</name>
         <load_address>0x2772d</load_address>
         <run_address>0x2772d</run_address>
         <size>0x120</size>
         <input_file_ref idref="fl-1a"/>
      </object_component>
      <object_component id="oc-107">
         <name>.debug_info</name>
         <load_address>0x2784d</load_address>
         <run_address>0x2784d</run_address>
         <size>0x493</size>
         <input_file_ref idref="fl-1b"/>
      </object_component>
      <object_component id="oc-10e">
         <name>.debug_info</name>
         <load_address>0x27ce0</load_address>
         <run_address>0x27ce0</run_address>
         <size>0x10d</size>
         <input_file_ref idref="fl-1c"/>
      </object_component>
      <object_component id="oc-113">
         <name>.debug_info</name>
         <load_address>0x27ded</load_address>
         <run_address>0x27ded</run_address>
         <size>0x110</size>
         <input_file_ref idref="fl-1d"/>
      </object_component>
      <object_component id="oc-118">
         <name>.debug_info</name>
         <load_address>0x27efd</load_address>
         <run_address>0x27efd</run_address>
         <size>0x192</size>
         <input_file_ref idref="fl-1e"/>
      </object_component>
      <object_component id="oc-11d">
         <name>.debug_info</name>
         <load_address>0x2808f</load_address>
         <run_address>0x2808f</run_address>
         <size>0x110</size>
         <input_file_ref idref="fl-1f"/>
      </object_component>
      <object_component id="oc-121">
         <name>.debug_info</name>
         <load_address>0x2819f</load_address>
         <run_address>0x2819f</run_address>
         <size>0x130</size>
         <input_file_ref idref="fl-20"/>
      </object_component>
      <object_component id="oc-127">
         <name>.debug_info</name>
         <load_address>0x282cf</load_address>
         <run_address>0x282cf</run_address>
         <size>0x112</size>
         <input_file_ref idref="fl-21"/>
      </object_component>
      <object_component id="oc-12c">
         <name>.debug_info</name>
         <load_address>0x283e1</load_address>
         <run_address>0x283e1</run_address>
         <size>0x121</size>
         <input_file_ref idref="fl-22"/>
      </object_component>
      <object_component id="oc-131">
         <name>.debug_info</name>
         <load_address>0x28502</load_address>
         <run_address>0x28502</run_address>
         <size>0x112</size>
         <input_file_ref idref="fl-23"/>
      </object_component>
      <object_component id="oc-136">
         <name>.debug_info</name>
         <load_address>0x28614</load_address>
         <run_address>0x28614</run_address>
         <size>0x10d</size>
         <input_file_ref idref="fl-24"/>
      </object_component>
      <object_component id="oc-13b">
         <name>.debug_info</name>
         <load_address>0x28721</load_address>
         <run_address>0x28721</run_address>
         <size>0x111</size>
         <input_file_ref idref="fl-25"/>
      </object_component>
      <object_component id="oc-140">
         <name>.debug_info</name>
         <load_address>0x28832</load_address>
         <run_address>0x28832</run_address>
         <size>0x113</size>
         <input_file_ref idref="fl-26"/>
      </object_component>
      <object_component id="oc-145">
         <name>.debug_info</name>
         <load_address>0x28945</load_address>
         <run_address>0x28945</run_address>
         <size>0x112</size>
         <input_file_ref idref="fl-27"/>
      </object_component>
      <object_component id="oc-14a">
         <name>.debug_info</name>
         <load_address>0x28a57</load_address>
         <run_address>0x28a57</run_address>
         <size>0x10e</size>
         <input_file_ref idref="fl-28"/>
      </object_component>
      <object_component id="oc-14f">
         <name>.debug_info</name>
         <load_address>0x28b65</load_address>
         <run_address>0x28b65</run_address>
         <size>0x113</size>
         <input_file_ref idref="fl-29"/>
      </object_component>
      <object_component id="oc-154">
         <name>.debug_info</name>
         <load_address>0x28c78</load_address>
         <run_address>0x28c78</run_address>
         <size>0x113</size>
         <input_file_ref idref="fl-2a"/>
      </object_component>
      <object_component id="oc-159">
         <name>.debug_info</name>
         <load_address>0x28d8b</load_address>
         <run_address>0x28d8b</run_address>
         <size>0x113</size>
         <input_file_ref idref="fl-2b"/>
      </object_component>
      <object_component id="oc-15e">
         <name>.debug_info</name>
         <load_address>0x28e9e</load_address>
         <run_address>0x28e9e</run_address>
         <size>0x119</size>
         <input_file_ref idref="fl-2c"/>
      </object_component>
      <object_component id="oc-163">
         <name>.debug_info</name>
         <load_address>0x28fb7</load_address>
         <run_address>0x28fb7</run_address>
         <size>0x116</size>
         <input_file_ref idref="fl-2d"/>
      </object_component>
      <object_component id="oc-168">
         <name>.debug_info</name>
         <load_address>0x290cd</load_address>
         <run_address>0x290cd</run_address>
         <size>0x113</size>
         <input_file_ref idref="fl-2e"/>
      </object_component>
      <object_component id="oc-16b">
         <name>.debug_info</name>
         <load_address>0x291e0</load_address>
         <run_address>0x291e0</run_address>
         <size>0x368</size>
         <input_file_ref idref="fl-2f"/>
      </object_component>
      <object_component id="oc-170">
         <name>.debug_info</name>
         <load_address>0x29548</load_address>
         <run_address>0x29548</run_address>
         <size>0x408</size>
         <input_file_ref idref="fl-30"/>
      </object_component>
      <object_component id="oc-177">
         <name>.debug_info</name>
         <load_address>0x29950</load_address>
         <run_address>0x29950</run_address>
         <size>0x112</size>
         <input_file_ref idref="fl-31"/>
      </object_component>
      <object_component id="oc-17c">
         <name>.debug_info</name>
         <load_address>0x29a62</load_address>
         <run_address>0x29a62</run_address>
         <size>0x112</size>
         <input_file_ref idref="fl-32"/>
      </object_component>
      <object_component id="oc-181">
         <name>.debug_info</name>
         <load_address>0x29b74</load_address>
         <run_address>0x29b74</run_address>
         <size>0x114</size>
         <input_file_ref idref="fl-33"/>
      </object_component>
      <object_component id="oc-186">
         <name>.debug_info</name>
         <load_address>0x29c88</load_address>
         <run_address>0x29c88</run_address>
         <size>0x114</size>
         <input_file_ref idref="fl-34"/>
      </object_component>
      <object_component id="oc-18b">
         <name>.debug_info</name>
         <load_address>0x29d9c</load_address>
         <run_address>0x29d9c</run_address>
         <size>0x117</size>
         <input_file_ref idref="fl-35"/>
      </object_component>
      <object_component id="oc-190">
         <name>.debug_info</name>
         <load_address>0x29eb3</load_address>
         <run_address>0x29eb3</run_address>
         <size>0x116</size>
         <input_file_ref idref="fl-36"/>
      </object_component>
      <object_component id="oc-195">
         <name>.debug_info</name>
         <load_address>0x29fc9</load_address>
         <run_address>0x29fc9</run_address>
         <size>0x11d</size>
         <input_file_ref idref="fl-37"/>
      </object_component>
      <object_component id="oc-19a">
         <name>.debug_info</name>
         <load_address>0x2a0e6</load_address>
         <run_address>0x2a0e6</run_address>
         <size>0x112</size>
         <input_file_ref idref="fl-38"/>
      </object_component>
      <object_component id="oc-19f">
         <name>.debug_info</name>
         <load_address>0x2a1f8</load_address>
         <run_address>0x2a1f8</run_address>
         <size>0x116</size>
         <input_file_ref idref="fl-39"/>
      </object_component>
      <object_component id="oc-1a2">
         <name>.debug_info</name>
         <load_address>0x2a30e</load_address>
         <run_address>0x2a30e</run_address>
         <size>0x373</size>
         <input_file_ref idref="fl-3a"/>
      </object_component>
      <object_component id="oc-1a9">
         <name>.debug_info</name>
         <load_address>0x2a681</load_address>
         <run_address>0x2a681</run_address>
         <size>0x112</size>
         <input_file_ref idref="fl-3b"/>
      </object_component>
      <object_component id="oc-1ae">
         <name>.debug_info</name>
         <load_address>0x2a793</load_address>
         <run_address>0x2a793</run_address>
         <size>0x112</size>
         <input_file_ref idref="fl-3c"/>
      </object_component>
      <object_component id="oc-1b3">
         <name>.debug_info</name>
         <load_address>0x2a8a5</load_address>
         <run_address>0x2a8a5</run_address>
         <size>0x112</size>
         <input_file_ref idref="fl-3d"/>
      </object_component>
      <object_component id="oc-1b6">
         <name>.debug_info</name>
         <load_address>0x2a9b7</load_address>
         <run_address>0x2a9b7</run_address>
         <size>0x402</size>
         <input_file_ref idref="fl-3e"/>
      </object_component>
      <object_component id="oc-1bb">
         <name>.debug_info</name>
         <load_address>0x2adb9</load_address>
         <run_address>0x2adb9</run_address>
         <size>0x1a4</size>
         <input_file_ref idref="fl-3f"/>
      </object_component>
      <object_component id="oc-1bd">
         <name>.debug_info</name>
         <load_address>0x2af5d</load_address>
         <run_address>0x2af5d</run_address>
         <size>0x3ce</size>
         <input_file_ref idref="fl-51"/>
      </object_component>
      <object_component id="oc-1c2">
         <name>.debug_info</name>
         <load_address>0x2b32b</load_address>
         <run_address>0x2b32b</run_address>
         <size>0x568</size>
         <input_file_ref idref="fl-52"/>
      </object_component>
      <object_component id="oc-1c7">
         <name>.debug_info</name>
         <load_address>0x2b893</load_address>
         <run_address>0x2b893</run_address>
         <size>0x5a4</size>
         <input_file_ref idref="fl-53"/>
      </object_component>
      <object_component id="oc-1cc">
         <name>.debug_info</name>
         <load_address>0x2be37</load_address>
         <run_address>0x2be37</run_address>
         <size>0x517</size>
         <input_file_ref idref="fl-54"/>
      </object_component>
      <object_component id="oc-1d2">
         <name>.debug_info</name>
         <load_address>0x2c34e</load_address>
         <run_address>0x2c34e</run_address>
         <size>0x47f</size>
         <input_file_ref idref="fl-55"/>
      </object_component>
      <object_component id="oc-1d8">
         <name>.debug_info</name>
         <load_address>0x2c7cd</load_address>
         <run_address>0x2c7cd</run_address>
         <size>0x4ef</size>
         <input_file_ref idref="fl-56"/>
      </object_component>
      <object_component id="oc-1de">
         <name>.debug_info</name>
         <load_address>0x2ccbc</load_address>
         <run_address>0x2ccbc</run_address>
         <size>0x349</size>
         <input_file_ref idref="fl-57"/>
      </object_component>
      <object_component id="oc-1e3">
         <name>.debug_info</name>
         <load_address>0x2d005</load_address>
         <run_address>0x2d005</run_address>
         <size>0x349</size>
         <input_file_ref idref="fl-58"/>
      </object_component>
      <object_component id="oc-1ea">
         <name>.debug_info</name>
         <load_address>0x2d34e</load_address>
         <run_address>0x2d34e</run_address>
         <size>0x173</size>
         <input_file_ref idref="fl-59"/>
      </object_component>
      <object_component id="oc-1ef">
         <name>.debug_info</name>
         <load_address>0x2d4c1</load_address>
         <run_address>0x2d4c1</run_address>
         <size>0x114</size>
         <input_file_ref idref="fl-5a"/>
      </object_component>
      <object_component id="oc-1f4">
         <name>.debug_info</name>
         <load_address>0x2d5d5</load_address>
         <run_address>0x2d5d5</run_address>
         <size>0x120</size>
         <input_file_ref idref="fl-5b"/>
      </object_component>
      <object_component id="oc-1f9">
         <name>.debug_info</name>
         <load_address>0x2d6f5</load_address>
         <run_address>0x2d6f5</run_address>
         <size>0x114</size>
         <input_file_ref idref="fl-5c"/>
      </object_component>
      <object_component id="oc-1fe">
         <name>.debug_info</name>
         <load_address>0x2d809</load_address>
         <run_address>0x2d809</run_address>
         <size>0x114</size>
         <input_file_ref idref="fl-5d"/>
      </object_component>
      <object_component id="oc-203">
         <name>.debug_info</name>
         <load_address>0x2d91d</load_address>
         <run_address>0x2d91d</run_address>
         <size>0x122</size>
         <input_file_ref idref="fl-5e"/>
      </object_component>
      <object_component id="oc-208">
         <name>.debug_info</name>
         <load_address>0x2da3f</load_address>
         <run_address>0x2da3f</run_address>
         <size>0x114</size>
         <input_file_ref idref="fl-5f"/>
      </object_component>
      <object_component id="oc-20d">
         <name>.debug_info</name>
         <load_address>0x2db53</load_address>
         <run_address>0x2db53</run_address>
         <size>0x11a</size>
         <input_file_ref idref="fl-60"/>
      </object_component>
      <object_component id="oc-212">
         <name>.debug_info</name>
         <load_address>0x2dc6d</load_address>
         <run_address>0x2dc6d</run_address>
         <size>0x11a</size>
         <input_file_ref idref="fl-61"/>
      </object_component>
      <object_component id="oc-217">
         <name>.debug_info</name>
         <load_address>0x2dd87</load_address>
         <run_address>0x2dd87</run_address>
         <size>0x114</size>
         <input_file_ref idref="fl-62"/>
      </object_component>
      <object_component id="oc-21b">
         <name>.debug_info</name>
         <load_address>0x2de9b</load_address>
         <run_address>0x2de9b</run_address>
         <size>0x561</size>
         <input_file_ref idref="fl-63"/>
      </object_component>
      <object_component id="oc-220">
         <name>.debug_info</name>
         <load_address>0x2e3fc</load_address>
         <run_address>0x2e3fc</run_address>
         <size>0x43a</size>
         <input_file_ref idref="fl-64"/>
      </object_component>
      <object_component id="oc-225">
         <name>.debug_info</name>
         <load_address>0x2e836</load_address>
         <run_address>0x2e836</run_address>
         <size>0x3ad</size>
         <input_file_ref idref="fl-65"/>
      </object_component>
      <object_component id="oc-22a">
         <name>.debug_info</name>
         <load_address>0x2ebe3</load_address>
         <run_address>0x2ebe3</run_address>
         <size>0x3aa</size>
         <input_file_ref idref="fl-66"/>
      </object_component>
      <object_component id="oc-22f">
         <name>.debug_info</name>
         <load_address>0x2ef8d</load_address>
         <run_address>0x2ef8d</run_address>
         <size>0x544</size>
         <input_file_ref idref="fl-67"/>
      </object_component>
      <object_component id="oc-236">
         <name>.debug_info</name>
         <load_address>0x2f4d1</load_address>
         <run_address>0x2f4d1</run_address>
         <size>0x4cc</size>
         <input_file_ref idref="fl-68"/>
      </object_component>
      <object_component id="oc-23b">
         <name>.debug_info</name>
         <load_address>0x2f99d</load_address>
         <run_address>0x2f99d</run_address>
         <size>0x467</size>
         <input_file_ref idref="fl-69"/>
      </object_component>
      <object_component id="oc-240">
         <name>.debug_info</name>
         <load_address>0x2fe04</load_address>
         <run_address>0x2fe04</run_address>
         <size>0x1c6</size>
         <input_file_ref idref="fl-6a"/>
      </object_component>
      <object_component id="oc-244">
         <name>.debug_info</name>
         <load_address>0x2ffca</load_address>
         <run_address>0x2ffca</run_address>
         <size>0x479</size>
         <input_file_ref idref="fl-6b"/>
      </object_component>
      <object_component id="oc-2bd">
         <name>.debug_info</name>
         <load_address>0x30443</load_address>
         <run_address>0x30443</run_address>
         <size>0xaf</size>
      </object_component>
      <object_component id="oc-53">
         <name>.debug_frame</name>
         <load_address>0x0</load_address>
         <run_address>0x0</run_address>
         <size>0x50</size>
         <input_file_ref idref="fl-2"/>
      </object_component>
      <object_component id="oc-61">
         <name>.debug_frame</name>
         <load_address>0x50</load_address>
         <run_address>0x50</run_address>
         <size>0x28</size>
[...]
      </symbol>
      <symbol id="sm-2ad">
         <name>_SpiaRegs</name>
         <value>0x7040</value>
         <object_component_ref idref="oc-98"/>
      </symbol>
      <symbol id="sm-2ae">
         <name>_ECanaMOTSRegs</name>
         <value>0x6080</value>
         <object_component_ref idref="oc-b2"/>
      </symbol>
      <symbol id="sm-2af">
         <name>_ECap6Regs</name>
         <value>0x6aa0</value>
         <object_component_ref idref="oc-a2"/>
      </symbol>
      <symbol id="sm-2b0">
         <name>_DmaRegs</name>
         <value>0x1000</value>
         <object_component_ref idref="oc-ba"/>
      </symbol>
      <symbol id="sm-2b1">
         <name>_FlashRegs</name>
         <value>0xa80</value>
         <object_component_ref idref="oc-91"/>
      </symbol>
      <symbol id="sm-2b2">
         <name>_CpuTimer0Regs</name>
         <value>0xc00</value>
         <object_component_ref idref="oc-8d"/>
      </symbol>
      <symbol id="sm-2b3">
         <name>_DevEmuRegs</name>
         <value>0x880</value>
         <object_component_ref idref="oc-b9"/>
      </symbol>
      <symbol id="sm-2b4">
         <name>_McbspbRegs</name>
         <value>0x5040</value>
         <object_component_ref idref="oc-ad"/>
      </symbol>
      <symbol id="sm-2b5">
         <name>_EPwm6Regs</name>
         <value>0x6940</value>
         <object_component_ref idref="oc-aa"/>
      </symbol>
      <symbol id="sm-2b6">
         <name>_SciaRegs</name>
         <value>0x7050</value>
         <object_component_ref idref="oc-95"/>
      </symbol>
      <symbol id="sm-2b7">
         <name>_GpioDataRegs</name>
         <value>0x6fc0</value>
         <object_component_ref idref="oc-a3"/>
      </symbol>
      <symbol id="sm-2b8">
         <name>_CsmPwl</name>
         <value>0x33fff8</value>
         <object_component_ref idref="oc-90"/>
      </symbol>
      <symbol id="sm-2b9">
         <name>_AdcRegs</name>
         <value>0x7100</value>
         <object_component_ref idref="oc-9b"/>
      </symbol>
      <symbol id="sm-2ba">
         <name>_XIntruptRegs</name>
         <value>0x7070</value>
         <object_component_ref idref="oc-99"/>
      </symbol>
      <symbol id="sm-2bb">
         <name>_CpuTimer2Regs</name>
         <value>0xc10</value>
         <object_component_ref idref="oc-8f"/>
      </symbol>
      <symbol id="sm-2bc">
         <name>_PieCtrlRegs</name>
         <value>0xce0</value>
         <object_component_ref idref="oc-9a"/>
      </symbol>
      <symbol id="sm-2bd">
         <name>_ECanbMOTSRegs</name>
         <value>0x6280</value>
         <object_component_ref idref="oc-b5"/>
      </symbol>
      <symbol id="sm-2be">
         <name>_ECanaRegs</name>
         <value>0x6000</value>
         <object_component_ref idref="oc-af"/>
      </symbol>
      <symbol id="sm-2bf">
         <name>_AdcMirror</name>
         <value>0xb00</value>
         <object_component_ref idref="oc-93"/>
      </symbol>
      <symbol id="sm-2c0">
         <name>_ECanbMboxes</name>
         <value>0x6300</value>
         <object_component_ref idref="oc-bc"/>
      </symbol>
      <symbol id="sm-2c1">
         <name>_XintfRegs</name>
         <value>0xb20</value>
         <object_component_ref idref="oc-9c"/>
      </symbol>
      <symbol id="sm-2c2">
         <name>_ScicRegs</name>
         <value>0x7770</value>
         <object_component_ref idref="oc-97"/>
      </symbol>
      <symbol id="sm-2c3">
         <name>_ECap1Regs</name>
         <value>0x6a00</value>
         <object_component_ref idref="oc-9d"/>
      </symbol>
      <symbol id="sm-2c4">
         <name>_EQep1Regs</name>
         <value>0x6b00</value>
         <object_component_ref idref="oc-b7"/>
      </symbol>
      <symbol id="sm-2c5">
         <name>_McbspaRegs</name>
         <value>0x5000</value>
         <object_component_ref idref="oc-ac"/>
      </symbol>
      <symbol id="sm-2c6">
         <name>_EPwm1Regs</name>
         <value>0x6800</value>
         <object_component_ref idref="oc-a5"/>
      </symbol>
      <symbol id="sm-2c7">
         <name>_ECanbRegs</name>
         <value>0x6200</value>
         <object_component_ref idref="oc-b0"/>
      </symbol>
      <symbol id="sm-2c8">
         <name>_ScibRegs</name>
         <value>0x7750</value>
         <object_component_ref idref="oc-96"/>
      </symbol>
      <symbol id="sm-2c9">
         <name>_ECap2Regs</name>
         <value>0x6a20</value>
         <object_component_ref idref="oc-9e"/>
      </symbol>
      <symbol id="sm-2ca">
         <name>_GpioIntRegs</name>
         <value>0x6fe0</value>
         <object_component_ref idref="oc-92"/>
      </symbol>
      <symbol id="sm-2cb">
         <name>_EQep2Regs</name>
         <value>0x6b40</value>
         <object_component_ref idref="oc-b8"/>
      </symbol>
      <symbol id="sm-2cc">
         <name>_EPwm2Regs</name>
         <value>0x6840</value>
         <object_component_ref idref="oc-a6"/>
      </symbol>
      <symbol id="sm-2cd">
         <name>_ECanaMboxes</name>
         <value>0x6100</value>
         <object_component_ref idref="oc-bb"/>
      </symbol>
      <symbol id="sm-2ce">
         <name>_ECap3Regs</name>
         <value>0x6a40</value>
         <object_component_ref idref="oc-9f"/>
      </symbol>
      <symbol id="sm-2cf">
         <name>_ECanaMOTORegs</name>
         <value>0x60c0</value>
         <object_component_ref idref="oc-b3"/>
      </symbol>
      <symbol id="sm-2d0">
         <name>_EPwm3Regs</name>
         <value>0x6880</value>
         <object_component_ref idref="oc-a7"/>
      </symbol>
      <symbol id="sm-2d1">
         <name>_ECanbLAMRegs</name>
         <value>0x6240</value>
         <object_component_ref idref="oc-b4"/>
      </symbol>
      <symbol id="sm-2d2">
         <name>_I2caRegs</name>
         <value>0x7900</value>
         <object_component_ref idref="oc-ab"/>
      </symbol>
      <symbol id="sm-2f0">
         <name>_InitPieCtrl</name>
         <value>0x9c1d</value>
         <object_component_ref idref="oc-256"/>
      </symbol>
      <symbol id="sm-2f2">
         <name>_EnableInterrupts</name>
         <value>0x9c3c</value>
         <object_component_ref idref="oc-256"/>
      </symbol>
      <symbol id="sm-303">
         <name>_PieVectTableInit</name>
         <value>0xd000</value>
         <object_component_ref idref="oc-25d"/>
      </symbol>
      <symbol id="sm-304">
         <name>_InitPieVectTable</name>
         <value>0x9d18</value>
         <object_component_ref idref="oc-257"/>
      </symbol>
      <symbol id="sm-31a">
         <name>_InitPll</name>
         <value>0x9187</value>
         <object_component_ref idref="oc-255"/>
      </symbol>
      <symbol id="sm-31c">
         <name>_DisableDog</name>
         <value>0x917f</value>
         <object_component_ref idref="oc-255"/>
      </symbol>
      <symbol id="sm-31e">
         <name>_InitPeripheralClocks</name>
         <value>0x91d7</value>
         <object_component_ref idref="oc-255"/>
      </symbol>
      <symbol id="sm-320">
         <name>_CsmUnlock</name>
         <value>0x9232</value>
         <object_component_ref idref="oc-255"/>
      </symbol>
      <symbol id="sm-322">
         <name>_ServiceDog</name>
         <value>0x9175</value>
         <object_component_ref idref="oc-255"/>
      </symbol>
      <symbol id="sm-324">
         <name>_InitSysCtrl</name>
         <value>0x916c</value>
         <object_component_ref idref="oc-255"/>
      </symbol>
      <symbol id="sm-331">
         <name>_DSP28x_usDelay</name>
         <value>0x2</value>
         <object_component_ref idref="oc-d8"/>
      </symbol>
      <symbol id="sm-35a">
         <name>_ICFFT_f32</name>
         <value>0x8b24</value>
         <object_component_ref idref="oc-dd"/>
      </symbol>
      <symbol id="sm-383">
         <name>_ICFFT_f32t</name>
         <value>0x8c9e</value>
         <object_component_ref idref="oc-e3"/>
      </symbol>
      <symbol id="sm-3b0">
         <name>_rfft_adc_f32_Stages4andUp</name>
         <value>0x8ea8</value>
         <object_component_ref idref="oc-e9"/>
      </symbol>
      <symbol id="sm-3b1">
         <name>_RFFT_adc_f32</name>
         <value>0x8e18</value>
         <object_component_ref idref="oc-e9"/>
      </symbol>
      <symbol id="sm-3c8">
         <name>_RFFT_adc_f32u</name>
         <value>0x9400</value>
         <object_component_ref idref="oc-ee"/>
      </symbol>
      <symbol id="sm-3f4">
         <name>_rfft_f32_Stages1and2and3andBitReverse</name>
         <value>0x8f59</value>
         <object_component_ref idref="oc-f3"/>
      </symbol>
      <symbol id="sm-3f5">
         <name>_rfft_f32_Stages4andUp</name>
         <value>0x8fc5</value>
         <object_component_ref idref="oc-f3"/>
      </symbol>
      <symbol id="sm-3f6">
         <name>_RFFT_f32</name>
         <value>0x8f50</value>
         <object_component_ref idref="oc-f3"/>
      </symbol>
      <symbol id="sm-404">
         <name>_RFFT_adc_f32_win</name>
         <value>0x9d38</value>
         <object_component_ref idref="oc-f8"/>
      </symbol>
      <symbol id="sm-412">
         <name>_RFFT_f32_mag</name>
         <value>0x949e</value>
         <object_component_ref idref="oc-fd"/>
      </symbol>
      <symbol id="sm-41f">
         <name>_RFFT_f32_phase</name>
         <value>0x9c8f</value>
         <object_component_ref idref="oc-102"/>
      </symbol>
      <symbol id="sm-436">
         <name>_RFFT_f32_win</name>
         <value>0x9c46</value>
         <object_component_ref idref="oc-10c"/>
      </symbol>
      <symbol id="sm-444">
         <name>_RFFT_f32s_mag</name>
         <value>0x906e</value>
         <object_component_ref idref="oc-111"/>
      </symbol>
      <symbol id="sm-45a">
         <name>_RFFT_f32u</name>
         <value>0x96ea</value>
         <object_component_ref idref="oc-116"/>
      </symbol>
      <symbol id="sm-45b">
         <name>_rfft_f32u_Stages1and2and3andBitReverse</name>
         <value>0x96f3</value>
         <object_component_ref idref="oc-116"/>
      </symbol>
      <symbol id="sm-46c">
         <name>_FIR_f32_init</name>
         <value>0x9ad6</value>
         <object_component_ref idref="oc-11b"/>
      </symbol>
      <symbol id="sm-46d">
         <name>_FIR_f32_calc</name>
         <value>0x9ae2</value>
         <object_component_ref idref="oc-11b"/>
      </symbol>
      <symbol id="sm-47a">
         <name>_IIR_f32_calc</name>
         <value>0x995d</value>
         <object_component_ref idref="oc-120"/>
      </symbol>
      <symbol id="sm-47b">
         <name>_IIR_f32_init</name>
         <value>0x9954</value>
         <object_component_ref idref="oc-120"/>
      </symbol>
      <symbol id="sm-488">
         <name>_memcpy_fast</name>
         <value>0x9f0c</value>
         <object_component_ref idref="oc-125"/>
      </symbol>
      <symbol id="sm-49d">
         <name>_memcpy_fast_far</name>
         <value>0x97f2</value>
         <object_component_ref idref="oc-12a"/>
      </symbol>
      <symbol id="sm-4aa">
         <name>_memset_fast</name>
         <value>0x9f13</value>
         <object_component_ref idref="oc-12f"/>
      </symbol>
      <symbol id="sm-4b7">
         <name>_abs_SP_CV</name>
         <value>0x9b40</value>
         <object_component_ref idref="oc-134"/>
      </symbol>
      <symbol id="sm-4c4">
         <name>_abs_SP_CV_2</name>
         <value>0x9850</value>
         <object_component_ref idref="oc-139"/>
      </symbol>
      <symbol id="sm-4d1">
         <name>_add_SP_CSxCV</name>
         <value>0x9db8</value>
         <object_component_ref idref="oc-13e"/>
      </symbol>
      <symbol id="sm-4de">
         <name>_add_SP_CVxCV</name>
         <value>0x9d58</value>
         <object_component_ref idref="oc-143"/>
      </symbol>
      <symbol id="sm-4eb">
         <name>_iabs_SP_CV</name>
         <value>0x9b72</value>
         <object_component_ref idref="oc-148"/>
      </symbol>
      <symbol id="sm-4f8">
         <name>_iabs_SP_CV_2</name>
         <value>0x9902</value>
         <object_component_ref idref="oc-14d"/>
      </symbol>
      <symbol id="sm-505">
         <name>_mac_SP_CVxCV</name>
         <value>0x9a64</value>
         <object_component_ref idref="oc-152"/>
      </symbol>
      <symbol id="sm-513">
         <name>_mac_SP_RVxCV</name>
         <value>0x9a24</value>
         <object_component_ref idref="oc-157"/>
      </symbol>
      <symbol id="sm-521">
         <name>_mac_SP_i16RVxCV</name>
         <value>0x99e2</value>
         <object_component_ref idref="oc-15c"/>
      </symbol>
      <symbol id="sm-52e">
         <name>_maxidx_SP_RV_2</name>
         <value>0x9e2e</value>
         <object_component_ref idref="oc-161"/>
      </symbol>
      <symbol id="sm-53b">
         <name>_mean_SP_CV_2</name>
         <value>0x9a9e</value>
         <object_component_ref idref="oc-166"/>
      </symbol>
      <symbol id="sm-559">
         <name>_mpy_SP_CSxCS</name>
         <value>0x9e9a</value>
         <object_component_ref idref="oc-175"/>
      </symbol>
      <symbol id="sm-566">
         <name>_mpy_SP_CVxCV</name>
         <value>0x9df4</value>
         <object_component_ref idref="oc-17a"/>
      </symbol>
      <symbol id="sm-573">
         <name>_mpy_SP_CVxCVC</name>
         <value>0x9d78</value>
         <object_component_ref idref="oc-17f"/>
      </symbol>
      <symbol id="sm-582">
         <name>_mpy_SP_RMxRM</name>
         <value>0x9b0e</value>
         <object_component_ref idref="oc-184"/>
      </symbol>
      <symbol id="sm-591">
         <name>_mpy_SP_RMxRM_2</name>
         <value>0x999e</value>
         <object_component_ref idref="oc-189"/>
      </symbol>
      <symbol id="sm-59e">
         <name>_mpy_SP_RSxRV_2</name>
         <value>0x9e83</value>
         <object_component_ref idref="oc-18e"/>
      </symbol>
      <symbol id="sm-5ab">
         <name>_mpy_SP_RSxRVxRV_2</name>
         <value>0x9b9e</value>
         <object_component_ref idref="oc-193"/>
      </symbol>
      <symbol id="sm-5b8">
         <name>_mpy_SP_RVxCV</name>
         <value>0x9e66</value>
         <object_component_ref idref="oc-198"/>
      </symbol>
      <symbol id="sm-5c5">
         <name>_mpy_SP_RVxRV_2</name>
         <value>0x9cd6</value>
         <object_component_ref idref="oc-19d"/>
      </symbol>
      <symbol id="sm-5db">
         <name>_rnd_SP_RS</name>
         <value>0x9eb1</value>
         <object_component_ref idref="oc-1a7"/>
      </symbol>
      <symbol id="sm-5e8">
         <name>_sub_SP_CSxCV</name>
         <value>0x9dd6</value>
         <object_component_ref idref="oc-1ac"/>
      </symbol>
      <symbol id="sm-5f5">
         <name>_sub_SP_CVxCV</name>
         <value>0x9d98</value>
         <object_component_ref idref="oc-1b1"/>
      </symbol>
      <symbol id="sm-601">
         <name>_main</name>
         <value>0x9ee7</value>
         <object_component_ref idref="oc-251"/>
      </symbol>
      <symbol id="sm-651">
         <name>_atan2f</name>
         <value>0x9263</value>
         <object_component_ref idref="oc-24f"/>
      </symbol>
      <symbol id="sm-653">
         <name>_atan2</name>
         <value>0x9263</value>
         <object_component_ref idref="oc-24f"/>
      </symbol>
      <symbol id="sm-68b">
         <name>_atan</name>
         <value>0x9335</value>
         <object_component_ref idref="oc-254"/>
      </symbol>
      <symbol id="sm-68c">
         <name>_atanf</name>
         <value>0x9335</value>
         <object_component_ref idref="oc-254"/>
      </symbol>
      <symbol id="sm-6ba">
         <name>_c_int00</name>
         <value>0x98ab</value>
         <object_component_ref idref="oc-4e"/>
      </symbol>
      <symbol id="sm-6bb">
         <name>__stack</name>
         <value>0x400</value>
         <object_component_ref idref="oc-1e8"/>
      </symbol>
      <symbol id="sm-6d6">
         <name>FD$$ADD</name>
         <value>0x953a</value>
         <object_component_ref idref="oc-1ee"/>
      </symbol>
      <symbol id="sm-6e6">
         <name>FD$$CMP</name>
         <value>0x9bca</value>
         <object_component_ref idref="oc-1f3"/>
      </symbol>
      <symbol id="sm-6f8">
         <name>FD$$MPY</name>
         <value>0x976f</value>
         <object_component_ref idref="oc-1f8"/>
      </symbol>
      <symbol id="sm-705">
         <name>FD$$NEG</name>
         <value>0x9efb</value>
         <object_component_ref idref="oc-1fd"/>
      </symbol>
      <symbol id="sm-711">
         <name>FD$$SUB</name>
         <value>0x9ed9</value>
         <object_component_ref idref="oc-202"/>
      </symbol>
      <symbol id="sm-722">
         <name>FS$$DIV</name>
         <value>0x9661</value>
         <object_component_ref idref="oc-207"/>
      </symbol>
      <symbol id="sm-732">
         <name>FS$$TOFD</name>
         <value>0x9e4a</value>
         <object_component_ref idref="oc-20c"/>
      </symbol>
      <symbol id="sm-742">
         <name>FD$$TOFS</name>
         <value>0x9cb2</value>
         <object_component_ref idref="oc-211"/>
      </symbol>
      <symbol id="sm-759">
         <name>FD$$DIV</name>
         <value>0x95d6</value>
         <object_component_ref idref="oc-216"/>
      </symbol>
      <symbol id="sm-768">
         <name>_copy_in</name>
         <value>0x9c6b</value>
         <object_component_ref idref="oc-24b"/>
      </symbol>
      <symbol id="sm-77a">
         <name>_memcpy</name>
         <value>0x9e11</value>
         <object_component_ref idref="oc-250"/>
      </symbol>
      <symbol id="sm-787">
         <name>__system_pre_init</name>
         <value>0x9f19</value>
         <object_component_ref idref="oc-24a"/>
      </symbol>
      <symbol id="sm-795">
         <name>__system_post_cinit</name>
         <value>0x8b23</value>
         <object_component_ref idref="oc-24c"/>
      </symbol>
      <symbol id="sm-7aa">
         <name>C$$EXIT</name>
         <value>0x9bf4</value>
         <object_component_ref idref="oc-24e"/>
      </symbol>
      <symbol id="sm-7ab">
         <name>_exit</name>
         <value>0x9bf6</value>
         <object_component_ref idref="oc-24e"/>
      </symbol>
      <symbol id="sm-7ad">
         <name>___TI_cleanup_ptr</name>
         <value>0xd23a</value>
         <object_component_ref idref="oc-231"/>
      </symbol>
      <symbol id="sm-7ae">
         <name>___TI_enable_exit_profile_output</name>
         <value>0xd238</value>
         <object_component_ref idref="oc-231"/>
      </symbol>
      <symbol id="sm-7af">
         <name>_abort</name>
         <value>0x9bf4</value>
         <object_component_ref idref="oc-24e"/>
      </symbol>
      <symbol id="sm-7b1">
         <name>___TI_dtors_ptr</name>
         <value>0xd23c</value>
         <object_component_ref idref="oc-231"/>
      </symbol>
      <symbol id="sm-7c5">
         <name>__unlock</name>
         <value>0xd1fc</value>
         <object_component_ref idref="oc-25e"/>
      </symbol>
      <symbol id="sm-7c6">
         <name>__lock</name>
         <value>0xd13e</value>
         <object_component_ref idref="oc-252"/>
      </symbol>
      <symbol id="sm-7c7">
         <name>__register_lock</name>
         <value>0x9ef6</value>
         <object_component_ref idref="oc-258"/>
      </symbol>
      <symbol id="sm-7c9">
         <name>__nop</name>
         <value>0x9efa</value>
         <object_component_ref idref="oc-258"/>
      </symbol>
      <symbol id="sm-7cb">
         <name>__register_unlock</name>
         <value>0x9ef2</value>
         <object_component_ref idref="oc-258"/>
      </symbol>
      <symbol id="sm-7db">
         <name>__args_main</name>
         <value>0x9ec7</value>
         <object_component_ref idref="oc-24d"/>
      </symbol>
      <symbol id="sm-7e6">
         <name>_errno</name>
         <value>0xd1ff</value>
         <object_component_ref idref="oc-242"/>
      </symbol>
   </symbol_table>
   <title>Link successful</title>
</link_info>
