******************************************************************************
             TMS320C2000 Linker PC v22.6.0                     
******************************************************************************
>> Linked Thu Oct 12 22:04:21 2023

OUTPUT FILE NAME:   <fft_test.out>
ENTRY POINT SYMBOL: "_c_int00"  address: 0000ae9d


MEMORY CONFIGURATION

         name            origin    length      used     unused   attr    fill
----------------------  --------  ---------  --------  --------  ----  --------
PAGE 0:
  BEGIN                 00000000   00000002  00000002  00000000  RWIX
  BOOT_RSVD             00000002   0000004e  00000000  0000004e  RWIX
  RAML0                 00008000   00001000  000004e4  00000b1c  RWIX
  RAML1L2               00009000   00008000  00002533  00005acd  RWIX
  ZONE7A                00200000   0000fc00  00000000  0000fc00  RWIX
  FLASHH                00300000   00008000  00000000  00008000  RWIX
  FLASHG                00308000   00008000  00000000  00008000  RWIX
  FLASHF                00310000   00008000  00000000  00008000  RWIX
  FLASHE                00318000   00008000  00000000  00008000  RWIX
  FLASHD                00320000   00008000  00000000  00008000  RWIX
  FLASHC                00328000   00008000  00000000  00008000  RWIX
  FLASHA                00338000   00007f80  00000000  00007f80  RWIX
  CSM_RSVD              0033ff80   00000076  00000000  00000076  RWIX
  CSM_PWL               0033fff8   00000008  00000000  00000008  RWIX
  ADC_CAL               00380080   00000009  00000007  00000002  RWIX
  OTP                   00380400   00000400  00000000  00000400  RWIX
  IQTABLES              003fe000   00000b50  00000000  00000b50  RWIX
  IQTABLES2             003feb50   0000008c  00000000  0000008c  RWIX
  FPUTABLES             003febdc   000006a0  00000000  000006a0  RWIX
  ROM                   003ff27c   00000d44  00000000  00000d44  RWIX
  RESET                 003fffc0   00000002  00000000  00000002  RWIX
  VECTORS               003fffc2   0000003e  00000000  0000003e  RWIX

PAGE 1:
  BOOT_RSVD             00000002   0000004e  00000000  0000004e  RWIX
  RAMM0                 00000050   000003b0  00000000  000003b0  RWIX
  RAMM1                 00000400   00000400  00000400  00000000  RWIX
  DEV_EMU               00000880   00000180  000000d0  000000b0  RWIX
  FLASH_REGS            00000a80   00000060  00000008  00000058  RWIX
  CSM                   00000ae0   00000010  00000010  00000000  RWIX
  ADC_MIRROR            00000b00   00000010  00000010  00000000  RWIX
  XINTF                 00000b20   00000020  0000001e  00000002  RWIX
  CPU_TIMER0            00000c00   00000008  00000008  00000000  RWIX
  CPU_TIMER1            00000c08   00000008  00000008  00000000  RWIX
  CPU_TIMER2            00000c10   00000008  00000008  00000000  RWIX
  PIE_CTRL              00000ce0   00000020  0000001a  00000006  RWIX
  PIE_VECT              00000d00   00000100  00000100  00000000  RWIX
  DMA                   00001000   00000200  000000e0  00000120  RWIX
  MCBSPA                00005000   00000040  00000025  0000001b  RWIX
  MCBSPB                00005040   00000040  00000025  0000001b  RWIX
  ECANA                 00006000   00000040  00000034  0000000c  RWIX
  ECANA_LAM             00006040   00000040  00000040  00000000  RWIX
  ECANA_MOTS            00006080   00000040  00000040  00000000  RWIX
  ECANA_MOTO            000060c0   00000040  00000040  00000000  RWIX
  ECANA_MBOX            00006100   00000100  00000100  00000000  RWIX
  ECANB                 00006200   00000040  00000034  0000000c  RWIX
  ECANB_LAM             00006240   00000040  00000040  00000000  RWIX
  ECANB_MOTS            00006280   00000040  00000040  00000000  RWIX
  ECANB_MOTO            000062c0   00000040  00000040  00000000  RWIX
  ECANB_MBOX            00006300   00000100  00000100  00000000  RWIX
  EPWM1                 00006800   00000022  00000022  00000000  RWIX
  EPWM2                 00006840   00000022  00000022  00000000  RWIX
  EPWM3                 00006880   00000022  00000022  00000000  RWIX
  EPWM4                 000068c0   00000022  00000022  00000000  RWIX
  EPWM5                 00006900   00000022  00000022  00000000  RWIX
  EPWM6                 00006940   00000022  00000022  00000000  RWIX
  ECAP1                 00006a00   00000020  00000020  00000000  RWIX
  ECAP2                 00006a20   00000020  00000020  00000000  RWIX
  ECAP3                 00006a40   00000020  00000020  00000000  RWIX
  ECAP4                 00006a60   00000020  00000020  00000000  RWIX
  ECAP5                 00006a80   00000020  00000020  00000000  RWIX
  ECAP6                 00006aa0   00000020  00000020  00000000  RWIX
  EQEP1                 00006b00   00000040  00000040  00000000  RWIX
  EQEP2                 00006b40   00000040  00000040  00000000  RWIX
  GPIOCTRL              00006f80   00000040  0000002e  00000012  RWIX
  GPIODAT               00006fc0   00000020  00000020  00000000  RWIX
  GPIOINT               00006fe0   00000020  0000000a  00000016  RWIX
  SYSTEM                00007010   00000020  00000020  00000000  RWIX
  SPIA                  00007040   00000010  00000010  00000000  RWIX
  SCIA                  00007050   00000010  00000010  00000000  RWIX
  XINTRUPT              00007070   00000010  00000010  00000000  RWIX
  ADC                   00007100   00000020  0000001e  00000002  RWIX
  SCIB                  00007750   00000010  00000010  00000000  RWIX
  SCIC                  00007770   00000010  00000010  00000000  RWIX
  I2CA                  00007900   00000040  00000022  0000001e  RWIX
  RAML3                 0000d000   00001000  00000653  000009ad  RWIX
  RAML4                 0000e000   00001000  00001000  00000000  RWIX
  RAML5                 0000f000   00001000  00000c02  000003fe  RWIX
  ZONE7B                0020fc00   00000400  00000000  00000400  RWIX
  FLASHB                00330000   00008000  00000000  00008000  RWIX
  CSM_PWL               0033fff8   00000008  00000008  00000000  RWIX


SECTION ALLOCATION MAP

 output                                  attributes/
section   page    origin      length       input sections
--------  ----  ----------  ----------   ----------------
codestart 
*          0    00000000    00000002     
                  00000000    00000002     DSP2833x_CodeStartBranch.obj (codestart)

.TI.ramfunc 
*          0    00008000    00000000     UNINITIALIZED

.cinit     0    00008000    00000442     
                  00008000    00000403     INPUT.obj (.cinit)
                  00008403    00000018     RFFT.obj (.cinit)
                  0000841b    0000000e     rts2800_fpu32.lib : exit.c.obj (.cinit)
                  00008429    00000005     FIR.obj (.cinit)
                  0000842e    00000005     rts2800_fpu32.lib : _lock.c.obj (.cinit:__lock)
                  00008433    00000005                       : _lock.c.obj (.cinit:__unlock)
                  00008438    00000004     epwm.obj (.cinit)
                  0000843c    00000004     rts2800_fpu32.lib : errno.c.obj (.cinit)
                  00008440    00000002     --HOLE-- [fill = 0]

.pinit     0    00008000    00000000     UNINITIALIZED

.text      0    00009000    00002533     
                  00009000    000006aa     rts2800_fpu32.lib : c99_complex.c.obj (.text)
                  000096aa    0000035e     RFFT.obj (.text)
                  00009a08    00000323     DSP2833x_DefaultIsr.obj (.text:retain)
                  00009d2b    00000001     rts2800_fpu32.lib : startup.c.obj (.text)
                  00009d2c    00000179     ICFFT_f32.obj (.text)
                  00009ea5    00000001     --HOLE-- [fill = 0]
                  00009ea6    00000179     ICFFT_f32t.obj (.text)
                  0000a01f    00000001     --HOLE-- [fill = 0]
                  0000a020    00000138     RFFT_adc_f32.obj (.text)
                  0000a158    0000011d     RFFT_f32.obj (.text)
                  0000a275    00000111     rts2800_fpu32.lib : e_expf.c.obj (.text)
                  0000a386    000000fe     RFFT_f32s_mag.obj (.text)
                  0000a484    000000f7     DSP2833x_SysCtrl.obj (.text)
                  0000a57b    000000ef     rts2800_fpu32.lib : s_cexpf.c.obj (.text)
                  0000a66a    000000d2                       : e_atan2f.c.obj (.text)
                  0000a73c    000000ca                       : s_atanf.c.obj (.text)
                  0000a806    000000b5                       : k_expf.c.obj (.text)
                  0000a8bb    00000001     --HOLE-- [fill = 0]
                  0000a8bc    0000009e     RFFT_adc_f32u.obj (.text)
                  0000a95a    0000009c     RFFT_f32_mag.obj (.text)
                  0000a9f6    0000009c     rts2800_fpu32.lib : fd_add28.asm.obj (.text)
                  0000aa92    0000008b                       : fd_div28.asm.obj (.text)
                  0000ab1d    00000088                       : fs_div28.asm.obj (.text)
                  0000aba5    00000001     --HOLE-- [fill = 0]
                  0000aba6    00000085     RFFT_f32u.obj (.text)
                  0000ac2b    00000083     rts2800_fpu32.lib : fd_mpy28.asm.obj (.text)
                  0000acae    0000006d     RFFT_f32_sincostable.obj (.text)
                  0000ad1b    00000066     rts2800_fpu32.lib : s_sinf.c.obj (.text)
                  0000ad81    00000063                       : s_cosf.c.obj (.text)
                  0000ade4    0000005d     memcpy_fast_far.obj (.text)
                  0000ae41    00000001     --HOLE-- [fill = 0]
                  0000ae42    0000005b     abs_SP_CV_2.obj (.text)
                  0000ae9d    00000056     rts2800_fpu32.lib : boot28.asm.obj (.text)
                  0000aef3    00000001     --HOLE-- [fill = 0]
                  0000aef4    00000051     iabs_SP_CV_2.obj (.text)
                  0000af45    00000001     --HOLE-- [fill = 0]
                  0000af46    0000004a     iir_f32.obj (.text)
                  0000af90    00000043     mpy_SP_RMxRM_2.obj (.text)
                  0000afd3    00000001     --HOLE-- [fill = 0]
                  0000afd4    00000042     mac_SP_i16RVxCV.obj (.text)
                  0000b016    0000003f     mac_SP_RVxCV.obj (.text)
                  0000b055    00000001     --HOLE-- [fill = 0]
                  0000b056    00000039     mac_SP_CVxCV.obj (.text)
                  0000b08f    00000001     --HOLE-- [fill = 0]
                  0000b090    00000038     mean_SP_CV_2.obj (.text)
                  0000b0c8    00000037     FIR_f32.obj (.text)
                  0000b0ff    00000001     --HOLE-- [fill = 0]
                  0000b100    00000032     mpy_SP_RMxRM.obj (.text)
                  0000b132    00000031     abs_SP_CV.obj (.text)
                  0000b163    00000001     --HOLE-- [fill = 0]
                  0000b164    0000002c     iabs_SP_CV.obj (.text)
                  0000b190    0000002c     mpy_SP_RSxRVxRV_2.obj (.text)
                  0000b1bc    0000002a     rts2800_fpu32.lib : fd_cmp28.asm.obj (.text)
                  0000b1e6    00000029                       : exit.c.obj (.text)
                  0000b20f    00000028     DSP2833x_PieCtrl.obj (.text)
                  0000b237    00000001     --HOLE-- [fill = 0]
                  0000b238    00000025     RFFT_f32_win.obj (.text)
                  0000b25d    00000024     rts2800_fpu32.lib : cpy_tbl.c.obj (.text)
                  0000b281    00000023     RFFT_f32_phase.obj (.text)
                  0000b2a4    00000023     rts2800_fpu32.lib : fd_tofsfpu32.asm.obj (.text)
                  0000b2c7    00000022                       : s_cargf.c.obj (.text)
                  0000b2e9    00000001     --HOLE-- [fill = 0]
                  0000b2ea    00000021     mpy_SP_RVxRV_2.obj (.text)
                  0000b30b    00000021     epwm.obj (.text:retain)
                  0000b32c    00000020     DSP2833x_PieVect.obj (.text)
                  0000b34c    0000001f     RFFT_f32_adc_win.obj (.text)
                  0000b36b    00000001     --HOLE-- [fill = 0]
                  0000b36c    0000001f     add_SP_CVxCV.obj (.text)
                  0000b38b    00000001     --HOLE-- [fill = 0]
                  0000b38c    0000001f     mpy_SP_CVxCVC.obj (.text)
                  0000b3ab    00000001     --HOLE-- [fill = 0]
                  0000b3ac    0000001f     sub_SP_CVxCV.obj (.text)
                  0000b3cb    00000001     --HOLE-- [fill = 0]
                  0000b3cc    0000001e     add_SP_CSxCV.obj (.text)
                  0000b3ea    0000001e     sub_SP_CSxCV.obj (.text)
                  0000b408    0000001d     mpy_SP_CVxCV.obj (.text)
                  0000b425    0000001d     rts2800_fpu32.lib : memcpy.c.obj (.text)
                  0000b442    0000001c     maxidx_SP_RV_2.obj (.text)
                  0000b45e    0000001c     rts2800_fpu32.lib : fs_tofdfpu32.asm.obj (.text)
                  0000b47a    0000001b     mpy_SP_RVxCV.obj (.text)
                  0000b495    00000001     --HOLE-- [fill = 0]
                  0000b496    00000018     mpy_SP_RSxRV_2.obj (.text)
                  0000b4ae    00000017     mpy_SP_CSxCS.obj (.text)
                  0000b4c5    00000016     rnd_SP_RS.obj (.text)
                  0000b4db    00000012     rts2800_fpu32.lib : args_main.c.obj (.text)
                  0000b4ed    0000000f     main.obj (.text)
                  0000b4fc    0000000e     rts2800_fpu32.lib : fd_sub28.asm.obj (.text)
                  0000b50a    00000009                       : _lock.c.obj (.text)
                  0000b513    00000009                       : fd_neg28.asm.obj (.text)
                  0000b51c    00000008     DSP2833x_CodeStartBranch.obj (.text)
                  0000b524    00000007     memcpy_fast.obj (.text)
                  0000b52b    00000006     memset_fast.obj (.text)
                  0000b531    00000002     rts2800_fpu32.lib : pre_init.c.obj (.text)

DevEmuRegsFile 
*          1    00000880    000000d0     UNINITIALIZED
                  00000880    000000d0     DSP2833x_GlobalVariableDefs.obj (DevEmuRegsFile)

FlashRegsFile 
*          1    00000a80    00000008     UNINITIALIZED
                  00000a80    00000008     DSP2833x_GlobalVariableDefs.obj (FlashRegsFile)

CsmRegsFile 
*          1    00000ae0    00000010     UNINITIALIZED
                  00000ae0    00000010     DSP2833x_GlobalVariableDefs.obj (CsmRegsFile)

AdcMirrorFile 
*          1    00000b00    00000010     UNINITIALIZED
                  00000b00    00000010     DSP2833x_GlobalVariableDefs.obj (AdcMirrorFile)

XintfRegsFile 
*          1    00000b20    0000001e     UNINITIALIZED
                  00000b20    0000001e     DSP2833x_GlobalVariableDefs.obj (XintfRegsFile)

CpuTimer0RegsFile 
*          1    00000c00    00000008     UNINITIALIZED
                  00000c00    00000008     DSP2833x_GlobalVariableDefs.obj (CpuTimer0RegsFile)

CpuTimer1RegsFile 
*          1    00000c08    00000008     UNINITIALIZED
                  00000c08    00000008     DSP2833x_GlobalVariableDefs.obj (CpuTimer1RegsFile)

CpuTimer2RegsFile 
*          1    00000c10    00000008     UNINITIALIZED
                  00000c10    00000008     DSP2833x_GlobalVariableDefs.obj (CpuTimer2RegsFile)

PieCtrlRegsFile 
*          1    00000ce0    0000001a     UNINITIALIZED
                  00000ce0    0000001a     DSP2833x_GlobalVariableDefs.obj (PieCtrlRegsFile)

ECanaMOTSRegsFile 
*          1    00006080    00000040     UNINITIALIZED
                  00006080    00000040     DSP2833x_GlobalVariableDefs.obj (ECanaMOTSRegsFile)

ECanaMOTORegsFile 
*          1    000060c0    00000040     UNINITIALIZED
                  000060c0    00000040     DSP2833x_GlobalVariableDefs.obj (ECanaMOTORegsFile)

ECanbMOTSRegsFile 
*          1    00006280    00000040     UNINITIALIZED
                  00006280    00000040     DSP2833x_GlobalVariableDefs.obj (ECanbMOTSRegsFile)

ECanbMOTORegsFile 
*          1    000062c0    00000040     UNINITIALIZED
                  000062c0    00000040     DSP2833x_GlobalVariableDefs.obj (ECanbMOTORegsFile)

.stack     1    0000d000    00000400     UNINITIALIZED
                  0000d000    00000400     --HOLE--

.econst    1    0000d400    00000149     
                  0000d400    00000100     DSP2833x_PieVect.obj (.econst:_PieVectTableInit)
                  0000d500    00000010     rts2800_fpu32.lib : e_expf.c.obj (.econst)
                  0000d510    0000000c                       : e_atan2f.c.obj (.econst)
                  0000d51c    0000000a                       : s_atanf.c.obj (.econst:_aT)
                  0000d526    00000008                       : s_atanf.c.obj (.econst:_atanhi)
                  0000d52e    00000008                       : s_atanf.c.obj (.econst:_atanlo)
                  0000d536    00000004                       : e_expf.c.obj (.econst:_halF)
                  0000d53a    00000004                       : e_expf.c.obj (.econst:_ln2HI)
                  0000d53e    00000004                       : e_expf.c.obj (.econst:_ln2LO)
                  0000d542    00000004                       : s_atanf.c.obj (.econst)
                  0000d546    00000002                       : k_expf.c.obj (.econst)
                  0000d548    00000001     FIR.obj (.econst)

.ebss      1    0000d54a    00000106     UNINITIALIZED
                  0000d54a    00000014     ICFFT_f32.obj (.ebss)
                  0000d55e    00000014     ICFFT_f32t.obj (.ebss)
                  0000d572    00000006     rts2800_fpu32.lib : exit.c.obj (.ebss)
                  0000d578    00000002                       : _lock.c.obj (.ebss:__lock)
                  0000d57a    00000002                       : _lock.c.obj (.ebss:__unlock)
                  0000d57c    00000001     epwm.obj (.ebss)
                  0000d57d    00000001     rts2800_fpu32.lib : errno.c.obj (.ebss)
                  0000d57e    00000002     --HOLE--
                  0000d580    000000bc     RFFT.obj (.ebss)
                  0000d63c    00000004     --HOLE--
                  0000d640    00000010     FIR.obj (.ebss)

ramfuncs   1    0000d650    00000004     
                  0000d650    00000004     DSP2833x_usDelay.obj (ramfuncs)

FFT_buffer1 
*          1    0000e000    00000800     UNINITIALIZED
                  0000e000    00000800     RFFT.obj (FFT_buffer1)

FFT_buffer2 
*          1    0000e800    00000800     UNINITIALIZED
                  0000e800    00000800     RFFT.obj (FFT_buffer2)

FFT_buffer3 
*          1    0000f000    00000c02     UNINITIALIZED
                  0000f000    00000800     INPUT.obj (FFT_buffer3)
                  0000f800    00000402     RFFT.obj (FFT_buffer3)

.reset     0    003fffc0    00000002     DSECT
                  003fffc0    00000002     rts2800_fpu32.lib : boot28.asm.obj (.reset)

csm_rsvd   0    0033ff80    00000000     DSECT

csmpasswds 
*          0    0033fff8    00000000     DSECT

.adc_cal   0    00380080    00000007     NOLOAD SECTION
                  00380080    00000007     DSP2833x_ADC_cal.obj (.adc_cal)

PieVectTableFile 
*          1    00000d00    00000100     UNINITIALIZED
                  00000d00    00000100     DSP2833x_GlobalVariableDefs.obj (PieVectTableFile)

DmaRegsFile 
*          1    00001000    000000e0     UNINITIALIZED
                  00001000    000000e0     DSP2833x_GlobalVariableDefs.obj (DmaRegsFile)

McbspaRegsFile 
*          1    00005000    00000025     UNINITIALIZED
                  00005000    00000025     DSP2833x_GlobalVariableDefs.obj (McbspaRegsFile)

McbspbRegsFile 
*          1    00005040    00000025     UNINITIALIZED
                  00005040    00000025     DSP2833x_GlobalVariableDefs.obj (McbspbRegsFile)

ECanaRegsFile 
*          1    00006000    00000034     UNINITIALIZED
                  00006000    00000034     DSP2833x_GlobalVariableDefs.obj (ECanaRegsFile)

ECanaLAMRegsFile 
*          1    00006040    00000040     UNINITIALIZED
                  00006040    00000040     DSP2833x_GlobalVariableDefs.obj (ECanaLAMRegsFile)

ECanaMboxesFile 
*          1    00006100    00000100     UNINITIALIZED
                  00006100    00000100     DSP2833x_GlobalVariableDefs.obj (ECanaMboxesFile)

ECanbRegsFile 
*          1    00006200    00000034     UNINITIALIZED
                  00006200    00000034     DSP2833x_GlobalVariableDefs.obj (ECanbRegsFile)

ECanbLAMRegsFile 
*          1    00006240    00000040     UNINITIALIZED
                  00006240    00000040     DSP2833x_GlobalVariableDefs.obj (ECanbLAMRegsFile)

ECanbMboxesFile 
*          1    00006300    00000100     UNINITIALIZED
                  00006300    00000100     DSP2833x_GlobalVariableDefs.obj (ECanbMboxesFile)

EPwm1RegsFile 
*          1    00006800    00000022     UNINITIALIZED
                  00006800    00000022     DSP2833x_GlobalVariableDefs.obj (EPwm1RegsFile)

EPwm2RegsFile 
*          1    00006840    00000022     UNINITIALIZED
                  00006840    00000022     DSP2833x_GlobalVariableDefs.obj (EPwm2RegsFile)

EPwm3RegsFile 
*          1    00006880    00000022     UNINITIALIZED
                  00006880    00000022     DSP2833x_GlobalVariableDefs.obj (EPwm3RegsFile)

EPwm4RegsFile 
*          1    000068c0    00000022     UNINITIALIZED
                  000068c0    00000022     DSP2833x_GlobalVariableDefs.obj (EPwm4RegsFile)

EPwm5RegsFile 
*          1    00006900    00000022     UNINITIALIZED
                  00006900    00000022     DSP2833x_GlobalVariableDefs.obj (EPwm5RegsFile)

EPwm6RegsFile 
*          1    00006940    00000022     UNINITIALIZED
                  00006940    00000022     DSP2833x_GlobalVariableDefs.obj (EPwm6RegsFile)

ECap1RegsFile 
*          1    00006a00    00000020     UNINITIALIZED
                  00006a00    00000020     DSP2833x_GlobalVariableDefs.obj (ECap1RegsFile)

ECap2RegsFile 
*          1    00006a20    00000020     UNINITIALIZED
                  00006a20    00000020     DSP2833x_GlobalVariableDefs.obj (ECap2RegsFile)

ECap3RegsFile 
*          1    00006a40    00000020     UNINITIALIZED
                  00006a40    00000020     DSP2833x_GlobalVariableDefs.obj (ECap3RegsFile)

ECap4RegsFile 
*          1    00006a60    00000020     UNINITIALIZED
                  00006a60    00000020     DSP2833x_GlobalVariableDefs.obj (ECap4RegsFile)

ECap5RegsFile 
*          1    00006a80    00000020     UNINITIALIZED
                  00006a80    00000020     DSP2833x_GlobalVariableDefs.obj (ECap5RegsFile)

ECap6RegsFile 
*          1    00006aa0    00000020     UNINITIALIZED
                  00006aa0    00000020     DSP2833x_GlobalVariableDefs.obj (ECap6RegsFile)

EQep1RegsFile 
*          1    00006b00    00000040     UNINITIALIZED
                  00006b00    00000040     DSP2833x_GlobalVariableDefs.obj (EQep1RegsFile)

EQep2RegsFile 
*          1    00006b40    00000040     UNINITIALIZED
                  00006b40    00000040     DSP2833x_GlobalVariableDefs.obj (EQep2RegsFile)

GpioCtrlRegsFile 
*          1    00006f80    0000002e     UNINITIALIZED
                  00006f80    0000002e     DSP2833x_GlobalVariableDefs.obj (GpioCtrlRegsFile)

GpioDataRegsFile 
*          1    00006fc0    00000020     UNINITIALIZED
                  00006fc0    00000020     DSP2833x_GlobalVariableDefs.obj (GpioDataRegsFile)

GpioIntRegsFile 
*          1    00006fe0    0000000a     UNINITIALIZED
                  00006fe0    0000000a     DSP2833x_GlobalVariableDefs.obj (GpioIntRegsFile)

SysCtrlRegsFile 
*          1    00007010    00000020     UNINITIALIZED
                  00007010    00000020     DSP2833x_GlobalVariableDefs.obj (SysCtrlRegsFile)

SpiaRegsFile 
*          1    00007040    00000010     UNINITIALIZED
                  00007040    00000010     DSP2833x_GlobalVariableDefs.obj (SpiaRegsFile)

SciaRegsFile 
*          1    00007050    00000010     UNINITIALIZED
                  00007050    00000010     DSP2833x_GlobalVariableDefs.obj (SciaRegsFile)

XIntruptRegsFile 
*          1    00007070    00000010     UNINITIALIZED
                  00007070    00000010     DSP2833x_GlobalVariableDefs.obj (XIntruptRegsFile)

AdcRegsFile 
*          1    00007100    0000001e     UNINITIALIZED
                  00007100    0000001e     DSP2833x_GlobalVariableDefs.obj (AdcRegsFile)

ScibRegsFile 
*          1    00007750    00000010     UNINITIALIZED
                  00007750    00000010     DSP2833x_GlobalVariableDefs.obj (ScibRegsFile)

ScicRegsFile 
*          1    00007770    00000010     UNINITIALIZED
                  00007770    00000010     DSP2833x_GlobalVariableDefs.obj (ScicRegsFile)

I2caRegsFile 
*          1    00007900    00000022     UNINITIALIZED
                  00007900    00000022     DSP2833x_GlobalVariableDefs.obj (I2caRegsFile)

CsmPwlFile 
*          1    0033fff8    00000008     UNINITIALIZED
                  0033fff8    00000008     DSP2833x_GlobalVariableDefs.obj (CsmPwlFile)

FIR_buffer0 
*          0    00008442    000000a2     
                  00008442    000000a2     FIR.obj (FIR_buffer0)

FIR_buffer1 
*          1    00000400    00000400     UNINITIALIZED
                  00000400    00000400     FIR.obj (FIR_buffer1)

MODULE SUMMARY

       Module                            code   initialized data   uninitialized data
       ------                            ----   ----------------   ------------------
    .\APP\EPWM\
       epwm.obj                          33     4                  1                 
    +--+---------------------------------+------+------------------+--------------------+
       Total:                            33     4                  1                 
                                                                                     
    .\APP\FFT\
       RFFT.obj                          862    24                 5310              
       INPUT.obj                         0      1027               2048              
    +--+---------------------------------+------+------------------+--------------------+
       Total:                            862    1051               7358              
                                                                                     
    .\APP\FIR\
       FIR.obj                           0      168                1040              
    +--+---------------------------------+------+------------------+--------------------+
       Total:                            0      168                1040              
                                                                                     
    .\DSP2833x_Libraries\
       DSP2833x_GlobalVariableDefs.obj   0      0                  2678              
       DSP2833x_DefaultIsr.obj           803    0                  0                 
       DSP2833x_PieVect.obj              32     256                0                 
       DSP2833x_SysCtrl.obj              247    0                  0                 
       DSP2833x_PieCtrl.obj              40     0                  0                 
       DSP2833x_CodeStartBranch.obj      10     0                  0                 
       DSP2833x_ADC_cal.obj              7      0                  0                 
       DSP2833x_usDelay.obj              4      0                  0                 
    +--+---------------------------------+------+------------------+--------------------+
       Total:                            1143   256                2678              
                                                                                     
    .\FPU\source\fft\
       ICFFT_f32.obj                     377    0                  20                
       ICFFT_f32t.obj                    377    0                  20                
       RFFT_adc_f32.obj                  312    0                  0                 
       RFFT_f32.obj                      285    0                  0                 
       RFFT_f32s_mag.obj                 254    0                  0                 
       RFFT_adc_f32u.obj                 158    0                  0                 
       RFFT_f32_mag.obj                  156    0                  0                 
       RFFT_f32u.obj                     133    0                  0                 
       RFFT_f32_sincostable.obj          109    0                  0                 
       RFFT_f32_win.obj                  37     0                  0                 
       RFFT_f32_phase.obj                35     0                  0                 
       RFFT_f32_adc_win.obj              31     0                  0                 
    +--+---------------------------------+------+------------------+--------------------+
       Total:                            2264   0                  40                
                                                                                     
    .\FPU\source\filter\
       iir_f32.obj                       74     0                  0                 
       FIR_f32.obj                       55     0                  0                 
    +--+---------------------------------+------+------------------+--------------------+
       Total:                            129    0                  0                 
                                                                                     
    .\FPU\source\utility\
       memcpy_fast_far.obj               93     0                  0                 
       memcpy_fast.obj                   7      0                  0                 
       memset_fast.obj                   6      0                  0                 
    +--+---------------------------------+------+------------------+--------------------+
       Total:                            106    0                  0                 
                                                                                     
    .\FPU\source\vector\
       abs_SP_CV_2.obj                   91     0                  0                 
       iabs_SP_CV_2.obj                  81     0                  0                 
       mpy_SP_RMxRM_2.obj                67     0                  0                 
       mac_SP_i16RVxCV.obj               66     0                  0                 
       mac_SP_RVxCV.obj                  63     0                  0                 
       mac_SP_CVxCV.obj                  57     0                  0                 
       mean_SP_CV_2.obj                  56     0                  0                 
       mpy_SP_RMxRM.obj                  50     0                  0                 
       abs_SP_CV.obj                     49     0                  0                 
       iabs_SP_CV.obj                    44     0                  0                 
       mpy_SP_RSxRVxRV_2.obj             44     0                  0                 
       mpy_SP_RVxRV_2.obj                33     0                  0                 
       add_SP_CVxCV.obj                  31     0                  0                 
       mpy_SP_CVxCVC.obj                 31     0                  0                 
       sub_SP_CVxCV.obj                  31     0                  0                 
       add_SP_CSxCV.obj                  30     0                  0                 
       sub_SP_CSxCV.obj                  30     0                  0                 
       mpy_SP_CVxCV.obj                  29     0                  0                 
       maxidx_SP_RV_2.obj                28     0                  0                 
       mpy_SP_RVxCV.obj                  27     0                  0                 
       mpy_SP_RSxRV_2.obj                24     0                  0                 
       mpy_SP_CSxCS.obj                  23     0                  0                 
       rnd_SP_RS.obj                     22     0                  0                 
    +--+---------------------------------+------+------------------+--------------------+
       Total:                            1007   0                  0                 
                                                                                     
    .\User\
       main.obj                          15     0                  0                 
    +--+---------------------------------+------+------------------+--------------------+
       Total:                            15     0                  0                 
                                                                                     
    C:\ti\ccs1240\ccs\tools\compiler\ti-cgt-c2000_22.6.0.LTS\lib\rts2800_fpu32.lib
       c99_complex.c.obj                 1706   0                  0                 
       e_expf.c.obj                      273    28                 0                 
       s_cexpf.c.obj                     239    0                  0                 
       s_atanf.c.obj                     202    30                 0                 
       e_atan2f.c.obj                    210    12                 0                 
       k_expf.c.obj                      181    2                  0                 
       fd_add28.asm.obj                  156    0                  0                 
       fd_div28.asm.obj                  139    0                  0                 
       fs_div28.asm.obj                  136    0                  0                 
       fd_mpy28.asm.obj                  131    0                  0                 
       s_sinf.c.obj                      102    0                  0                 
       s_cosf.c.obj                      99     0                  0                 
       boot28.asm.obj                    86     0                  0                 
       exit.c.obj                        41     14                 6                 
       fd_cmp28.asm.obj                  42     0                  0                 
       cpy_tbl.c.obj                     36     0                  0                 
       fd_tofsfpu32.asm.obj              35     0                  0                 
       s_cargf.c.obj                     34     0                  0                 
       memcpy.c.obj                      29     0                  0                 
       fs_tofdfpu32.asm.obj              28     0                  0                 
       _lock.c.obj                       9      10                 4                 
       args_main.c.obj                   18     0                  0                 
       fd_sub28.asm.obj                  14     0                  0                 
       fd_neg28.asm.obj                  9      0                  0                 
       errno.c.obj                       0      4                  1                 
       pre_init.c.obj                    2      0                  0                 
       startup.c.obj                     1      0                  0                 
    +--+---------------------------------+------+------------------+--------------------+
       Total:                            3958   100                11                
                                                                                     
       Stack:                            0      0                  1024              
    +--+---------------------------------+------+------------------+--------------------+
       Grand Total:                      9517   1579               12152             


GLOBAL DATA SYMBOLS: SORTED BY DATA PAGE

address     data page           name
--------    ----------------    ----
00000400      10 (00000400)     _FIR_output

00000880      22 (00000880)     _DevEmuRegs

00000a80      2a (00000a80)     _FlashRegs

00000ae0      2b (00000ac0)     _CsmRegs

00000b00      2c (00000b00)     _AdcMirror
00000b20      2c (00000b00)     _XintfRegs

00000c00      30 (00000c00)     _CpuTimer0Regs
00000c08      30 (00000c00)     _CpuTimer1Regs
00000c10      30 (00000c00)     _CpuTimer2Regs

00000ce0      33 (00000cc0)     _PieCtrlRegs

00000d00      34 (00000d00)     _PieVectTable

00001000      40 (00001000)     _DmaRegs

00005000     140 (00005000)     _McbspaRegs

00005040     141 (00005040)     _McbspbRegs

00006000     180 (00006000)     _ECanaRegs

00006040     181 (00006040)     _ECanaLAMRegs

00006080     182 (00006080)     _ECanaMOTSRegs

000060c0     183 (000060c0)     _ECanaMOTORegs

00006100     184 (00006100)     _ECanaMboxes

00006200     188 (00006200)     _ECanbRegs

00006240     189 (00006240)     _ECanbLAMRegs

00006280     18a (00006280)     _ECanbMOTSRegs

000062c0     18b (000062c0)     _ECanbMOTORegs

00006300     18c (00006300)     _ECanbMboxes

00006800     1a0 (00006800)     _EPwm1Regs

00006840     1a1 (00006840)     _EPwm2Regs

00006880     1a2 (00006880)     _EPwm3Regs

000068c0     1a3 (000068c0)     _EPwm4Regs

00006900     1a4 (00006900)     _EPwm5Regs

00006940     1a5 (00006940)     _EPwm6Regs

00006a00     1a8 (00006a00)     _ECap1Regs
00006a20     1a8 (00006a00)     _ECap2Regs

00006a40     1a9 (00006a40)     _ECap3Regs
00006a60     1a9 (00006a40)     _ECap4Regs

00006a80     1aa (00006a80)     _ECap5Regs
00006aa0     1aa (00006a80)     _ECap6Regs

00006b00     1ac (00006b00)     _EQep1Regs

00006b40     1ad (00006b40)     _EQep2Regs

00006f80     1be (00006f80)     _GpioCtrlRegs

00006fc0     1bf (00006fc0)     _GpioDataRegs
00006fe0     1bf (00006fc0)     _GpioIntRegs

00007010     1c0 (00007000)     _SysCtrlRegs

00007040     1c1 (00007040)     _SpiaRegs
00007050     1c1 (00007040)     _SciaRegs
00007070     1c1 (00007040)     _XIntruptRegs

00007100     1c4 (00007100)     _AdcRegs

00007750     1dd (00007740)     _ScibRegs
00007770     1dd (00007740)     _ScicRegs

00007900     1e4 (00007900)     _I2caRegs

00008442     211 (00008440)     _coeffs

0000d000     340 (0000d000)     __stack

0000d400     350 (0000d400)     _PieVectTableInit

0000d548     355 (0000d540)     _BL
0000d572     355 (0000d540)     ___TI_enable_exit_profile_output
0000d574     355 (0000d540)     ___TI_cleanup_ptr
0000d576     355 (0000d540)     ___TI_dtors_ptr
0000d578     355 (0000d540)     __lock
0000d57a     355 (0000d540)     __unlock
0000d57d     355 (0000d540)     _errno

0000d580     356 (0000d580)     _hnd_rfft
0000d582     356 (0000d580)     _hnd_rfft_adc
0000d584     356 (0000d580)     _myabs
0000d58e     356 (0000d580)     _rfft_adc
0000d592     356 (0000d580)     _rfft

0000d5c0     357 (0000d5c0)     _rfft_analyse

0000d640     359 (0000d640)     _hnd_fir
0000d642     359 (0000d640)     _fir

0000e000     380 (0000e000)     _FFT_output

0000e800     3a0 (0000e800)     _FFT_twiddleFactors

0000f000     3c0 (0000f000)     _FFT_input

0000f800     3e0 (0000f800)     _FFT_magnitude_phase

0033fff8    cfff (0033ffc0)     _CsmPwl


GLOBAL SYMBOLS: SORTED ALPHABETICALLY BY Name 

page  address   name                                   
----  -------   ----                                   
abs   ffffffff  .text                                  
0     0000b1e6  C$$EXIT                                
0     0000a9f6  FD$$ADD                                
0     0000b1bc  FD$$CMP                                
0     0000aa92  FD$$DIV                                
0     0000ac2b  FD$$MPY                                
0     0000b513  FD$$NEG                                
0     0000b4fc  FD$$SUB                                
0     0000b2a4  FD$$TOFS                               
0     0000ab1d  FS$$DIV                                
0     0000b45e  FS$$TOFD                               
0     00009aee  _ADCINT_ISR                            
0     00380080  _ADC_cal                               
1     00000b00  _AdcMirror                             
1     00007100  _AdcRegs                               
1     0000d548  _BL                                    
1     00000c00  _CpuTimer0Regs                         
1     00000c08  _CpuTimer1Regs                         
1     00000c10  _CpuTimer2Regs                         
1     0033fff8  _CsmPwl                                
1     00000ae0  _CsmRegs                               
0     0000a54a  _CsmUnlock                             
0     00009a1c  _DATALOG_ISR                           
0     00009c10  _DINTCH1_ISR                           
0     00009c1a  _DINTCH2_ISR                           
0     00009c24  _DINTCH3_ISR                           
0     00009c2e  _DINTCH4_ISR                           
0     00009c38  _DINTCH5_ISR                           
0     00009c42  _DINTCH6_ISR                           
1     0000d650  _DSP28x_usDelay                        
1     00000880  _DevEmuRegs                            
0     0000a497  _DisableDog                            
1     00001000  _DmaRegs                               
0     00009c9c  _ECAN0INTA_ISR                         
0     00009cb0  _ECAN0INTB_ISR                         
0     00009ca6  _ECAN1INTA_ISR                         
0     00009cba  _ECAN1INTB_ISR                         
0     00009b84  _ECAP1_INT_ISR                         
0     00009b8e  _ECAP2_INT_ISR                         
0     00009b98  _ECAP3_INT_ISR                         
0     00009ba2  _ECAP4_INT_ISR                         
0     00009bac  _ECAP5_INT_ISR                         
0     00009bb6  _ECAP6_INT_ISR                         
1     00006040  _ECanaLAMRegs                          
1     000060c0  _ECanaMOTORegs                         
1     00006080  _ECanaMOTSRegs                         
1     00006100  _ECanaMboxes                           
1     00006000  _ECanaRegs                             
1     00006240  _ECanbLAMRegs                          
1     000062c0  _ECanbMOTORegs                         
1     00006280  _ECanbMOTSRegs                         
1     00006300  _ECanbMboxes                           
1     00006200  _ECanbRegs                             
1     00006a00  _ECap1Regs                             
1     00006a20  _ECap2Regs                             
1     00006a40  _ECap3Regs                             
1     00006a60  _ECap4Regs                             
1     00006a80  _ECap5Regs                             
1     00006aa0  _ECap6Regs                             
0     00009d0a  _EMPTY_ISR                             
0     00009a30  _EMUINT_ISR                            
0     00009b48  _EPWM1_INT_ISR                         
0     00009b0c  _EPWM1_TZINT_ISR                       
0     00009b52  _EPWM2_INT_ISR                         
0     00009b16  _EPWM2_TZINT_ISR                       
0     00009b5c  _EPWM3_INT_ISR                         
0     00009b20  _EPWM3_TZINT_ISR                       
0     00009b66  _EPWM4_INT_ISR                         
0     00009b2a  _EPWM4_TZINT_ISR                       
0     00009b70  _EPWM5_INT_ISR                         
0     00009b34  _EPWM5_TZINT_ISR                       
0     00009b7a  _EPWM6_INT_ISR                         
0     00009b3e  _EPWM6_TZINT_ISR                       
1     00006800  _EPwm1Regs                             
1     00006840  _EPwm2Regs                             
1     00006880  _EPwm3Regs                             
1     000068c0  _EPwm4Regs                             
1     00006900  _EPwm5Regs                             
1     00006940  _EPwm6Regs                             
0     00009bc0  _EQEP1_INT_ISR                         
0     00009bca  _EQEP2_INT_ISR                         
1     00006b00  _EQep1Regs                             
1     00006b40  _EQep2Regs                             
0     0000b22e  _EnableInterrupts                      
1     0000f000  _FFT_input                             
1     0000f800  _FFT_magnitude_phase                   
1     0000e000  _FFT_output                            
1     0000e800  _FFT_twiddleFactors                    
0     0000b0d4  _FIR_f32_calc                          
0     0000b0c8  _FIR_f32_init                          
1     00000400  _FIR_output                            
1     00000a80  _FlashRegs                             
1     00006f80  _GpioCtrlRegs                          
1     00006fc0  _GpioDataRegs                          
1     00006fe0  _GpioIntRegs                           
0     00009c4c  _I2CINT1A_ISR                          
0     00009c56  _I2CINT2A_ISR                          
1     00007900  _I2caRegs                              
0     00009d2c  _ICFFT_f32                             
0     00009ea6  _ICFFT_f32t                            
0     0000af4f  _IIR_f32_calc                          
0     0000af46  _IIR_f32_init                          
0     00009a44  _ILLEGAL_ISR                           
0     00009a08  _INT13_ISR                             
0     00009a12  _INT14_ISR                             
0     0000a4ef  _InitPeripheralClocks                  
0     0000b20f  _InitPieCtrl                           
0     0000b32c  _InitPieVectTable                      
0     0000a49f  _InitPll                               
0     0000a484  _InitSysCtrl                           
0     00009d00  _LUF_ISR                               
0     00009cf6  _LVF_ISR                               
0     00009bfc  _MRINTA_ISR                            
0     00009be8  _MRINTB_ISR                            
0     00009c06  _MXINTA_ISR                            
0     00009bf2  _MXINTB_ISR                            
1     00005000  _McbspaRegs                            
1     00005040  _McbspbRegs                            
0     00009a3a  _NMI_ISR                               
0     00009d17  _PIE_RESERVED                          
1     00000ce0  _PieCtrlRegs                           
1     00000d00  _PieVectTable                          
1     0000d400  _PieVectTableInit                      
0     0000972a  _RFFT_ADC_Caculate                     
0     000096f7  _RFFT_ADC_Init                         
0     000098f3  _RFFT_Analyse                          
0     00009855  _RFFT_Fractional_Frequency             
0     000097e4  _RFFT_Peak_Find                        
0     0000973f  _RFFT_Phase_Caculate                   
0     0000a020  _RFFT_adc_f32                          
0     0000b34c  _RFFT_adc_f32_win                      
0     0000a8bc  _RFFT_adc_f32u                         
0     0000a158  _RFFT_f32                              
0     0000a95a  _RFFT_f32_mag                          
0     0000b281  _RFFT_f32_phase                        
0     0000acae  _RFFT_f32_sincostable                  
0     0000b238  _RFFT_f32_win                          
0     0000a386  _RFFT_f32s_mag                         
0     0000aba6  _RFFT_f32u                             
0     00009a26  _RTOSINT_ISR                           
0     00008000  _RamfuncsLoadEnd                       
abs   00000000  _RamfuncsLoadSize                      
0     00008000  _RamfuncsLoadStart                     
0     00008000  _RamfuncsRunStart                      
0     00009c74  _SCIRXINTA_ISR                         
0     00009c88  _SCIRXINTB_ISR                         
0     00009c60  _SCIRXINTC_ISR                         
0     00009c7e  _SCITXINTA_ISR                         
0     00009c92  _SCITXINTB_ISR                         
0     00009c6a  _SCITXINTC_ISR                         
0     00009ac6  _SEQ1INT_ISR                           
0     00009ad0  _SEQ2INT_ISR                           
0     00009bd4  _SPIRXINTA_ISR                         
0     00009bde  _SPITXINTA_ISR                         
1     00007050  _SciaRegs                              
1     00007750  _ScibRegs                              
1     00007770  _ScicRegs                              
0     0000a48d  _ServiceDog                            
1     00007040  _SpiaRegs                              
1     00007010  _SysCtrlRegs                           
0     00009af8  _TINT0_ISR                             
0     00009aa8  _USER10_ISR                            
0     00009ab2  _USER11_ISR                            
0     00009abc  _USER12_ISR                            
0     00009a4e  _USER1_ISR                             
0     00009a58  _USER2_ISR                             
0     00009a62  _USER3_ISR                             
0     00009a6c  _USER4_ISR                             
0     00009a76  _USER5_ISR                             
0     00009a80  _USER6_ISR                             
0     00009a8a  _USER7_ISR                             
0     00009a94  _USER8_ISR                             
0     00009a9e  _USER9_ISR                             
0     00009b02  _WAKEINT_ISR                           
0     00009ada  _XINT1_ISR                             
0     00009ae4  _XINT2_ISR                             
0     00009cc4  _XINT3_ISR                             
0     00009cce  _XINT4_ISR                             
0     00009cd8  _XINT5_ISR                             
0     00009ce2  _XINT6_ISR                             
0     00009cec  _XINT7_ISR                             
1     00007070  _XIntruptRegs                          
1     00000b20  _XintfRegs                             
1     0000d400  __STACK_END                            
abs   00000400  __STACK_SIZE                           
1     0000d574  ___TI_cleanup_ptr                      
1     0000d576  ___TI_dtors_ptr                        
1     0000d572  ___TI_enable_exit_profile_output       
abs   ffffffff  ___TI_pprof_out_hndl                   
abs   ffffffff  ___TI_prof_data_size                   
abs   ffffffff  ___TI_prof_data_start                  
abs   ffffffff  ___binit__                             
0     00009690  ___c99_cdouble_to_cfloat               
0     0000966c  ___c99_cdouble_to_clong_double         
0     00009660  ___c99_cdouble_to_double               
0     00009654  ___c99_cdouble_to_idouble              
0     0000963a  ___c99_cfloat_to_cdouble               
0     00009616  ___c99_cfloat_to_clong_double          
0     0000960a  ___c99_cfloat_to_float                 
0     000095fe  ___c99_cfloat_to_ifloat                
0     000095da  ___c99_clong_double_to_cdouble         
0     000095b6  ___c99_clong_double_to_cfloat          
0     000095a3  ___c99_clong_double_to_ilong_double    
0     00009590  ___c99_clong_double_to_long_double     
0     00009562  ___c99_complex_double_add              
0     00009546  ___c99_complex_double_conj             
0     000094e7  ___c99_complex_double_divide           
0     000094c1  ___c99_complex_double_eq               
0     00009477  ___c99_complex_double_multiply         
0     00009451  ___c99_complex_double_ne               
0     0000942f  ___c99_complex_double_negate           
0     00009401  ___c99_complex_double_subtract         
0     000093d3  ___c99_complex_float_add               
0     000093b7  ___c99_complex_float_conj              
0     00009358  ___c99_complex_float_divide            
0     00009332  ___c99_complex_float_eq                
0     000092e8  ___c99_complex_float_multiply          
0     000092c2  ___c99_complex_float_ne                
0     000092a0  ___c99_complex_float_negate            
0     00009272  ___c99_complex_float_subtract          
0     0000923c  ___c99_complex_long_double_add         
0     0000921e  ___c99_complex_long_double_conj        
0     00009182  ___c99_complex_long_double_divide      
0     00009157  ___c99_complex_long_double_eq          
0     000090f3  ___c99_complex_long_double_multiply    
0     000090c8  ___c99_complex_long_double_ne          
0     000090a2  ___c99_complex_long_double_negate      
0     0000906c  ___c99_complex_long_double_subtract    
0     0000905b  ___c99_double_to_cdouble               
0     0000904a  ___c99_float_to_cfloat                 
0     00009039  ___c99_idouble_to_cdouble              
0     00009028  ___c99_ifloat_to_cfloat                
0     00009014  ___c99_ilong_double_to_clong_double    
0     00009000  ___c99_long_double_to_clong_double     
abs   ffffffff  ___c_args__                            
0     00008000  ___cinit__                             
abs   ffffffff  ___etext__                             
0     0000a839  ___ldexp_cexpf                         
0     0000a820  ___ldexp_expf                          
abs   ffffffff  ___pinit__                             
abs   ffffffff  ___text__                              
0     0000b4db  __args_main                            
1     0000d578  __lock                                 
0     0000b512  __nop                                  
0     0000b50e  __register_lock                        
0     0000b50a  __register_unlock                      
1     0000d000  __stack                                
0     00009d2b  __system_post_cinit                    
0     0000b531  __system_pre_init                      
1     0000d57a  __unlock                               
0     0000b1e6  _abort                                 
0     0000b132  _abs_SP_CV                             
0     0000ae42  _abs_SP_CV_2                           
0     0000b3cc  _add_SP_CSxCV                          
0     0000b36c  _add_SP_CVxCV                          
0     0000a73c  _atan                                  
0     0000a66a  _atan2                                 
0     0000a66a  _atan2f                                
0     0000a73c  _atanf                                 
0     0000ae9d  _c_int00                               
0     0000b2c7  _cargf                                 
0     0000a57b  _cexp                                  
0     0000a57b  _cexpf                                 
0     00008442  _coeffs                                
0     0000b25d  _copy_in                               
0     0000ad81  _cos                                   
0     0000ad81  _cosf                                  
0     0000b30b  _epwm1_isr                             
1     0000d57d  _errno                                 
0     0000b1e8  _exit                                  
0     0000a275  _exp                                   
0     0000a275  _expf                                  
1     0000d642  _fir                                   
1     0000d640  _hnd_fir                               
1     0000d580  _hnd_rfft                              
1     0000d582  _hnd_rfft_adc                          
0     0000b164  _iabs_SP_CV                            
0     0000aef4  _iabs_SP_CV_2                          
0     0000b056  _mac_SP_CVxCV                          
0     0000b016  _mac_SP_RVxCV                          
0     0000afd4  _mac_SP_i16RVxCV                       
0     0000b4ed  _main                                  
0     0000b442  _maxidx_SP_RV_2                        
0     0000b090  _mean_SP_CV_2                          
0     0000b425  _memcpy                                
0     0000b524  _memcpy_fast                           
0     0000ade4  _memcpy_fast_far                       
0     0000b52b  _memset_fast                           
0     0000b4ae  _mpy_SP_CSxCS                          
0     0000b408  _mpy_SP_CVxCV                          
0     0000b38c  _mpy_SP_CVxCVC                         
0     0000b100  _mpy_SP_RMxRM                          
0     0000af90  _mpy_SP_RMxRM_2                        
0     0000b497  _mpy_SP_RSxRV_2                        
0     0000b190  _mpy_SP_RSxRVxRV_2                     
0     0000b47a  _mpy_SP_RVxCV                          
0     0000b2ea  _mpy_SP_RVxRV_2                        
1     0000d584  _myabs                                 
1     0000d592  _rfft                                  
1     0000d58e  _rfft_adc                              
0     0000a0b0  _rfft_adc_f32_Stages4andUp             
1     0000d5c0  _rfft_analyse                          
0     0000a161  _rfft_f32_Stages1and2and3andBitReverse 
0     0000a1cd  _rfft_f32_Stages4andUp                 
0     0000abaf  _rfft_f32u_Stages1and2and3andBitReverse
0     0000b4c5  _rnd_SP_RS                             
0     00009d21  _rsvd_ISR                              
0     0000ad1b  _sin                                   
0     0000ad1b  _sinf                                  
0     0000b3ea  _sub_SP_CSxCV                          
0     0000b3ac  _sub_SP_CVxCV                          
abs   ffffffff  binit                                  
0     00008000  cinit                                  
0     00000000  code_start                             
abs   ffffffff  etext                                  
abs   ffffffff  pinit                                  


GLOBAL SYMBOLS: SORTED BY Symbol Address 

page  address   name                                   
----  -------   ----                                   
0     00000000  code_start                             
0     00008000  _RamfuncsLoadEnd                       
0     00008000  _RamfuncsLoadStart                     
0     00008000  _RamfuncsRunStart                      
0     00008000  ___cinit__                             
0     00008000  cinit                                  
0     00008442  _coeffs                                
0     00009000  ___c99_long_double_to_clong_double     
0     00009014  ___c99_ilong_double_to_clong_double    
0     00009028  ___c99_ifloat_to_cfloat                
0     00009039  ___c99_idouble_to_cdouble              
0     0000904a  ___c99_float_to_cfloat                 
0     0000905b  ___c99_double_to_cdouble               
0     0000906c  ___c99_complex_long_double_subtract    
0     000090a2  ___c99_complex_long_double_negate      
0     000090c8  ___c99_complex_long_double_ne          
0     000090f3  ___c99_complex_long_double_multiply    
0     00009157  ___c99_complex_long_double_eq          
0     00009182  ___c99_complex_long_double_divide      
0     0000921e  ___c99_complex_long_double_conj        
0     0000923c  ___c99_complex_long_double_add         
0     00009272  ___c99_complex_float_subtract          
0     000092a0  ___c99_complex_float_negate            
0     000092c2  ___c99_complex_float_ne                
0     000092e8  ___c99_complex_float_multiply          
0     00009332  ___c99_complex_float_eq                
0     00009358  ___c99_complex_float_divide            
0     000093b7  ___c99_complex_float_conj              
0     000093d3  ___c99_complex_float_add               
0     00009401  ___c99_complex_double_subtract         
0     0000942f  ___c99_complex_double_negate           
0     00009451  ___c99_complex_double_ne               
0     00009477  ___c99_complex_double_multiply         
0     000094c1  ___c99_complex_double_eq               
0     000094e7  ___c99_complex_double_divide           
0     00009546  ___c99_complex_double_conj             
0     00009562  ___c99_complex_double_add              
0     00009590  ___c99_clong_double_to_long_double     
0     000095a3  ___c99_clong_double_to_ilong_double    
0     000095b6  ___c99_clong_double_to_cfloat          
0     000095da  ___c99_clong_double_to_cdouble         
0     000095fe  ___c99_cfloat_to_ifloat                
0     0000960a  ___c99_cfloat_to_float                 
0     00009616  ___c99_cfloat_to_clong_double          
0     0000963a  ___c99_cfloat_to_cdouble               
0     00009654  ___c99_cdouble_to_idouble              
0     00009660  ___c99_cdouble_to_double               
0     0000966c  ___c99_cdouble_to_clong_double         
0     00009690  ___c99_cdouble_to_cfloat               
0     000096f7  _RFFT_ADC_Init                         
0     0000972a  _RFFT_ADC_Caculate                     
0     0000973f  _RFFT_Phase_Caculate                   
0     000097e4  _RFFT_Peak_Find                        
0     00009855  _RFFT_Fractional_Frequency             
0     000098f3  _RFFT_Analyse                          
0     00009a08  _INT13_ISR                             
0     00009a12  _INT14_ISR                             
0     00009a1c  _DATALOG_ISR                           
0     00009a26  _RTOSINT_ISR                           
0     00009a30  _EMUINT_ISR                            
0     00009a3a  _NMI_ISR                               
0     00009a44  _ILLEGAL_ISR                           
0     00009a4e  _USER1_ISR                             
0     00009a58  _USER2_ISR                             
0     00009a62  _USER3_ISR                             
0     00009a6c  _USER4_ISR                             
0     00009a76  _USER5_ISR                             
0     00009a80  _USER6_ISR                             
0     00009a8a  _USER7_ISR                             
0     00009a94  _USER8_ISR                             
0     00009a9e  _USER9_ISR                             
0     00009aa8  _USER10_ISR                            
0     00009ab2  _USER11_ISR                            
0     00009abc  _USER12_ISR                            
0     00009ac6  _SEQ1INT_ISR                           
0     00009ad0  _SEQ2INT_ISR                           
0     00009ada  _XINT1_ISR                             
0     00009ae4  _XINT2_ISR                             
0     00009aee  _ADCINT_ISR                            
0     00009af8  _TINT0_ISR                             
0     00009b02  _WAKEINT_ISR                           
0     00009b0c  _EPWM1_TZINT_ISR                       
0     00009b16  _EPWM2_TZINT_ISR                       
0     00009b20  _EPWM3_TZINT_ISR                       
0     00009b2a  _EPWM4_TZINT_ISR                       
0     00009b34  _EPWM5_TZINT_ISR                       
0     00009b3e  _EPWM6_TZINT_ISR                       
0     00009b48  _EPWM1_INT_ISR                         
0     00009b52  _EPWM2_INT_ISR                         
0     00009b5c  _EPWM3_INT_ISR                         
0     00009b66  _EPWM4_INT_ISR                         
0     00009b70  _EPWM5_INT_ISR                         
0     00009b7a  _EPWM6_INT_ISR                         
0     00009b84  _ECAP1_INT_ISR                         
0     00009b8e  _ECAP2_INT_ISR                         
0     00009b98  _ECAP3_INT_ISR                         
0     00009ba2  _ECAP4_INT_ISR                         
0     00009bac  _ECAP5_INT_ISR                         
0     00009bb6  _ECAP6_INT_ISR                         
0     00009bc0  _EQEP1_INT_ISR                         
0     00009bca  _EQEP2_INT_ISR                         
0     00009bd4  _SPIRXINTA_ISR                         
0     00009bde  _SPITXINTA_ISR                         
0     00009be8  _MRINTB_ISR                            
0     00009bf2  _MXINTB_ISR                            
0     00009bfc  _MRINTA_ISR                            
0     00009c06  _MXINTA_ISR                            
0     00009c10  _DINTCH1_ISR                           
0     00009c1a  _DINTCH2_ISR                           
0     00009c24  _DINTCH3_ISR                           
0     00009c2e  _DINTCH4_ISR                           
0     00009c38  _DINTCH5_ISR                           
0     00009c42  _DINTCH6_ISR                           
0     00009c4c  _I2CINT1A_ISR                          
0     00009c56  _I2CINT2A_ISR                          
0     00009c60  _SCIRXINTC_ISR                         
0     00009c6a  _SCITXINTC_ISR                         
0     00009c74  _SCIRXINTA_ISR                         
0     00009c7e  _SCITXINTA_ISR                         
0     00009c88  _SCIRXINTB_ISR                         
0     00009c92  _SCITXINTB_ISR                         
0     00009c9c  _ECAN0INTA_ISR                         
0     00009ca6  _ECAN1INTA_ISR                         
0     00009cb0  _ECAN0INTB_ISR                         
0     00009cba  _ECAN1INTB_ISR                         
0     00009cc4  _XINT3_ISR                             
0     00009cce  _XINT4_ISR                             
0     00009cd8  _XINT5_ISR                             
0     00009ce2  _XINT6_ISR                             
0     00009cec  _XINT7_ISR                             
0     00009cf6  _LVF_ISR                               
0     00009d00  _LUF_ISR                               
0     00009d0a  _EMPTY_ISR                             
0     00009d17  _PIE_RESERVED                          
0     00009d21  _rsvd_ISR                              
0     00009d2b  __system_post_cinit                    
0     00009d2c  _ICFFT_f32                             
0     00009ea6  _ICFFT_f32t                            
0     0000a020  _RFFT_adc_f32                          
0     0000a0b0  _rfft_adc_f32_Stages4andUp             
0     0000a158  _RFFT_f32                              
0     0000a161  _rfft_f32_Stages1and2and3andBitReverse 
0     0000a1cd  _rfft_f32_Stages4andUp                 
0     0000a275  _exp                                   
0     0000a275  _expf                                  
0     0000a386  _RFFT_f32s_mag                         
0     0000a484  _InitSysCtrl                           
0     0000a48d  _ServiceDog                            
0     0000a497  _DisableDog                            
0     0000a49f  _InitPll                               
0     0000a4ef  _InitPeripheralClocks                  
0     0000a54a  _CsmUnlock                             
0     0000a57b  _cexp                                  
0     0000a57b  _cexpf                                 
0     0000a66a  _atan2                                 
0     0000a66a  _atan2f                                
0     0000a73c  _atan                                  
0     0000a73c  _atanf                                 
0     0000a820  ___ldexp_expf                          
0     0000a839  ___ldexp_cexpf                         
0     0000a8bc  _RFFT_adc_f32u                         
0     0000a95a  _RFFT_f32_mag                          
0     0000a9f6  FD$$ADD                                
0     0000aa92  FD$$DIV                                
0     0000ab1d  FS$$DIV                                
0     0000aba6  _RFFT_f32u                             
0     0000abaf  _rfft_f32u_Stages1and2and3andBitReverse
0     0000ac2b  FD$$MPY                                
0     0000acae  _RFFT_f32_sincostable                  
0     0000ad1b  _sin                                   
0     0000ad1b  _sinf                                  
0     0000ad81  _cos                                   
0     0000ad81  _cosf                                  
0     0000ade4  _memcpy_fast_far                       
0     0000ae42  _abs_SP_CV_2                           
0     0000ae9d  _c_int00                               
0     0000aef4  _iabs_SP_CV_2                          
0     0000af46  _IIR_f32_init                          
0     0000af4f  _IIR_f32_calc                          
0     0000af90  _mpy_SP_RMxRM_2                        
0     0000afd4  _mac_SP_i16RVxCV                       
0     0000b016  _mac_SP_RVxCV                          
0     0000b056  _mac_SP_CVxCV                          
0     0000b090  _mean_SP_CV_2                          
0     0000b0c8  _FIR_f32_init                          
0     0000b0d4  _FIR_f32_calc                          
0     0000b100  _mpy_SP_RMxRM                          
0     0000b132  _abs_SP_CV                             
0     0000b164  _iabs_SP_CV                            
0     0000b190  _mpy_SP_RSxRVxRV_2                     
0     0000b1bc  FD$$CMP                                
0     0000b1e6  C$$EXIT                                
0     0000b1e6  _abort                                 
0     0000b1e8  _exit                                  
0     0000b20f  _InitPieCtrl                           
0     0000b22e  _EnableInterrupts                      
0     0000b238  _RFFT_f32_win                          
0     0000b25d  _copy_in                               
0     0000b281  _RFFT_f32_phase                        
0     0000b2a4  FD$$TOFS                               
0     0000b2c7  _cargf                                 
0     0000b2ea  _mpy_SP_RVxRV_2                        
0     0000b30b  _epwm1_isr                             
0     0000b32c  _InitPieVectTable                      
0     0000b34c  _RFFT_adc_f32_win                      
0     0000b36c  _add_SP_CVxCV                          
0     0000b38c  _mpy_SP_CVxCVC                         
0     0000b3ac  _sub_SP_CVxCV                          
0     0000b3cc  _add_SP_CSxCV                          
0     0000b3ea  _sub_SP_CSxCV                          
0     0000b408  _mpy_SP_CVxCV                          
0     0000b425  _memcpy                                
0     0000b442  _maxidx_SP_RV_2                        
0     0000b45e  FS$$TOFD                               
0     0000b47a  _mpy_SP_RVxCV                          
0     0000b497  _mpy_SP_RSxRV_2                        
0     0000b4ae  _mpy_SP_CSxCS                          
0     0000b4c5  _rnd_SP_RS                             
0     0000b4db  __args_main                            
0     0000b4ed  _main                                  
0     0000b4fc  FD$$SUB                                
0     0000b50a  __register_unlock                      
0     0000b50e  __register_lock                        
0     0000b512  __nop                                  
0     0000b513  FD$$NEG                                
0     0000b524  _memcpy_fast                           
0     0000b52b  _memset_fast                           
0     0000b531  __system_pre_init                      
0     00380080  _ADC_cal                               
1     00000400  _FIR_output                            
1     00000880  _DevEmuRegs                            
1     00000a80  _FlashRegs                             
1     00000ae0  _CsmRegs                               
1     00000b00  _AdcMirror                             
1     00000b20  _XintfRegs                             
1     00000c00  _CpuTimer0Regs                         
1     00000c08  _CpuTimer1Regs                         
1     00000c10  _CpuTimer2Regs                         
1     00000ce0  _PieCtrlRegs                           
1     00000d00  _PieVectTable                          
1     00001000  _DmaRegs                               
1     00005000  _McbspaRegs                            
1     00005040  _McbspbRegs                            
1     00006000  _ECanaRegs                             
1     00006040  _ECanaLAMRegs                          
1     00006080  _ECanaMOTSRegs                         
1     000060c0  _ECanaMOTORegs                         
1     00006100  _ECanaMboxes                           
1     00006200  _ECanbRegs                             
1     00006240  _ECanbLAMRegs                          
1     00006280  _ECanbMOTSRegs                         
1     000062c0  _ECanbMOTORegs                         
1     00006300  _ECanbMboxes                           
1     00006800  _EPwm1Regs                             
1     00006840  _EPwm2Regs                             
1     00006880  _EPwm3Regs                             
1     000068c0  _EPwm4Regs                             
1     00006900  _EPwm5Regs                             
1     00006940  _EPwm6Regs                             
1     00006a00  _ECap1Regs                             
1     00006a20  _ECap2Regs                             
1     00006a40  _ECap3Regs                             
1     00006a60  _ECap4Regs                             
1     00006a80  _ECap5Regs                             
1     00006aa0  _ECap6Regs                             
1     00006b00  _EQep1Regs                             
1     00006b40  _EQep2Regs                             
1     00006f80  _GpioCtrlRegs                          
1     00006fc0  _GpioDataRegs                          
1     00006fe0  _GpioIntRegs                           
1     00007010  _SysCtrlRegs                           
1     00007040  _SpiaRegs                              
1     00007050  _SciaRegs                              
1     00007070  _XIntruptRegs                          
1     00007100  _AdcRegs                               
1     00007750  _ScibRegs                              
1     00007770  _ScicRegs                              
1     00007900  _I2caRegs                              
1     0000d000  __stack                                
1     0000d400  _PieVectTableInit                      
1     0000d400  __STACK_END                            
1     0000d548  _BL                                    
1     0000d572  ___TI_enable_exit_profile_output       
1     0000d574  ___TI_cleanup_ptr                      
1     0000d576  ___TI_dtors_ptr                        
1     0000d578  __lock                                 
1     0000d57a  __unlock                               
1     0000d57d  _errno                                 
1     0000d580  _hnd_rfft                              
1     0000d582  _hnd_rfft_adc                          
1     0000d584  _myabs                                 
1     0000d58e  _rfft_adc                              
1     0000d592  _rfft                                  
1     0000d5c0  _rfft_analyse                          
1     0000d640  _hnd_fir                               
1     0000d642  _fir                                   
1     0000d650  _DSP28x_usDelay                        
1     0000e000  _FFT_output                            
1     0000e800  _FFT_twiddleFactors                    
1     0000f000  _FFT_input                             
1     0000f800  _FFT_magnitude_phase                   
1     0033fff8  _CsmPwl                                
abs   00000000  _RamfuncsLoadSize                      
abs   00000400  __STACK_SIZE                           
abs   ffffffff  .text                                  
abs   ffffffff  ___TI_pprof_out_hndl                   
abs   ffffffff  ___TI_prof_data_size                   
abs   ffffffff  ___TI_prof_data_start                  
abs   ffffffff  ___binit__                             
abs   ffffffff  ___c_args__                            
abs   ffffffff  ___etext__                             
abs   ffffffff  ___pinit__                             
abs   ffffffff  ___text__                              
abs   ffffffff  binit                                  
abs   ffffffff  etext                                  
abs   ffffffff  pinit                                  

[316 symbols]
