******************************************************************************
             TMS320C2000 Linker PC v22.6.0                     
******************************************************************************
>> Linked Mon Jan  9 19:27:21 2023

OUTPUT FILE NAME:   <0-start.out>
ENTRY POINT SYMBOL: "_c_int00"  address: 0000a693


MEMORY CONFIGURATION

         name            origin    length      used     unused   attr    fill
----------------------  --------  ---------  --------  --------  ----  --------
PAGE 0:
  BEGIN                 00000000   00000002  00000002  00000000  RWIX
  BOOT_RSVD             00000002   0000004e  0000001f  0000002f  RWIX
  RAML0                 00008000   00000800  00000439  000003c7  RWIX
  RAML1L2               00008800   00004800  0000255e  000022a2  RWIX
  ZONE7A                00200000   0000fc00  00000000  0000fc00  RWIX
  FLASHH                00300000   00008000  00000000  00008000  RWIX
  FLASHG                00308000   00008000  00000000  00008000  RWIX
  FLASHF                00310000   00008000  00000000  00008000  RWIX
  FLASHE                00318000   00008000  00000000  00008000  RWIX
  FLASHD                00320000   00008000  00000000  00008000  RWIX
  FLASHC                00328000   00008000  00000000  00008000  RWIX
  FLASHA                00338000   00007f80  00000000  00007f80  RWIX
  CSM_RSVD              0033ff80   00000076  00000000  00000076  RWIX
  CSM_PWL               0033fff8   00000008  00000000  00000008  RWIX
  ADC_CAL               00380080   00000009  00000007  00000002  RWIX
  OTP                   00380400   00000400  00000000  00000400  RWIX
  IQTABLES              003fe000   00000b50  00000000  00000b50  RWIX
  IQTABLES2             003feb50   0000008c  00000000  0000008c  RWIX
  FPUTABLES             003febdc   000006a0  00000000  000006a0  RWIX
  ROM                   003ff27c   00000d44  00000000  00000d44  RWIX
  RESET                 003fffc0   00000002  00000000  00000002  RWIX
  VECTORS               003fffc2   0000003e  00000000  0000003e  RWIX

PAGE 1:
  BOOT_RSVD             00000002   0000004e  00000000  0000004e  RWIX
  RAMM0                 00000050   000003b0  00000000  000003b0  RWIX
  RAMM1                 00000400   00000400  00000300  00000100  RWIX
  DEV_EMU               00000880   00000180  000000d0  000000b0  RWIX
  FLASH_REGS            00000a80   00000060  00000008  00000058  RWIX
  CSM                   00000ae0   00000010  00000010  00000000  RWIX
  ADC_MIRROR            00000b00   00000010  00000010  00000000  RWIX
  XINTF                 00000b20   00000020  0000001e  00000002  RWIX
  CPU_TIMER0            00000c00   00000008  00000008  00000000  RWIX
  CPU_TIMER1            00000c08   00000008  00000008  00000000  RWIX
  CPU_TIMER2            00000c10   00000008  00000008  00000000  RWIX
  PIE_CTRL              00000ce0   00000020  0000001a  00000006  RWIX
  PIE_VECT              00000d00   00000100  00000100  00000000  RWIX
  DMA                   00001000   00000200  000000e0  00000120  RWIX
  MCBSPA                00005000   00000040  00000025  0000001b  RWIX
  MCBSPB                00005040   00000040  00000025  0000001b  RWIX
  ECANA                 00006000   00000040  00000034  0000000c  RWIX
  ECANA_LAM             00006040   00000040  00000040  00000000  RWIX
  ECANA_MOTS            00006080   00000040  00000040  00000000  RWIX
  ECANA_MOTO            000060c0   00000040  00000040  00000000  RWIX
  ECANA_MBOX            00006100   00000100  00000100  00000000  RWIX
  ECANB                 00006200   00000040  00000034  0000000c  RWIX
  ECANB_LAM             00006240   00000040  00000040  00000000  RWIX
  ECANB_MOTS            00006280   00000040  00000040  00000000  RWIX
  ECANB_MOTO            000062c0   00000040  00000040  00000000  RWIX
  ECANB_MBOX            00006300   00000100  00000100  00000000  RWIX
  EPWM1                 00006800   00000022  00000022  00000000  RWIX
  EPWM2                 00006840   00000022  00000022  00000000  RWIX
  EPWM3                 00006880   00000022  00000022  00000000  RWIX
  EPWM4                 000068c0   00000022  00000022  00000000  RWIX
  EPWM5                 00006900   00000022  00000022  00000000  RWIX
  EPWM6                 00006940   00000022  00000022  00000000  RWIX
  ECAP1                 00006a00   00000020  00000020  00000000  RWIX
  ECAP2                 00006a20   00000020  00000020  00000000  RWIX
  ECAP3                 00006a40   00000020  00000020  00000000  RWIX
  ECAP4                 00006a60   00000020  00000020  00000000  RWIX
  ECAP5                 00006a80   00000020  00000020  00000000  RWIX
  ECAP6                 00006aa0   00000020  00000020  00000000  RWIX
  EQEP1                 00006b00   00000040  00000040  00000000  RWIX
  EQEP2                 00006b40   00000040  00000040  00000000  RWIX
  GPIOCTRL              00006f80   00000040  0000002e  00000012  RWIX
  GPIODAT               00006fc0   00000020  00000020  00000000  RWIX
  GPIOINT               00006fe0   00000020  0000000a  00000016  RWIX
  SYSTEM                00007010   00000020  00000020  00000000  RWIX
  SPIA                  00007040   00000010  00000010  00000000  RWIX
  SCIA                  00007050   00000010  00000010  00000000  RWIX
  XINTRUPT              00007070   00000010  00000010  00000000  RWIX
  ADC                   00007100   00000020  0000001e  00000002  RWIX
  SCIB                  00007750   00000010  00000010  00000000  RWIX
  SCIC                  00007770   00000010  00000010  00000000  RWIX
  I2CA                  00007900   00000040  00000022  0000001e  RWIX
  RAML3                 0000d000   00001000  00000254  00000dac  RWIX
  RAML4                 0000e000   00001000  00001000  00000000  RWIX
  RAML5                 0000f000   00001000  00000c02  000003fe  RWIX
  ZONE7B                0020fc00   00000400  00000000  00000400  RWIX
  FLASHB                00330000   00008000  00000000  00008000  RWIX
  CSM_PWL               0033fff8   00000008  00000008  00000000  RWIX
  PARTID                00380090   00000001  00000001  00000000  RWIX


SECTION ALLOCATION MAP

 output                                  attributes/
section   page    origin      length       input sections
--------  ----  ----------  ----------   ----------------
DevEmuRegsFile 
*          1    00000880    000000d0     UNINITIALIZED
                  00000880    000000d0     DSP2833x_GlobalVariableDefs.obj (DevEmuRegsFile)

FlashRegsFile 
*          1    00000a80    00000008     UNINITIALIZED
                  00000a80    00000008     DSP2833x_GlobalVariableDefs.obj (FlashRegsFile)

CsmRegsFile 
*          1    00000ae0    00000010     UNINITIALIZED
                  00000ae0    00000010     DSP2833x_GlobalVariableDefs.obj (CsmRegsFile)

AdcMirrorFile 
*          1    00000b00    00000010     UNINITIALIZED
                  00000b00    00000010     DSP2833x_GlobalVariableDefs.obj (AdcMirrorFile)

XintfRegsFile 
*          1    00000b20    0000001e     UNINITIALIZED
                  00000b20    0000001e     DSP2833x_GlobalVariableDefs.obj (XintfRegsFile)

CpuTimer0RegsFile 
*          1    00000c00    00000008     UNINITIALIZED
                  00000c00    00000008     DSP2833x_GlobalVariableDefs.obj (CpuTimer0RegsFile)

CpuTimer1RegsFile 
*          1    00000c08    00000008     UNINITIALIZED
                  00000c08    00000008     DSP2833x_GlobalVariableDefs.obj (CpuTimer1RegsFile)

CpuTimer2RegsFile 
*          1    00000c10    00000008     UNINITIALIZED
                  00000c10    00000008     DSP2833x_GlobalVariableDefs.obj (CpuTimer2RegsFile)

PieCtrlRegsFile 
*          1    00000ce0    0000001a     UNINITIALIZED
                  00000ce0    0000001a     DSP2833x_GlobalVariableDefs.obj (PieCtrlRegsFile)

PieVectTableFile 
*          1    00000d00    00000100     UNINITIALIZED
                  00000d00    00000100     DSP2833x_GlobalVariableDefs.obj (PieVectTableFile)

DmaRegsFile 
*          1    00001000    000000e0     UNINITIALIZED
                  00001000    000000e0     DSP2833x_GlobalVariableDefs.obj (DmaRegsFile)

McbspaRegsFile 
*          1    00005000    00000025     UNINITIALIZED
                  00005000    00000025     DSP2833x_GlobalVariableDefs.obj (McbspaRegsFile)

McbspbRegsFile 
*          1    00005040    00000025     UNINITIALIZED
                  00005040    00000025     DSP2833x_GlobalVariableDefs.obj (McbspbRegsFile)

ECanaRegsFile 
*          1    00006000    00000034     UNINITIALIZED
                  00006000    00000034     DSP2833x_GlobalVariableDefs.obj (ECanaRegsFile)

ECanaLAMRegsFile 
*          1    00006040    00000040     UNINITIALIZED
                  00006040    00000040     DSP2833x_GlobalVariableDefs.obj (ECanaLAMRegsFile)

ECanaMOTSRegsFile 
*          1    00006080    00000040     UNINITIALIZED
                  00006080    00000040     DSP2833x_GlobalVariableDefs.obj (ECanaMOTSRegsFile)

ECanaMOTORegsFile 
*          1    000060c0    00000040     UNINITIALIZED
                  000060c0    00000040     DSP2833x_GlobalVariableDefs.obj (ECanaMOTORegsFile)

ECanaMboxesFile 
*          1    00006100    00000100     UNINITIALIZED
                  00006100    00000100     DSP2833x_GlobalVariableDefs.obj (ECanaMboxesFile)

ECanbRegsFile 
*          1    00006200    00000034     UNINITIALIZED
                  00006200    00000034     DSP2833x_GlobalVariableDefs.obj (ECanbRegsFile)

ECanbLAMRegsFile 
*          1    00006240    00000040     UNINITIALIZED
                  00006240    00000040     DSP2833x_GlobalVariableDefs.obj (ECanbLAMRegsFile)

ECanbMOTSRegsFile 
*          1    00006280    00000040     UNINITIALIZED
                  00006280    00000040     DSP2833x_GlobalVariableDefs.obj (ECanbMOTSRegsFile)

ECanbMOTORegsFile 
*          1    000062c0    00000040     UNINITIALIZED
                  000062c0    00000040     DSP2833x_GlobalVariableDefs.obj (ECanbMOTORegsFile)

ECanbMboxesFile 
*          1    00006300    00000100     UNINITIALIZED
                  00006300    00000100     DSP2833x_GlobalVariableDefs.obj (ECanbMboxesFile)

EPwm1RegsFile 
*          1    00006800    00000022     UNINITIALIZED
                  00006800    00000022     DSP2833x_GlobalVariableDefs.obj (EPwm1RegsFile)

EPwm2RegsFile 
*          1    00006840    00000022     UNINITIALIZED
                  00006840    00000022     DSP2833x_GlobalVariableDefs.obj (EPwm2RegsFile)

EPwm3RegsFile 
*          1    00006880    00000022     UNINITIALIZED
                  00006880    00000022     DSP2833x_GlobalVariableDefs.obj (EPwm3RegsFile)

EPwm4RegsFile 
*          1    000068c0    00000022     UNINITIALIZED
                  000068c0    00000022     DSP2833x_GlobalVariableDefs.obj (EPwm4RegsFile)

EPwm5RegsFile 
*          1    00006900    00000022     UNINITIALIZED
                  00006900    00000022     DSP2833x_GlobalVariableDefs.obj (EPwm5RegsFile)

EPwm6RegsFile 
*          1    00006940    00000022     UNINITIALIZED
                  00006940    00000022     DSP2833x_GlobalVariableDefs.obj (EPwm6RegsFile)

ECap1RegsFile 
*          1    00006a00    00000020     UNINITIALIZED
                  00006a00    00000020     DSP2833x_GlobalVariableDefs.obj (ECap1RegsFile)

ECap2RegsFile 
*          1    00006a20    00000020     UNINITIALIZED
                  00006a20    00000020     DSP2833x_GlobalVariableDefs.obj (ECap2RegsFile)

ECap3RegsFile 
*          1    00006a40    00000020     UNINITIALIZED
                  00006a40    00000020     DSP2833x_GlobalVariableDefs.obj (ECap3RegsFile)

ECap4RegsFile 
*          1    00006a60    00000020     UNINITIALIZED
                  00006a60    00000020     DSP2833x_GlobalVariableDefs.obj (ECap4RegsFile)

ECap5RegsFile 
*          1    00006a80    00000020     UNINITIALIZED
                  00006a80    00000020     DSP2833x_GlobalVariableDefs.obj (ECap5RegsFile)

ECap6RegsFile 
*          1    00006aa0    00000020     UNINITIALIZED
                  00006aa0    00000020     DSP2833x_GlobalVariableDefs.obj (ECap6RegsFile)

EQep1RegsFile 
*          1    00006b00    00000040     UNINITIALIZED
                  00006b00    00000040     DSP2833x_GlobalVariableDefs.obj (EQep1RegsFile)

EQep2RegsFile 
*          1    00006b40    00000040     UNINITIALIZED
                  00006b40    00000040     DSP2833x_GlobalVariableDefs.obj (EQep2RegsFile)

GpioCtrlRegsFile 
*          1    00006f80    0000002e     UNINITIALIZED
                  00006f80    0000002e     DSP2833x_GlobalVariableDefs.obj (GpioCtrlRegsFile)

GpioDataRegsFile 
*          1    00006fc0    00000020     UNINITIALIZED
                  00006fc0    00000020     DSP2833x_GlobalVariableDefs.obj (GpioDataRegsFile)

GpioIntRegsFile 
*          1    00006fe0    0000000a     UNINITIALIZED
                  00006fe0    0000000a     DSP2833x_GlobalVariableDefs.obj (GpioIntRegsFile)

SysCtrlRegsFile 
*          1    00007010    00000020     UNINITIALIZED
                  00007010    00000020     DSP2833x_GlobalVariableDefs.obj (SysCtrlRegsFile)

SpiaRegsFile 
*          1    00007040    00000010     UNINITIALIZED
                  00007040    00000010     DSP2833x_GlobalVariableDefs.obj (SpiaRegsFile)

SciaRegsFile 
*          1    00007050    00000010     UNINITIALIZED
                  00007050    00000010     DSP2833x_GlobalVariableDefs.obj (SciaRegsFile)

XIntruptRegsFile 
*          1    00007070    00000010     UNINITIALIZED
                  00007070    00000010     DSP2833x_GlobalVariableDefs.obj (XIntruptRegsFile)

AdcRegsFile 
*          1    00007100    0000001e     UNINITIALIZED
                  00007100    0000001e     DSP2833x_GlobalVariableDefs.obj (AdcRegsFile)

ScibRegsFile 
*          1    00007750    00000010     UNINITIALIZED
                  00007750    00000010     DSP2833x_GlobalVariableDefs.obj (ScibRegsFile)

ScicRegsFile 
*          1    00007770    00000010     UNINITIALIZED
                  00007770    00000010     DSP2833x_GlobalVariableDefs.obj (ScicRegsFile)

I2caRegsFile 
*          1    00007900    00000022     UNINITIALIZED
                  00007900    00000022     DSP2833x_GlobalVariableDefs.obj (I2caRegsFile)

CsmPwlFile 
*          1    0033fff8    00000008     UNINITIALIZED
                  0033fff8    00000008     DSP2833x_GlobalVariableDefs.obj (CsmPwlFile)

PartIdRegsFile 
*          1    00380090    00000001     UNINITIALIZED
                  00380090    00000001     DSP2833x_GlobalVariableDefs.obj (PartIdRegsFile)

codestart 
*          0    00000000    00000002     
                  00000000    00000002     DSP2833x_CodeStartBranch.obj (codestart)

.TI.ramfunc 
*          0    00008000    00000000     UNINITIALIZED

.cinit     0    00008000    00000439     
                  00008000    00000403     INPUT.obj (.cinit)
                  00008403    00000018     RFFT.obj (.cinit)
                  0000841b    0000000e     rts2800_fpu32.lib : exit.c.obj (.cinit)
                  00008429    00000005                       : _lock.c.obj (.cinit:__lock)
                  0000842e    00000005                       : _lock.c.obj (.cinit:__unlock)
                  00008433    00000004                       : errno.c.obj (.cinit)
                  00008437    00000002     --HOLE-- [fill = 0]

.pinit     0    00008000    00000000     UNINITIALIZED

.stack     1    00000400    00000300     UNINITIALIZED
                  00000400    00000300     --HOLE--

.econst    1    0000d000    00000148     
                  0000d000    00000100     DSP2833x_PieVect.obj (.econst:_PieVectTableInit)
                  0000d100    00000010     rts2800_fpu32.lib : e_expf.c.obj (.econst)
                  0000d110    0000000c                       : e_atan2f.c.obj (.econst)
                  0000d11c    0000000a                       : s_atanf.c.obj (.econst:_aT)
                  0000d126    00000008                       : s_atanf.c.obj (.econst:_atanhi)
                  0000d12e    00000008                       : s_atanf.c.obj (.econst:_atanlo)
                  0000d136    00000004                       : e_expf.c.obj (.econst:_halF)
                  0000d13a    00000004                       : e_expf.c.obj (.econst:_ln2HI)
                  0000d13e    00000004                       : e_expf.c.obj (.econst:_ln2LO)
                  0000d142    00000004                       : s_atanf.c.obj (.econst)
                  0000d146    00000002                       : k_expf.c.obj (.econst)

.ebss      1    0000d148    0000010c     UNINITIALIZED
                  0000d148    00000018     DSP2833x_CpuTimers.obj (.ebss)
                  0000d160    00000014     ICFFT_f32.obj (.ebss)
                  0000d174    00000006     rts2800_fpu32.lib : exit.c.obj (.ebss)
                  0000d17a    00000002                       : _lock.c.obj (.ebss:__lock)
                  0000d17c    00000002                       : _lock.c.obj (.ebss:__unlock)
                  0000d17e    00000001                       : errno.c.obj (.ebss)
                  0000d17f    00000001     --HOLE--
                  0000d180    000000bc     RFFT.obj (.ebss)
                  0000d23c    00000004     --HOLE--
                  0000d240    00000014     ICFFT_f32t.obj (.ebss)

FFT_buffer1 
*          1    0000e000    00000800     UNINITIALIZED
                  0000e000    00000800     RFFT.obj (FFT_buffer1)

FFT_buffer2 
*          1    0000e800    00000800     UNINITIALIZED
                  0000e800    00000800     RFFT.obj (FFT_buffer2)

FFT_buffer3 
*          1    0000f000    00000c02     UNINITIALIZED
                  0000f000    00000800     INPUT.obj (FFT_buffer3)
                  0000f800    00000402     RFFT.obj (FFT_buffer3)

.reset     0    003fffc0    00000002     DSECT
                  003fffc0    00000002     rts2800_fpu32.lib : boot28.asm.obj (.reset)

csm_rsvd   0    0033ff80    00000076     DSECT
                  0033ff80    00000076     DSP2833x_CSMPasswords.obj (csm_rsvd)

csmpasswds 
*          0    0033fff8    00000008     DSECT
                  0033fff8    00000008     DSP2833x_CSMPasswords.obj (csmpasswds)

.adc_cal   0    00380080    00000007     NOLOAD SECTION
                  00380080    00000007     DSP2833x_ADC_cal.obj (.adc_cal)

ramfuncs   0    00000002    0000001f     
                  00000002    0000001b     DSP2833x_SysCtrl.obj (ramfuncs)
                  0000001d    00000004     DSP2833x_usDelay.obj (ramfuncs)

.text      0    00008800    0000255e     
                  00008800    000006aa     rts2800_fpu32.lib : c99_complex.c.obj (.text)
                  00008eaa    00000361     RFFT.obj (.text)
                  0000920b    00000316     DSP2833x_DefaultIsr.obj (.text:retain)
                  00009521    00000001     rts2800_fpu32.lib : startup.c.obj (.text)
                  00009522    00000179     ICFFT_f32.obj (.text)
                  0000969b    00000001     --HOLE-- [fill = 0]
                  0000969c    00000179     ICFFT_f32t.obj (.text)
                  00009815    00000001     --HOLE-- [fill = 0]
                  00009816    00000138     RFFT_adc_f32.obj (.text)
                  0000994e    0000011d     RFFT_f32.obj (.text)
                  00009a6b    00000111     rts2800_fpu32.lib : e_expf.c.obj (.text)
                  00009b7c    000000fe     RFFT_f32s_mag.obj (.text)
                  00009c7a    000000f7     DSP2833x_SysCtrl.obj (.text)
                  00009d71    000000ef     rts2800_fpu32.lib : s_cexpf.c.obj (.text)
                  00009e60    000000d2                       : e_atan2f.c.obj (.text)
                  00009f32    000000ca                       : s_atanf.c.obj (.text)
                  00009ffc    000000b5                       : k_expf.c.obj (.text)
                  0000a0b1    00000001     --HOLE-- [fill = 0]
                  0000a0b2    0000009e     RFFT_adc_f32u.obj (.text)
                  0000a150    0000009c     RFFT_f32_mag.obj (.text)
                  0000a1ec    0000009c     rts2800_fpu32.lib : fd_add28.asm.obj (.text)
                  0000a288    0000008b                       : fd_div28.asm.obj (.text)
                  0000a313    00000088                       : fs_div28.asm.obj (.text)
                  0000a39b    00000001     --HOLE-- [fill = 0]
                  0000a39c    00000085     RFFT_f32u.obj (.text)
                  0000a421    00000083     rts2800_fpu32.lib : fd_mpy28.asm.obj (.text)
                  0000a4a4    0000006d     RFFT_f32_sincostable.obj (.text)
                  0000a511    00000066     rts2800_fpu32.lib : s_sinf.c.obj (.text)
                  0000a577    00000063                       : s_cosf.c.obj (.text)
                  0000a5da    0000005d     memcpy_fast_far.obj (.text)
                  0000a637    00000001     --HOLE-- [fill = 0]
                  0000a638    0000005b     abs_SP_CV_2.obj (.text)
                  0000a693    00000056     rts2800_fpu32.lib : boot28.asm.obj (.text)
                  0000a6e9    00000001     --HOLE-- [fill = 0]
                  0000a6ea    00000051     iabs_SP_CV_2.obj (.text)
                  0000a73b    00000001     --HOLE-- [fill = 0]
                  0000a73c    0000004a     iir_f32.obj (.text)
                  0000a786    00000043     mpy_SP_RMxRM_2.obj (.text)
                  0000a7c9    00000001     --HOLE-- [fill = 0]
                  0000a7ca    00000042     mac_SP_i16RVxCV.obj (.text)
                  0000a80c    0000003f     mac_SP_RVxCV.obj (.text)
                  0000a84b    00000001     --HOLE-- [fill = 0]
                  0000a84c    00000039     mac_SP_CVxCV.obj (.text)
                  0000a885    00000001     --HOLE-- [fill = 0]
                  0000a886    00000038     mean_SP_CV_2.obj (.text)
                  0000a8be    00000037     FIR_f32.obj (.text)
                  0000a8f5    00000001     --HOLE-- [fill = 0]
                  0000a8f6    00000032     mpy_SP_RMxRM.obj (.text)
                  0000a928    00000031     abs_SP_CV.obj (.text)
                  0000a959    00000030     main.obj (.text)
                  0000a989    00000001     --HOLE-- [fill = 0]
                  0000a98a    0000002c     iabs_SP_CV.obj (.text)
                  0000a9b6    0000002c     mpy_SP_RSxRVxRV_2.obj (.text)
                  0000a9e2    0000002a     rts2800_fpu32.lib : fd_cmp28.asm.obj (.text)
                  0000aa0c    00000029                       : exit.c.obj (.text)
                  0000aa35    00000028     DSP2833x_PieCtrl.obj (.text)
                  0000aa5d    00000001     --HOLE-- [fill = 0]
                  0000aa5e    00000025     RFFT_f32_win.obj (.text)
                  0000aa83    00000024     rts2800_fpu32.lib : cpy_tbl.c.obj (.text)
                  0000aaa7    00000023     RFFT_f32_phase.obj (.text)
                  0000aaca    00000023     rts2800_fpu32.lib : fd_tofsfpu32.asm.obj (.text)
                  0000aaed    00000022                       : s_cargf.c.obj (.text)
                  0000ab0f    00000001     --HOLE-- [fill = 0]
                  0000ab10    00000021     mpy_SP_RVxRV_2.obj (.text)
                  0000ab31    00000020     DSP2833x_PieVect.obj (.text)
                  0000ab51    00000001     --HOLE-- [fill = 0]
                  0000ab52    0000001f     RFFT_f32_adc_win.obj (.text)
                  0000ab71    00000001     --HOLE-- [fill = 0]
                  0000ab72    0000001f     add_SP_CVxCV.obj (.text)
                  0000ab91    00000001     --HOLE-- [fill = 0]
                  0000ab92    0000001f     mpy_SP_CVxCVC.obj (.text)
                  0000abb1    00000001     --HOLE-- [fill = 0]
                  0000abb2    0000001f     sub_SP_CVxCV.obj (.text)
                  0000abd1    00000001     --HOLE-- [fill = 0]
                  0000abd2    0000001e     add_SP_CSxCV.obj (.text)
                  0000abf0    0000001e     sub_SP_CSxCV.obj (.text)
                  0000ac0e    0000001d     mpy_SP_CVxCV.obj (.text)
                  0000ac2b    0000001d     rts2800_fpu32.lib : memcpy.c.obj (.text)
                  0000ac48    0000001c     maxidx_SP_RV_2.obj (.text)
                  0000ac64    0000001c     rts2800_fpu32.lib : fs_tofdfpu32.asm.obj (.text)
                  0000ac80    0000001b     mpy_SP_RVxCV.obj (.text)
                  0000ac9b    00000001     --HOLE-- [fill = 0]
                  0000ac9c    00000018     mpy_SP_RSxRV_2.obj (.text)
                  0000acb4    00000017     DSP2833x_Gpio.obj (.text)
                  0000accb    00000017     mpy_SP_CSxCS.obj (.text)
                  0000ace2    00000016     rnd_SP_RS.obj (.text)
                  0000acf8    00000013     DSP2833x_MemCopy.obj (.text)
                  0000ad0b    00000012     rts2800_fpu32.lib : args_main.c.obj (.text)
                  0000ad1d    0000000e                       : fd_sub28.asm.obj (.text)
                  0000ad2b    00000009                       : _lock.c.obj (.text)
                  0000ad34    00000009                       : fd_neg28.asm.obj (.text)
                  0000ad3d    00000008     DSP2833x_CodeStartBranch.obj (.text)
                  0000ad45    00000007     DSP2833x_DisInt.obj (.text)
                  0000ad4c    00000007     memcpy_fast.obj (.text)
                  0000ad53    00000006     memset_fast.obj (.text)
                  0000ad59    00000003     DSP2833x_DBGIER.obj (.text)
                  0000ad5c    00000002     rts2800_fpu32.lib : pre_init.c.obj (.text)

MODULE SUMMARY

       Module                            code   initialized data   uninitialized data
       ------                            ----   ----------------   ------------------
    .\
       main.obj                          48     0                  0                 
    +--+---------------------------------+------+------------------+--------------------+
       Total:                            48     0                  0                 
                                                                                     
    .\FPU\source\fft\
       ICFFT_f32.obj                     377    0                  20                
       ICFFT_f32t.obj                    377    0                  20                
       RFFT_adc_f32.obj                  312    0                  0                 
       RFFT_f32.obj                      285    0                  0                 
       RFFT_f32s_mag.obj                 254    0                  0                 
       RFFT_adc_f32u.obj                 158    0                  0                 
       RFFT_f32_mag.obj                  156    0                  0                 
       RFFT_f32u.obj                     133    0                  0                 
       RFFT_f32_sincostable.obj          109    0                  0                 
       RFFT_f32_win.obj                  37     0                  0                 
       RFFT_f32_phase.obj                35     0                  0                 
       RFFT_f32_adc_win.obj              31     0                  0                 
    +--+---------------------------------+------+------------------+--------------------+
       Total:                            2264   0                  40                
                                                                                     
    .\FPU\source\filter\
       iir_f32.obj                       74     0                  0                 
       FIR_f32.obj                       55     0                  0                 
    +--+---------------------------------+------+------------------+--------------------+
       Total:                            129    0                  0                 
                                                                                     
    .\FPU\source\utility\
       memcpy_fast_far.obj               93     0                  0                 
       memcpy_fast.obj                   7      0                  0                 
       memset_fast.obj                   6      0                  0                 
    +--+---------------------------------+------+------------------+--------------------+
       Total:                            106    0                  0                 
                                                                                     
    .\FPU\source\vector\
       abs_SP_CV_2.obj                   91     0                  0                 
       iabs_SP_CV_2.obj                  81     0                  0                 
       mpy_SP_RMxRM_2.obj                67     0                  0                 
       mac_SP_i16RVxCV.obj               66     0                  0                 
       mac_SP_RVxCV.obj                  63     0                  0                 
       mac_SP_CVxCV.obj                  57     0                  0                 
       mean_SP_CV_2.obj                  56     0                  0                 
       mpy_SP_RMxRM.obj                  50     0                  0                 
       abs_SP_CV.obj                     49     0                  0                 
       iabs_SP_CV.obj                    44     0                  0                 
       mpy_SP_RSxRVxRV_2.obj             44     0                  0                 
       mpy_SP_RVxRV_2.obj                33     0                  0                 
       add_SP_CVxCV.obj                  31     0                  0                 
       mpy_SP_CVxCVC.obj                 31     0                  0                 
       sub_SP_CVxCV.obj                  31     0                  0                 
       add_SP_CSxCV.obj                  30     0                  0                 
       sub_SP_CSxCV.obj                  30     0                  0                 
       mpy_SP_CVxCV.obj                  29     0                  0                 
       maxidx_SP_RV_2.obj                28     0                  0                 
       mpy_SP_RVxCV.obj                  27     0                  0                 
       mpy_SP_RSxRV_2.obj                24     0                  0                 
       mpy_SP_CSxCS.obj                  23     0                  0                 
       rnd_SP_RS.obj                     22     0                  0                 
    +--+---------------------------------+------+------------------+--------------------+
       Total:                            1007   0                  0                 
                                                                                     
    .\bsp\
       RFFT.obj                          865    24                 5310              
       INPUT.obj                         0      1027               2048              
    +--+---------------------------------+------+------------------+--------------------+
       Total:                            865    1051               7358              
                                                                                     
    .\libs\
       DSP2833x_GlobalVariableDefs.obj   0      0                  2679              
       DSP2833x_DefaultIsr.obj           790    0                  0                 
       DSP2833x_PieVect.obj              32     256                0                 
       DSP2833x_SysCtrl.obj              274    0                  0                 
       DSP2833x_PieCtrl.obj              40     0                  0                 
       DSP2833x_CpuTimers.obj            0      0                  24                
       DSP2833x_Gpio.obj                 23     0                  0                 
       DSP2833x_MemCopy.obj              19     0                  0                 
       DSP2833x_CodeStartBranch.obj      10     0                  0                 
       DSP2833x_ADC_cal.obj              7      0                  0                 
       DSP2833x_DisInt.obj               7      0                  0                 
       DSP2833x_usDelay.obj              4      0                  0                 
       DSP2833x_DBGIER.obj               3      0                  0                 
    +--+---------------------------------+------+------------------+--------------------+
       Total:                            1209   256                2703              
                                                                                     
    E:/ti/ccs1120/ccs/tools/compiler/ti-cgt-c2000_22.6.0.LTS/lib/rts2800_fpu32.lib
       c99_complex.c.obj                 1706   0                  0                 
       e_expf.c.obj                      273    28                 0                 
       s_cexpf.c.obj                     239    0                  0                 
       s_atanf.c.obj                     202    30                 0                 
       e_atan2f.c.obj                    210    12                 0                 
       k_expf.c.obj                      181    2                  0                 
       fd_add28.asm.obj                  156    0                  0                 
       fd_div28.asm.obj                  139    0                  0                 
       fs_div28.asm.obj                  136    0                  0                 
       fd_mpy28.asm.obj                  131    0                  0                 
       s_sinf.c.obj                      102    0                  0                 
       s_cosf.c.obj                      99     0                  0                 
       boot28.asm.obj                    86     0                  0                 
       exit.c.obj                        41     14                 6                 
       fd_cmp28.asm.obj                  42     0                  0                 
       cpy_tbl.c.obj                     36     0                  0                 
       fd_tofsfpu32.asm.obj              35     0                  0                 
       s_cargf.c.obj                     34     0                  0                 
       memcpy.c.obj                      29     0                  0                 
       fs_tofdfpu32.asm.obj              28     0                  0                 
       _lock.c.obj                       9      10                 4                 
       args_main.c.obj                   18     0                  0                 
       fd_sub28.asm.obj                  14     0                  0                 
       fd_neg28.asm.obj                  9      0                  0                 
       errno.c.obj                       0      4                  1                 
       pre_init.c.obj                    2      0                  0                 
       startup.c.obj                     1      0                  0                 
    +--+---------------------------------+------+------------------+--------------------+
       Total:                            3958   100                11                
                                                                                     
       Stack:                            0      0                  768               
    +--+---------------------------------+------+------------------+--------------------+
       Grand Total:                      9586   1407               10880             


GLOBAL DATA SYMBOLS: SORTED BY DATA PAGE

address     data page           name
--------    ----------------    ----
00000400      10 (00000400)     __stack

00000880      22 (00000880)     _DevEmuRegs

00000a80      2a (00000a80)     _FlashRegs

00000ae0      2b (00000ac0)     _CsmRegs

00000b00      2c (00000b00)     _AdcMirror
00000b20      2c (00000b00)     _XintfRegs

00000c00      30 (00000c00)     _CpuTimer0Regs
00000c08      30 (00000c00)     _CpuTimer1Regs
00000c10      30 (00000c00)     _CpuTimer2Regs

00000ce0      33 (00000cc0)     _PieCtrlRegs

00000d00      34 (00000d00)     _PieVectTable

00001000      40 (00001000)     _DmaRegs

00005000     140 (00005000)     _McbspaRegs

00005040     141 (00005040)     _McbspbRegs

00006000     180 (00006000)     _ECanaRegs

00006040     181 (00006040)     _ECanaLAMRegs

00006080     182 (00006080)     _ECanaMOTSRegs

000060c0     183 (000060c0)     _ECanaMOTORegs

00006100     184 (00006100)     _ECanaMboxes

00006200     188 (00006200)     _ECanbRegs

00006240     189 (00006240)     _ECanbLAMRegs

00006280     18a (00006280)     _ECanbMOTSRegs

000062c0     18b (000062c0)     _ECanbMOTORegs

00006300     18c (00006300)     _ECanbMboxes

00006800     1a0 (00006800)     _EPwm1Regs

00006840     1a1 (00006840)     _EPwm2Regs

00006880     1a2 (00006880)     _EPwm3Regs

000068c0     1a3 (000068c0)     _EPwm4Regs

00006900     1a4 (00006900)     _EPwm5Regs

00006940     1a5 (00006940)     _EPwm6Regs

00006a00     1a8 (00006a00)     _ECap1Regs
00006a20     1a8 (00006a00)     _ECap2Regs

00006a40     1a9 (00006a40)     _ECap3Regs
00006a60     1a9 (00006a40)     _ECap4Regs

00006a80     1aa (00006a80)     _ECap5Regs
00006aa0     1aa (00006a80)     _ECap6Regs

00006b00     1ac (00006b00)     _EQep1Regs

00006b40     1ad (00006b40)     _EQep2Regs

00006f80     1be (00006f80)     _GpioCtrlRegs

00006fc0     1bf (00006fc0)     _GpioDataRegs
00006fe0     1bf (00006fc0)     _GpioIntRegs

00007010     1c0 (00007000)     _SysCtrlRegs

00007040     1c1 (00007040)     _SpiaRegs
00007050     1c1 (00007040)     _SciaRegs
00007070     1c1 (00007040)     _XIntruptRegs

00007100     1c4 (00007100)     _AdcRegs

00007750     1dd (00007740)     _ScibRegs
00007770     1dd (00007740)     _ScicRegs

00007900     1e4 (00007900)     _I2caRegs

0000d000     340 (0000d000)     _PieVectTableInit

0000d148     345 (0000d140)     _CpuTimer0
0000d150     345 (0000d140)     _CpuTimer1
0000d158     345 (0000d140)     _CpuTimer2
0000d174     345 (0000d140)     ___TI_enable_exit_profile_output
0000d176     345 (0000d140)     ___TI_cleanup_ptr
0000d178     345 (0000d140)     ___TI_dtors_ptr
0000d17a     345 (0000d140)     __lock
0000d17c     345 (0000d140)     __unlock
0000d17e     345 (0000d140)     _errno

0000d180     346 (0000d180)     _hnd_rfft
0000d182     346 (0000d180)     _hnd_rfft_adc
0000d184     346 (0000d180)     _myabs
0000d18e     346 (0000d180)     _rfft_adc
0000d192     346 (0000d180)     _rfft

0000d1c0     347 (0000d1c0)     _rfft_analyse

0000e000     380 (0000e000)     _FFT_output

0000e800     3a0 (0000e800)     _FFT_twiddleFactors

0000f000     3c0 (0000f000)     _FFT_input

0000f800     3e0 (0000f800)     _FFT_magnitude_phase

0033fff8    cfff (0033ffc0)     _CsmPwl

00380090    e002 (00380080)     _PartIdRegs


GLOBAL SYMBOLS: SORTED ALPHABETICALLY BY Name 

page  address   name                                   
----  -------   ----                                   
abs   ffffffff  .text                                  
0     0000aa0c  C$$EXIT                                
0     0000a1ec  FD$$ADD                                
0     0000a9e2  FD$$CMP                                
0     0000a288  FD$$DIV                                
0     0000a421  FD$$MPY                                
0     0000ad34  FD$$NEG                                
0     0000ad1d  FD$$SUB                                
0     0000aaca  FD$$TOFS                               
0     0000a313  FS$$DIV                                
0     0000ac64  FS$$TOFD                               
0     000092f1  _ADCINT_ISR                            
0     00380080  _ADC_cal                               
1     00000b00  _AdcMirror                             
1     00007100  _AdcRegs                               
1     0000d148  _CpuTimer0                             
1     00000c00  _CpuTimer0Regs                         
1     0000d150  _CpuTimer1                             
1     00000c08  _CpuTimer1Regs                         
1     0000d158  _CpuTimer2                             
1     00000c10  _CpuTimer2Regs                         
1     0033fff8  _CsmPwl                                
1     00000ae0  _CsmRegs                               
0     00009d40  _CsmUnlock                             
0     0000921f  _DATALOG_ISR                           
0     00009413  _DINTCH1_ISR                           
0     0000941d  _DINTCH2_ISR                           
0     00009427  _DINTCH3_ISR                           
0     00009431  _DINTCH4_ISR                           
0     0000943b  _DINTCH5_ISR                           
0     00009445  _DINTCH6_ISR                           
0     0000ad45  _DSP28x_DisableInt                     
0     0000ad49  _DSP28x_RestoreInt                     
0     0000001d  _DSP28x_usDelay                        
1     00000880  _DevEmuRegs                            
0     00009c8d  _DisableDog                            
1     00001000  _DmaRegs                               
0     0000949f  _ECAN0INTA_ISR                         
0     000094b3  _ECAN0INTB_ISR                         
0     000094a9  _ECAN1INTA_ISR                         
0     000094bd  _ECAN1INTB_ISR                         
0     00009387  _ECAP1_INT_ISR                         
0     00009391  _ECAP2_INT_ISR                         
0     0000939b  _ECAP3_INT_ISR                         
0     000093a5  _ECAP4_INT_ISR                         
0     000093af  _ECAP5_INT_ISR                         
0     000093b9  _ECAP6_INT_ISR                         
1     00006040  _ECanaLAMRegs                          
1     000060c0  _ECanaMOTORegs                         
1     00006080  _ECanaMOTSRegs                         
1     00006100  _ECanaMboxes                           
1     00006000  _ECanaRegs                             
1     00006240  _ECanbLAMRegs                          
1     000062c0  _ECanbMOTORegs                         
1     00006280  _ECanbMOTSRegs                         
1     00006300  _ECanbMboxes                           
1     00006200  _ECanbRegs                             
1     00006a00  _ECap1Regs                             
1     00006a20  _ECap2Regs                             
1     00006a40  _ECap3Regs                             
1     00006a60  _ECap4Regs                             
1     00006a80  _ECap5Regs                             
1     00006aa0  _ECap6Regs                             
0     00009233  _EMUINT_ISR                            
0     0000934b  _EPWM1_INT_ISR                         
0     0000930f  _EPWM1_TZINT_ISR                       
0     00009355  _EPWM2_INT_ISR                         
0     00009319  _EPWM2_TZINT_ISR                       
0     0000935f  _EPWM3_INT_ISR                         
0     00009323  _EPWM3_TZINT_ISR                       
0     00009369  _EPWM4_INT_ISR                         
0     0000932d  _EPWM4_TZINT_ISR                       
0     00009373  _EPWM5_INT_ISR                         
0     00009337  _EPWM5_TZINT_ISR                       
0     0000937d  _EPWM6_INT_ISR                         
0     00009341  _EPWM6_TZINT_ISR                       
1     00006800  _EPwm1Regs                             
1     00006840  _EPwm2Regs                             
1     00006880  _EPwm3Regs                             
1     000068c0  _EPwm4Regs                             
1     00006900  _EPwm5Regs                             
1     00006940  _EPwm6Regs                             
0     000093c3  _EQEP1_INT_ISR                         
0     000093cd  _EQEP2_INT_ISR                         
1     00006b00  _EQep1Regs                             
1     00006b40  _EQep2Regs                             
0     0000aa54  _EnableInterrupts                      
1     0000f000  _FFT_input                             
1     0000f800  _FFT_magnitude_phase                   
1     0000e000  _FFT_output                            
1     0000e800  _FFT_twiddleFactors                    
0     0000a8ca  _FIR_f32_calc                          
0     0000a8be  _FIR_f32_init                          
1     00000a80  _FlashRegs                             
1     00006f80  _GpioCtrlRegs                          
1     00006fc0  _GpioDataRegs                          
1     00006fe0  _GpioIntRegs                           
0     0000944f  _I2CINT1A_ISR                          
0     00009459  _I2CINT2A_ISR                          
1     00007900  _I2caRegs                              
0     00009522  _ICFFT_f32                             
0     0000969c  _ICFFT_f32t                            
0     0000a745  _IIR_f32_calc                          
0     0000a73c  _IIR_f32_init                          
0     00009247  _ILLEGAL_ISR                           
0     0000920b  _INT13_ISR                             
0     00009215  _INT14_ISR                             
0     00000002  _InitFlash                             
0     0000acb4  _InitGpio                              
0     00009ce5  _InitPeripheralClocks                  
0     0000aa35  _InitPieCtrl                           
0     0000ab31  _InitPieVectTable                      
0     00009c95  _InitPll                               
0     00009c7a  _InitSysCtrl                           
0     00009503  _LUF_ISR                               
0     000094f9  _LVF_ISR                               
0     000093ff  _MRINTA_ISR                            
0     000093eb  _MRINTB_ISR                            
0     00009409  _MXINTA_ISR                            
0     000093f5  _MXINTB_ISR                            
1     00005000  _McbspaRegs                            
1     00005040  _McbspbRegs                            
0     0000acf8  _MemCopy                               
0     0000923d  _NMI_ISR                               
0     0000950d  _PIE_RESERVED                          
1     00380090  _PartIdRegs                            
1     00000ce0  _PieCtrlRegs                           
1     00000d00  _PieVectTable                          
1     0000d000  _PieVectTableInit                      
0     00008f2a  _RFFT_ADC_Caculate                     
0     00008ef7  _RFFT_ADC_Init                         
0     000090f3  _RFFT_Analyse                          
0     00009055  _RFFT_Fractional_Frequency             
0     00008fe4  _RFFT_Peak_Find                        
0     00008f3f  _RFFT_Phase_Caculate                   
0     00009816  _RFFT_adc_f32                          
0     0000ab52  _RFFT_adc_f32_win                      
0     0000a0b2  _RFFT_adc_f32u                         
0     0000994e  _RFFT_f32                              
0     0000a150  _RFFT_f32_mag                          
0     0000aaa7  _RFFT_f32_phase                        
0     0000a4a4  _RFFT_f32_sincostable                  
0     0000aa5e  _RFFT_f32_win                          
0     00009b7c  _RFFT_f32s_mag                         
0     0000a39c  _RFFT_f32u                             
0     00009229  _RTOSINT_ISR                           
0     00008000  _RamfuncsLoadEnd                       
abs   00000000  _RamfuncsLoadSize                      
0     00008000  _RamfuncsLoadStart                     
0     00008000  _RamfuncsRunStart                      
0     00009477  _SCIRXINTA_ISR                         
0     0000948b  _SCIRXINTB_ISR                         
0     00009463  _SCIRXINTC_ISR                         
0     00009481  _SCITXINTA_ISR                         
0     00009495  _SCITXINTB_ISR                         
0     0000946d  _SCITXINTC_ISR                         
0     000092c9  _SEQ1INT_ISR                           
0     000092d3  _SEQ2INT_ISR                           
0     000093d7  _SPIRXINTA_ISR                         
0     000093e1  _SPITXINTA_ISR                         
1     00007050  _SciaRegs                              
1     00007750  _ScibRegs                              
1     00007770  _ScicRegs                              
0     00009c83  _ServiceDog                            
0     0000ad59  _SetDBGIER                             
1     00007040  _SpiaRegs                              
1     00007010  _SysCtrlRegs                           
0     000092fb  _TINT0_ISR                             
0     000092ab  _USER10_ISR                            
0     000092b5  _USER11_ISR                            
0     000092bf  _USER12_ISR                            
0     00009251  _USER1_ISR                             
0     0000925b  _USER2_ISR                             
0     00009265  _USER3_ISR                             
0     0000926f  _USER4_ISR                             
0     00009279  _USER5_ISR                             
0     00009283  _USER6_ISR                             
0     0000928d  _USER7_ISR                             
0     00009297  _USER8_ISR                             
0     000092a1  _USER9_ISR                             
0     00009305  _WAKEINT_ISR                           
0     000092dd  _XINT1_ISR                             
0     000092e7  _XINT2_ISR                             
0     000094c7  _XINT3_ISR                             
0     000094d1  _XINT4_ISR                             
0     000094db  _XINT5_ISR                             
0     000094e5  _XINT6_ISR                             
0     000094ef  _XINT7_ISR                             
1     00007070  _XIntruptRegs                          
1     00000b20  _XintfRegs                             
1     00000700  __STACK_END                            
abs   00000300  __STACK_SIZE                           
1     0000d176  ___TI_cleanup_ptr                      
1     0000d178  ___TI_dtors_ptr                        
1     0000d174  ___TI_enable_exit_profile_output       
abs   ffffffff  ___TI_pprof_out_hndl                   
abs   ffffffff  ___TI_prof_data_size                   
abs   ffffffff  ___TI_prof_data_start                  
abs   ffffffff  ___binit__                             
0     00008e90  ___c99_cdouble_to_cfloat               
0     00008e6c  ___c99_cdouble_to_clong_double         
0     00008e60  ___c99_cdouble_to_double               
0     00008e54  ___c99_cdouble_to_idouble              
0     00008e3a  ___c99_cfloat_to_cdouble               
0     00008e16  ___c99_cfloat_to_clong_double          
0     00008e0a  ___c99_cfloat_to_float                 
0     00008dfe  ___c99_cfloat_to_ifloat                
0     00008dda  ___c99_clong_double_to_cdouble         
0     00008db6  ___c99_clong_double_to_cfloat          
0     00008da3  ___c99_clong_double_to_ilong_double    
0     00008d90  ___c99_clong_double_to_long_double     
0     00008d62  ___c99_complex_double_add              
0     00008d46  ___c99_complex_double_conj             
0     00008ce7  ___c99_complex_double_divide           
0     00008cc1  ___c99_complex_double_eq               
0     00008c77  ___c99_complex_double_multiply         
0     00008c51  ___c99_complex_double_ne               
0     00008c2f  ___c99_complex_double_negate           
0     00008c01  ___c99_complex_double_subtract         
0     00008bd3  ___c99_complex_float_add               
0     00008bb7  ___c99_complex_float_conj              
0     00008b58  ___c99_complex_float_divide            
0     00008b32  ___c99_complex_float_eq                
0     00008ae8  ___c99_complex_float_multiply          
0     00008ac2  ___c99_complex_float_ne                
0     00008aa0  ___c99_complex_float_negate            
0     00008a72  ___c99_complex_float_subtract          
0     00008a3c  ___c99_complex_long_double_add         
0     00008a1e  ___c99_complex_long_double_conj        
0     00008982  ___c99_complex_long_double_divide      
0     00008957  ___c99_complex_long_double_eq          
0     000088f3  ___c99_complex_long_double_multiply    
0     000088c8  ___c99_complex_long_double_ne          
0     000088a2  ___c99_complex_long_double_negate      
0     0000886c  ___c99_complex_long_double_subtract    
0     0000885b  ___c99_double_to_cdouble               
0     0000884a  ___c99_float_to_cfloat                 
0     00008839  ___c99_idouble_to_cdouble              
0     00008828  ___c99_ifloat_to_cfloat                
0     00008814  ___c99_ilong_double_to_clong_double    
0     00008800  ___c99_long_double_to_clong_double     
abs   ffffffff  ___c_args__                            
0     00008000  ___cinit__                             
abs   ffffffff  ___etext__                             
0     0000a02f  ___ldexp_cexpf                         
0     0000a016  ___ldexp_expf                          
abs   ffffffff  ___pinit__                             
abs   ffffffff  ___text__                              
0     0000ad0b  __args_main                            
1     0000d17a  __lock                                 
0     0000ad33  __nop                                  
0     0000ad2f  __register_lock                        
0     0000ad2b  __register_unlock                      
1     00000400  __stack                                
0     00009521  __system_post_cinit                    
0     0000ad5c  __system_pre_init                      
1     0000d17c  __unlock                               
0     0000aa0c  _abort                                 
0     0000a928  _abs_SP_CV                             
0     0000a638  _abs_SP_CV_2                           
0     0000abd2  _add_SP_CSxCV                          
0     0000ab72  _add_SP_CVxCV                          
0     00009f32  _atan                                  
0     00009e60  _atan2                                 
0     00009e60  _atan2f                                
0     00009f32  _atanf                                 
0     0000a693  _c_int00                               
0     0000aaed  _cargf                                 
0     00009d71  _cexp                                  
0     00009d71  _cexpf                                 
0     0000aa83  _copy_in                               
0     0000a577  _cos                                   
0     0000a577  _cosf                                  
0     0000a978  _delay_1ms                             
1     0000d17e  _errno                                 
0     0000aa0e  _exit                                  
0     00009a6b  _exp                                   
0     00009a6b  _expf                                  
1     0000d180  _hnd_rfft                              
1     0000d182  _hnd_rfft_adc                          
0     0000a98a  _iabs_SP_CV                            
0     0000a6ea  _iabs_SP_CV_2                          
0     0000a84c  _mac_SP_CVxCV                          
0     0000a80c  _mac_SP_RVxCV                          
0     0000a7ca  _mac_SP_i16RVxCV                       
0     0000a959  _main                                  
0     0000ac48  _maxidx_SP_RV_2                        
0     0000a886  _mean_SP_CV_2                          
0     0000ac2b  _memcpy                                
0     0000ad4c  _memcpy_fast                           
0     0000a5da  _memcpy_fast_far                       
0     0000ad53  _memset_fast                           
0     0000accb  _mpy_SP_CSxCS                          
0     0000ac0e  _mpy_SP_CVxCV                          
0     0000ab92  _mpy_SP_CVxCVC                         
0     0000a8f6  _mpy_SP_RMxRM                          
0     0000a786  _mpy_SP_RMxRM_2                        
0     0000ac9d  _mpy_SP_RSxRV_2                        
0     0000a9b6  _mpy_SP_RSxRVxRV_2                     
0     0000ac80  _mpy_SP_RVxCV                          
0     0000ab10  _mpy_SP_RVxRV_2                        
1     0000d184  _myabs                                 
1     0000d192  _rfft                                  
1     0000d18e  _rfft_adc                              
0     000098a6  _rfft_adc_f32_Stages4andUp             
1     0000d1c0  _rfft_analyse                          
0     00009957  _rfft_f32_Stages1and2and3andBitReverse 
0     000099c3  _rfft_f32_Stages4andUp                 
0     0000a3a5  _rfft_f32u_Stages1and2and3andBitReverse
0     0000ace2  _rnd_SP_RS                             
0     00009517  _rsvd_ISR                              
0     0000a511  _sin                                   
0     0000a511  _sinf                                  
0     0000abf0  _sub_SP_CSxCV                          
0     0000abb2  _sub_SP_CVxCV                          
abs   ffffffff  binit                                  
0     00008000  cinit                                  
0     00000000  code_start                             
abs   ffffffff  etext                                  
abs   ffffffff  pinit                                  


GLOBAL SYMBOLS: SORTED BY Symbol Address 

page  address   name                                   
----  -------   ----                                   
0     00000000  code_start                             
0     00000002  _InitFlash                             
0     0000001d  _DSP28x_usDelay                        
0     00008000  _RamfuncsLoadEnd                       
0     00008000  _RamfuncsLoadStart                     
0     00008000  _RamfuncsRunStart                      
0     00008000  ___cinit__                             
0     00008000  cinit                                  
0     00008800  ___c99_long_double_to_clong_double     
0     00008814  ___c99_ilong_double_to_clong_double    
0     00008828  ___c99_ifloat_to_cfloat                
0     00008839  ___c99_idouble_to_cdouble              
0     0000884a  ___c99_float_to_cfloat                 
0     0000885b  ___c99_double_to_cdouble               
0     0000886c  ___c99_complex_long_double_subtract    
0     000088a2  ___c99_complex_long_double_negate      
0     000088c8  ___c99_complex_long_double_ne          
0     000088f3  ___c99_complex_long_double_multiply    
0     00008957  ___c99_complex_long_double_eq          
0     00008982  ___c99_complex_long_double_divide      
0     00008a1e  ___c99_complex_long_double_conj        
0     00008a3c  ___c99_complex_long_double_add         
0     00008a72  ___c99_complex_float_subtract          
0     00008aa0  ___c99_complex_float_negate            
0     00008ac2  ___c99_complex_float_ne                
0     00008ae8  ___c99_complex_float_multiply          
0     00008b32  ___c99_complex_float_eq                
0     00008b58  ___c99_complex_float_divide            
0     00008bb7  ___c99_complex_float_conj              
0     00008bd3  ___c99_complex_float_add               
0     00008c01  ___c99_complex_double_subtract         
0     00008c2f  ___c99_complex_double_negate           
0     00008c51  ___c99_complex_double_ne               
0     00008c77  ___c99_complex_double_multiply         
0     00008cc1  ___c99_complex_double_eq               
0     00008ce7  ___c99_complex_double_divide           
0     00008d46  ___c99_complex_double_conj             
0     00008d62  ___c99_complex_double_add              
0     00008d90  ___c99_clong_double_to_long_double     
0     00008da3  ___c99_clong_double_to_ilong_double    
0     00008db6  ___c99_clong_double_to_cfloat          
0     00008dda  ___c99_clong_double_to_cdouble         
0     00008dfe  ___c99_cfloat_to_ifloat                
0     00008e0a  ___c99_cfloat_to_float                 
0     00008e16  ___c99_cfloat_to_clong_double          
0     00008e3a  ___c99_cfloat_to_cdouble               
0     00008e54  ___c99_cdouble_to_idouble              
0     00008e60  ___c99_cdouble_to_double               
0     00008e6c  ___c99_cdouble_to_clong_double         
0     00008e90  ___c99_cdouble_to_cfloat               
0     00008ef7  _RFFT_ADC_Init                         
0     00008f2a  _RFFT_ADC_Caculate                     
0     00008f3f  _RFFT_Phase_Caculate                   
0     00008fe4  _RFFT_Peak_Find                        
0     00009055  _RFFT_Fractional_Frequency             
0     000090f3  _RFFT_Analyse                          
0     0000920b  _INT13_ISR                             
0     00009215  _INT14_ISR                             
0     0000921f  _DATALOG_ISR                           
0     00009229  _RTOSINT_ISR                           
0     00009233  _EMUINT_ISR                            
0     0000923d  _NMI_ISR                               
0     00009247  _ILLEGAL_ISR                           
0     00009251  _USER1_ISR                             
0     0000925b  _USER2_ISR                             
0     00009265  _USER3_ISR                             
0     0000926f  _USER4_ISR                             
0     00009279  _USER5_ISR                             
0     00009283  _USER6_ISR                             
0     0000928d  _USER7_ISR                             
0     00009297  _USER8_ISR                             
0     000092a1  _USER9_ISR                             
0     000092ab  _USER10_ISR                            
0     000092b5  _USER11_ISR                            
0     000092bf  _USER12_ISR                            
0     000092c9  _SEQ1INT_ISR                           
0     000092d3  _SEQ2INT_ISR                           
0     000092dd  _XINT1_ISR                             
0     000092e7  _XINT2_ISR                             
0     000092f1  _ADCINT_ISR                            
0     000092fb  _TINT0_ISR                             
0     00009305  _WAKEINT_ISR                           
0     0000930f  _EPWM1_TZINT_ISR                       
0     00009319  _EPWM2_TZINT_ISR                       
0     00009323  _EPWM3_TZINT_ISR                       
0     0000932d  _EPWM4_TZINT_ISR                       
0     00009337  _EPWM5_TZINT_ISR                       
0     00009341  _EPWM6_TZINT_ISR                       
0     0000934b  _EPWM1_INT_ISR                         
0     00009355  _EPWM2_INT_ISR                         
0     0000935f  _EPWM3_INT_ISR                         
0     00009369  _EPWM4_INT_ISR                         
0     00009373  _EPWM5_INT_ISR                         
0     0000937d  _EPWM6_INT_ISR                         
0     00009387  _ECAP1_INT_ISR                         
0     00009391  _ECAP2_INT_ISR                         
0     0000939b  _ECAP3_INT_ISR                         
0     000093a5  _ECAP4_INT_ISR                         
0     000093af  _ECAP5_INT_ISR                         
0     000093b9  _ECAP6_INT_ISR                         
0     000093c3  _EQEP1_INT_ISR                         
0     000093cd  _EQEP2_INT_ISR                         
0     000093d7  _SPIRXINTA_ISR                         
0     000093e1  _SPITXINTA_ISR                         
0     000093eb  _MRINTB_ISR                            
0     000093f5  _MXINTB_ISR                            
0     000093ff  _MRINTA_ISR                            
0     00009409  _MXINTA_ISR                            
0     00009413  _DINTCH1_ISR                           
0     0000941d  _DINTCH2_ISR                           
0     00009427  _DINTCH3_ISR                           
0     00009431  _DINTCH4_ISR                           
0     0000943b  _DINTCH5_ISR                           
0     00009445  _DINTCH6_ISR                           
0     0000944f  _I2CINT1A_ISR                          
0     00009459  _I2CINT2A_ISR                          
0     00009463  _SCIRXINTC_ISR                         
0     0000946d  _SCITXINTC_ISR                         
0     00009477  _SCIRXINTA_ISR                         
0     00009481  _SCITXINTA_ISR                         
0     0000948b  _SCIRXINTB_ISR                         
0     00009495  _SCITXINTB_ISR                         
0     0000949f  _ECAN0INTA_ISR                         
0     000094a9  _ECAN1INTA_ISR                         
0     000094b3  _ECAN0INTB_ISR                         
0     000094bd  _ECAN1INTB_ISR                         
0     000094c7  _XINT3_ISR                             
0     000094d1  _XINT4_ISR                             
0     000094db  _XINT5_ISR                             
0     000094e5  _XINT6_ISR                             
0     000094ef  _XINT7_ISR                             
0     000094f9  _LVF_ISR                               
0     00009503  _LUF_ISR                               
0     0000950d  _PIE_RESERVED                          
0     00009517  _rsvd_ISR                              
0     00009521  __system_post_cinit                    
0     00009522  _ICFFT_f32                             
0     0000969c  _ICFFT_f32t                            
0     00009816  _RFFT_adc_f32                          
0     000098a6  _rfft_adc_f32_Stages4andUp             
0     0000994e  _RFFT_f32                              
0     00009957  _rfft_f32_Stages1and2and3andBitReverse 
0     000099c3  _rfft_f32_Stages4andUp                 
0     00009a6b  _exp                                   
0     00009a6b  _expf                                  
0     00009b7c  _RFFT_f32s_mag                         
0     00009c7a  _InitSysCtrl                           
0     00009c83  _ServiceDog                            
0     00009c8d  _DisableDog                            
0     00009c95  _InitPll                               
0     00009ce5  _InitPeripheralClocks                  
0     00009d40  _CsmUnlock                             
0     00009d71  _cexp                                  
0     00009d71  _cexpf                                 
0     00009e60  _atan2                                 
0     00009e60  _atan2f                                
0     00009f32  _atan                                  
0     00009f32  _atanf                                 
0     0000a016  ___ldexp_expf                          
0     0000a02f  ___ldexp_cexpf                         
0     0000a0b2  _RFFT_adc_f32u                         
0     0000a150  _RFFT_f32_mag                          
0     0000a1ec  FD$$ADD                                
0     0000a288  FD$$DIV                                
0     0000a313  FS$$DIV                                
0     0000a39c  _RFFT_f32u                             
0     0000a3a5  _rfft_f32u_Stages1and2and3andBitReverse
0     0000a421  FD$$MPY                                
0     0000a4a4  _RFFT_f32_sincostable                  
0     0000a511  _sin                                   
0     0000a511  _sinf                                  
0     0000a577  _cos                                   
0     0000a577  _cosf                                  
0     0000a5da  _memcpy_fast_far                       
0     0000a638  _abs_SP_CV_2                           
0     0000a693  _c_int00                               
0     0000a6ea  _iabs_SP_CV_2                          
0     0000a73c  _IIR_f32_init                          
0     0000a745  _IIR_f32_calc                          
0     0000a786  _mpy_SP_RMxRM_2                        
0     0000a7ca  _mac_SP_i16RVxCV                       
0     0000a80c  _mac_SP_RVxCV                          
0     0000a84c  _mac_SP_CVxCV                          
0     0000a886  _mean_SP_CV_2                          
0     0000a8be  _FIR_f32_init                          
0     0000a8ca  _FIR_f32_calc                          
0     0000a8f6  _mpy_SP_RMxRM                          
0     0000a928  _abs_SP_CV                             
0     0000a959  _main                                  
0     0000a978  _delay_1ms                             
0     0000a98a  _iabs_SP_CV                            
0     0000a9b6  _mpy_SP_RSxRVxRV_2                     
0     0000a9e2  FD$$CMP                                
0     0000aa0c  C$$EXIT                                
0     0000aa0c  _abort                                 
0     0000aa0e  _exit                                  
0     0000aa35  _InitPieCtrl                           
0     0000aa54  _EnableInterrupts                      
0     0000aa5e  _RFFT_f32_win                          
0     0000aa83  _copy_in                               
0     0000aaa7  _RFFT_f32_phase                        
0     0000aaca  FD$$TOFS                               
0     0000aaed  _cargf                                 
0     0000ab10  _mpy_SP_RVxRV_2                        
0     0000ab31  _InitPieVectTable                      
0     0000ab52  _RFFT_adc_f32_win                      
0     0000ab72  _add_SP_CVxCV                          
0     0000ab92  _mpy_SP_CVxCVC                         
0     0000abb2  _sub_SP_CVxCV                          
0     0000abd2  _add_SP_CSxCV                          
0     0000abf0  _sub_SP_CSxCV                          
0     0000ac0e  _mpy_SP_CVxCV                          
0     0000ac2b  _memcpy                                
0     0000ac48  _maxidx_SP_RV_2                        
0     0000ac64  FS$$TOFD                               
0     0000ac80  _mpy_SP_RVxCV                          
0     0000ac9d  _mpy_SP_RSxRV_2                        
0     0000acb4  _InitGpio                              
0     0000accb  _mpy_SP_CSxCS                          
0     0000ace2  _rnd_SP_RS                             
0     0000acf8  _MemCopy                               
0     0000ad0b  __args_main                            
0     0000ad1d  FD$$SUB                                
0     0000ad2b  __register_unlock                      
0     0000ad2f  __register_lock                        
0     0000ad33  __nop                                  
0     0000ad34  FD$$NEG                                
0     0000ad45  _DSP28x_DisableInt                     
0     0000ad49  _DSP28x_RestoreInt                     
0     0000ad4c  _memcpy_fast                           
0     0000ad53  _memset_fast                           
0     0000ad59  _SetDBGIER                             
0     0000ad5c  __system_pre_init                      
0     00380080  _ADC_cal                               
1     00000400  __stack                                
1     00000700  __STACK_END                            
1     00000880  _DevEmuRegs                            
1     00000a80  _FlashRegs                             
1     00000ae0  _CsmRegs                               
1     00000b00  _AdcMirror                             
1     00000b20  _XintfRegs                             
1     00000c00  _CpuTimer0Regs                         
1     00000c08  _CpuTimer1Regs                         
1     00000c10  _CpuTimer2Regs                         
1     00000ce0  _PieCtrlRegs                           
1     00000d00  _PieVectTable                          
1     00001000  _DmaRegs                               
1     00005000  _McbspaRegs                            
1     00005040  _McbspbRegs                            
1     00006000  _ECanaRegs                             
1     00006040  _ECanaLAMRegs                          
1     00006080  _ECanaMOTSRegs                         
1     000060c0  _ECanaMOTORegs                         
1     00006100  _ECanaMboxes                           
1     00006200  _ECanbRegs                             
1     00006240  _ECanbLAMRegs                          
1     00006280  _ECanbMOTSRegs                         
1     000062c0  _ECanbMOTORegs                         
1     00006300  _ECanbMboxes                           
1     00006800  _EPwm1Regs                             
1     00006840  _EPwm2Regs                             
1     00006880  _EPwm3Regs                             
1     000068c0  _EPwm4Regs                             
1     00006900  _EPwm5Regs                             
1     00006940  _EPwm6Regs                             
1     00006a00  _ECap1Regs                             
1     00006a20  _ECap2Regs                             
1     00006a40  _ECap3Regs                             
1     00006a60  _ECap4Regs                             
1     00006a80  _ECap5Regs                             
1     00006aa0  _ECap6Regs                             
1     00006b00  _EQep1Regs                             
1     00006b40  _EQep2Regs                             
1     00006f80  _GpioCtrlRegs                          
1     00006fc0  _GpioDataRegs                          
1     00006fe0  _GpioIntRegs                           
1     00007010  _SysCtrlRegs                           
1     00007040  _SpiaRegs                              
1     00007050  _SciaRegs                              
1     00007070  _XIntruptRegs                          
1     00007100  _AdcRegs                               
1     00007750  _ScibRegs                              
1     00007770  _ScicRegs                              
1     00007900  _I2caRegs                              
1     0000d000  _PieVectTableInit                      
1     0000d148  _CpuTimer0                             
1     0000d150  _CpuTimer1                             
1     0000d158  _CpuTimer2                             
1     0000d174  ___TI_enable_exit_profile_output       
1     0000d176  ___TI_cleanup_ptr                      
1     0000d178  ___TI_dtors_ptr                        
1     0000d17a  __lock                                 
1     0000d17c  __unlock                               
1     0000d17e  _errno                                 
1     0000d180  _hnd_rfft                              
1     0000d182  _hnd_rfft_adc                          
1     0000d184  _myabs                                 
1     0000d18e  _rfft_adc                              
1     0000d192  _rfft                                  
1     0000d1c0  _rfft_analyse                          
1     0000e000  _FFT_output                            
1     0000e800  _FFT_twiddleFactors                    
1     0000f000  _FFT_input                             
1     0000f800  _FFT_magnitude_phase                   
1     0033fff8  _CsmPwl                                
1     00380090  _PartIdRegs                            
abs   00000000  _RamfuncsLoadSize                      
abs   00000300  __STACK_SIZE                           
abs   ffffffff  .text                                  
abs   ffffffff  ___TI_pprof_out_hndl                   
abs   ffffffff  ___TI_prof_data_size                   
abs   ffffffff  ___TI_prof_data_start                  
abs   ffffffff  ___binit__                             
abs   ffffffff  ___c_args__                            
abs   ffffffff  ___etext__                             
abs   ffffffff  ___pinit__                             
abs   ffffffff  ___text__                              
abs   ffffffff  binit                                  
abs   ffffffff  etext                                  
abs   ffffffff  pinit                                  

[320 symbols]
