******************************************************************************
             TMS320C2000 Linker PC v22.6.0                     
******************************************************************************
>> Linked Mon Oct  2 20:56:16 2023

OUTPUT FILE NAME:   <FIR_test.out>
ENTRY POINT SYMBOL: "_c_int00"  address: 00009793


MEMORY CONFIGURATION

         name            origin    length      used     unused   attr    fill
----------------------  --------  ---------  --------  --------  ----  --------
PAGE 0:
  BEGIN                 00000000   00000002  00000002  00000000  RWIX
  BOOT_RSVD             00000002   0000004e  00000004  0000004a  RWIX
  RAML0                 00008000   00000800  00000422  000003de  RWIX
  RAML1L2               00008800   00004800  0000159c  00003264  RWIX
  ZONE7A                00200000   0000fc00  00000000  0000fc00  RWIX
  FLASHH                00300000   00008000  00000000  00008000  RWIX
  FLASHG                00308000   00008000  00000000  00008000  RWIX
  FLASHF                00310000   00008000  00000000  00008000  RWIX
  FLASHE                00318000   00008000  00000000  00008000  RWIX
  FLASHD                00320000   00008000  00000000  00008000  RWIX
  FLASHC                00328000   00008000  00000000  00008000  RWIX
  FLASHA                00338000   00007f80  00000000  00007f80  RWIX
  CSM_RSVD              0033ff80   00000076  00000000  00000076  RWIX
  CSM_PWL               0033fff8   00000008  00000000  00000008  RWIX
  ADC_CAL               00380080   00000009  00000007  00000002  RWIX
  OTP                   00380400   00000400  00000000  00000400  RWIX
  IQTABLES              003fe000   00000b50  00000000  00000b50  RWIX
  IQTABLES2             003feb50   0000008c  00000000  0000008c  RWIX
  FPUTABLES             003febdc   000006a0  00000000  000006a0  RWIX
  ROM                   003ff27c   00000d44  00000000  00000d44  RWIX
  RESET                 003fffc0   00000002  00000000  00000002  RWIX
  VECTORS               003fffc2   0000003e  00000000  0000003e  RWIX

PAGE 1:
  BOOT_RSVD             00000002   0000004e  00000000  0000004e  RWIX
  RAMM0                 00000050   000003b0  00000000  000003b0  RWIX
  RAMM1                 00000400   00000400  00000300  00000100  RWIX
  DEV_EMU               00000880   00000180  000000d0  000000b0  RWIX
  FLASH_REGS            00000a80   00000060  00000008  00000058  RWIX
  CSM                   00000ae0   00000010  00000010  00000000  RWIX
  ADC_MIRROR            00000b00   00000010  00000010  00000000  RWIX
  XINTF                 00000b20   00000020  0000001e  00000002  RWIX
  CPU_TIMER0            00000c00   00000008  00000008  00000000  RWIX
  CPU_TIMER1            00000c08   00000008  00000008  00000000  RWIX
  CPU_TIMER2            00000c10   00000008  00000008  00000000  RWIX
  PIE_CTRL              00000ce0   00000020  0000001a  00000006  RWIX
  PIE_VECT              00000d00   00000100  00000100  00000000  RWIX
  DMA                   00001000   00000200  000000e0  00000120  RWIX
  MCBSPA                00005000   00000040  00000025  0000001b  RWIX
  MCBSPB                00005040   00000040  00000025  0000001b  RWIX
  ECANA                 00006000   00000040  00000034  0000000c  RWIX
  ECANA_LAM             00006040   00000040  00000040  00000000  RWIX
  ECANA_MOTS            00006080   00000040  00000040  00000000  RWIX
  ECANA_MOTO            000060c0   00000040  00000040  00000000  RWIX
  ECANA_MBOX            00006100   00000100  00000100  00000000  RWIX
  ECANB                 00006200   00000040  00000034  0000000c  RWIX
  ECANB_LAM             00006240   00000040  00000040  00000000  RWIX
  ECANB_MOTS            00006280   00000040  00000040  00000000  RWIX
  ECANB_MOTO            000062c0   00000040  00000040  00000000  RWIX
  ECANB_MBOX            00006300   00000100  00000100  00000000  RWIX
  EPWM1                 00006800   00000022  00000022  00000000  RWIX
  EPWM2                 00006840   00000022  00000022  00000000  RWIX
  EPWM3                 00006880   00000022  00000022  00000000  RWIX
  EPWM4                 000068c0   00000022  00000022  00000000  RWIX
  EPWM5                 00006900   00000022  00000022  00000000  RWIX
  EPWM6                 00006940   00000022  00000022  00000000  RWIX
  ECAP1                 00006a00   00000020  00000020  00000000  RWIX
  ECAP2                 00006a20   00000020  00000020  00000000  RWIX
  ECAP3                 00006a40   00000020  00000020  00000000  RWIX
  ECAP4                 00006a60   00000020  00000020  00000000  RWIX
  ECAP5                 00006a80   00000020  00000020  00000000  RWIX
  ECAP6                 00006aa0   00000020  00000020  00000000  RWIX
  EQEP1                 00006b00   00000040  00000040  00000000  RWIX
  EQEP2                 00006b40   00000040  00000040  00000000  RWIX
  GPIOCTRL              00006f80   00000040  0000002e  00000012  RWIX
  GPIODAT               00006fc0   00000020  00000020  00000000  RWIX
  GPIOINT               00006fe0   00000020  0000000a  00000016  RWIX
  SYSTEM                00007010   00000020  00000020  00000000  RWIX
  SPIA                  00007040   00000010  00000010  00000000  RWIX
  SCIA                  00007050   00000010  00000010  00000000  RWIX
  XINTRUPT              00007070   00000010  00000010  00000000  RWIX
  ADC                   00007100   00000020  0000001e  00000002  RWIX
  SCIB                  00007750   00000010  00000010  00000000  RWIX
  SCIC                  00007770   00000010  00000010  00000000  RWIX
  I2CA                  00007900   00000040  00000022  0000001e  RWIX
  RAML3                 0000d000   00001000  00000627  000009d9  RWIX
  RAML4                 0000e000   00001000  000000a2  00000f5e  RWIX
  RAML5                 0000f000   00001000  00000400  00000c00  RWIX
  ZONE7B                0020fc00   00000400  00000000  00000400  RWIX
  FLASHB                00330000   00008000  00000000  00008000  RWIX
  CSM_PWL               0033fff8   00000008  00000008  00000000  RWIX
  PARTID                00380090   00000001  00000001  00000000  RWIX


SECTION ALLOCATION MAP

 output                                  attributes/
section   page    origin      length       input sections
--------  ----  ----------  ----------   ----------------
DevEmuRegsFile 
*          1    00000880    000000d0     UNINITIALIZED
                  00000880    000000d0     DSP2833x_GlobalVariableDefs.obj (DevEmuRegsFile)

FlashRegsFile 
*          1    00000a80    00000008     UNINITIALIZED
                  00000a80    00000008     DSP2833x_GlobalVariableDefs.obj (FlashRegsFile)

CsmRegsFile 
*          1    00000ae0    00000010     UNINITIALIZED
                  00000ae0    00000010     DSP2833x_GlobalVariableDefs.obj (CsmRegsFile)

AdcMirrorFile 
*          1    00000b00    00000010     UNINITIALIZED
                  00000b00    00000010     DSP2833x_GlobalVariableDefs.obj (AdcMirrorFile)

XintfRegsFile 
*          1    00000b20    0000001e     UNINITIALIZED
                  00000b20    0000001e     DSP2833x_GlobalVariableDefs.obj (XintfRegsFile)

CpuTimer0RegsFile 
*          1    00000c00    00000008     UNINITIALIZED
                  00000c00    00000008     DSP2833x_GlobalVariableDefs.obj (CpuTimer0RegsFile)

CpuTimer1RegsFile 
*          1    00000c08    00000008     UNINITIALIZED
                  00000c08    00000008     DSP2833x_GlobalVariableDefs.obj (CpuTimer1RegsFile)

CpuTimer2RegsFile 
*          1    00000c10    00000008     UNINITIALIZED
                  00000c10    00000008     DSP2833x_GlobalVariableDefs.obj (CpuTimer2RegsFile)

PieCtrlRegsFile 
*          1    00000ce0    0000001a     UNINITIALIZED
                  00000ce0    0000001a     DSP2833x_GlobalVariableDefs.obj (PieCtrlRegsFile)

PieVectTableFile 
*          1    00000d00    00000100     UNINITIALIZED
                  00000d00    00000100     DSP2833x_GlobalVariableDefs.obj (PieVectTableFile)

DmaRegsFile 
*          1    00001000    000000e0     UNINITIALIZED
                  00001000    000000e0     DSP2833x_GlobalVariableDefs.obj (DmaRegsFile)

McbspaRegsFile 
*          1    00005000    00000025     UNINITIALIZED
                  00005000    00000025     DSP2833x_GlobalVariableDefs.obj (McbspaRegsFile)

McbspbRegsFile 
*          1    00005040    00000025     UNINITIALIZED
                  00005040    00000025     DSP2833x_GlobalVariableDefs.obj (McbspbRegsFile)

ECanaRegsFile 
*          1    00006000    00000034     UNINITIALIZED
                  00006000    00000034     DSP2833x_GlobalVariableDefs.obj (ECanaRegsFile)

ECanaLAMRegsFile 
*          1    00006040    00000040     UNINITIALIZED
                  00006040    00000040     DSP2833x_GlobalVariableDefs.obj (ECanaLAMRegsFile)

ECanaMOTSRegsFile 
*          1    00006080    00000040     UNINITIALIZED
                  00006080    00000040     DSP2833x_GlobalVariableDefs.obj (ECanaMOTSRegsFile)

ECanaMOTORegsFile 
*          1    000060c0    00000040     UNINITIALIZED
                  000060c0    00000040     DSP2833x_GlobalVariableDefs.obj (ECanaMOTORegsFile)

ECanaMboxesFile 
*          1    00006100    00000100     UNINITIALIZED
                  00006100    00000100     DSP2833x_GlobalVariableDefs.obj (ECanaMboxesFile)

ECanbRegsFile 
*          1    00006200    00000034     UNINITIALIZED
                  00006200    00000034     DSP2833x_GlobalVariableDefs.obj (ECanbRegsFile)

ECanbLAMRegsFile 
*          1    00006240    00000040     UNINITIALIZED
                  00006240    00000040     DSP2833x_GlobalVariableDefs.obj (ECanbLAMRegsFile)

ECanbMOTSRegsFile 
*          1    00006280    00000040     UNINITIALIZED
                  00006280    00000040     DSP2833x_GlobalVariableDefs.obj (ECanbMOTSRegsFile)

ECanbMOTORegsFile 
*          1    000062c0    00000040     UNINITIALIZED
                  000062c0    00000040     DSP2833x_GlobalVariableDefs.obj (ECanbMOTORegsFile)

ECanbMboxesFile 
*          1    00006300    00000100     UNINITIALIZED
                  00006300    00000100     DSP2833x_GlobalVariableDefs.obj (ECanbMboxesFile)

EPwm1RegsFile 
*          1    00006800    00000022     UNINITIALIZED
                  00006800    00000022     DSP2833x_GlobalVariableDefs.obj (EPwm1RegsFile)

EPwm2RegsFile 
*          1    00006840    00000022     UNINITIALIZED
                  00006840    00000022     DSP2833x_GlobalVariableDefs.obj (EPwm2RegsFile)

EPwm3RegsFile 
*          1    00006880    00000022     UNINITIALIZED
                  00006880    00000022     DSP2833x_GlobalVariableDefs.obj (EPwm3RegsFile)

EPwm4RegsFile 
*          1    000068c0    00000022     UNINITIALIZED
                  000068c0    00000022     DSP2833x_GlobalVariableDefs.obj (EPwm4RegsFile)

EPwm5RegsFile 
*          1    00006900    00000022     UNINITIALIZED
                  00006900    00000022     DSP2833x_GlobalVariableDefs.obj (EPwm5RegsFile)

EPwm6RegsFile 
*          1    00006940    00000022     UNINITIALIZED
                  00006940    00000022     DSP2833x_GlobalVariableDefs.obj (EPwm6RegsFile)

ECap1RegsFile 
*          1    00006a00    00000020     UNINITIALIZED
                  00006a00    00000020     DSP2833x_GlobalVariableDefs.obj (ECap1RegsFile)

ECap2RegsFile 
*          1    00006a20    00000020     UNINITIALIZED
                  00006a20    00000020     DSP2833x_GlobalVariableDefs.obj (ECap2RegsFile)

ECap3RegsFile 
*          1    00006a40    00000020     UNINITIALIZED
                  00006a40    00000020     DSP2833x_GlobalVariableDefs.obj (ECap3RegsFile)

ECap4RegsFile 
*          1    00006a60    00000020     UNINITIALIZED
                  00006a60    00000020     DSP2833x_GlobalVariableDefs.obj (ECap4RegsFile)

ECap5RegsFile 
*          1    00006a80    00000020     UNINITIALIZED
                  00006a80    00000020     DSP2833x_GlobalVariableDefs.obj (ECap5RegsFile)

ECap6RegsFile 
*          1    00006aa0    00000020     UNINITIALIZED
                  00006aa0    00000020     DSP2833x_GlobalVariableDefs.obj (ECap6RegsFile)

EQep1RegsFile 
*          1    00006b00    00000040     UNINITIALIZED
                  00006b00    00000040     DSP2833x_GlobalVariableDefs.obj (EQep1RegsFile)

EQep2RegsFile 
*          1    00006b40    00000040     UNINITIALIZED
                  00006b40    00000040     DSP2833x_GlobalVariableDefs.obj (EQep2RegsFile)

GpioCtrlRegsFile 
*          1    00006f80    0000002e     UNINITIALIZED
                  00006f80    0000002e     DSP2833x_GlobalVariableDefs.obj (GpioCtrlRegsFile)

GpioDataRegsFile 
*          1    00006fc0    00000020     UNINITIALIZED
                  00006fc0    00000020     DSP2833x_GlobalVariableDefs.obj (GpioDataRegsFile)

GpioIntRegsFile 
*          1    00006fe0    0000000a     UNINITIALIZED
                  00006fe0    0000000a     DSP2833x_GlobalVariableDefs.obj (GpioIntRegsFile)

SysCtrlRegsFile 
*          1    00007010    00000020     UNINITIALIZED
                  00007010    00000020     DSP2833x_GlobalVariableDefs.obj (SysCtrlRegsFile)

SpiaRegsFile 
*          1    00007040    00000010     UNINITIALIZED
                  00007040    00000010     DSP2833x_GlobalVariableDefs.obj (SpiaRegsFile)

SciaRegsFile 
*          1    00007050    00000010     UNINITIALIZED
                  00007050    00000010     DSP2833x_GlobalVariableDefs.obj (SciaRegsFile)

XIntruptRegsFile 
*          1    00007070    00000010     UNINITIALIZED
                  00007070    00000010     DSP2833x_GlobalVariableDefs.obj (XIntruptRegsFile)

AdcRegsFile 
*          1    00007100    0000001e     UNINITIALIZED
                  00007100    0000001e     DSP2833x_GlobalVariableDefs.obj (AdcRegsFile)

ScibRegsFile 
*          1    00007750    00000010     UNINITIALIZED
                  00007750    00000010     DSP2833x_GlobalVariableDefs.obj (ScibRegsFile)

ScicRegsFile 
*          1    00007770    00000010     UNINITIALIZED
                  00007770    00000010     DSP2833x_GlobalVariableDefs.obj (ScicRegsFile)

I2caRegsFile 
*          1    00007900    00000022     UNINITIALIZED
                  00007900    00000022     DSP2833x_GlobalVariableDefs.obj (I2caRegsFile)

CsmPwlFile 
*          1    0033fff8    00000008     UNINITIALIZED
                  0033fff8    00000008     DSP2833x_GlobalVariableDefs.obj (CsmPwlFile)

PartIdRegsFile 
*          1    00380090    00000001     UNINITIALIZED
                  00380090    00000001     DSP2833x_GlobalVariableDefs.obj (PartIdRegsFile)

codestart 
*          0    00000000    00000002     
                  00000000    00000002     DSP2833x_CodeStartBranch.obj (codestart)

.TI.ramfunc 
*          0    00008000    00000000     UNINITIALIZED

.cinit     0    00008000    00000422     
                  00008000    00000403     INPUT.obj (.cinit:_test_input)
                  00008403    0000000e     rts2800_fpu32.lib : exit.c.obj (.cinit)
                  00008411    00000005     FIR.obj (.cinit)
                  00008416    00000005     rts2800_fpu32.lib : _lock.c.obj (.cinit:__lock)
                  0000841b    00000005                       : _lock.c.obj (.cinit:__unlock)
                  00008420    00000002     --HOLE-- [fill = 0]

.pinit     0    00008000    00000000     UNINITIALIZED

.stack     1    00000400    00000300     UNINITIALIZED
                  00000400    00000300     --HOLE--

.ebss      1    0000d000    000004fc     UNINITIALIZED
                  0000d000    00000400     INPUT.obj (.ebss:_test_input)
                  0000d400    000000a2     FIR.obj (.ebss:_delayLine)
                  0000d4a2    00000018     DSP2833x_CpuTimers.obj (.ebss)
                  0000d4ba    00000006     rts2800_fpu32.lib : exit.c.obj (.ebss)
                  0000d4c0    00000014     ICFFT_f32.obj (.ebss)
                  0000d4d4    00000014     ICFFT_f32t.obj (.ebss)
                  0000d4e8    00000010     FIR.obj (.ebss)
                  0000d4f8    00000002     rts2800_fpu32.lib : _lock.c.obj (.ebss:__lock)
                  0000d4fa    00000002                       : _lock.c.obj (.ebss:__unlock)

.econst    1    0000d4fc    0000012b     
                  0000d4fc    00000100     DSP2833x_PieVect.obj (.econst:_PieVectTableInit)
                  0000d5fc    0000000c     rts2800_fpu32.lib : e_atan2f.c.obj (.econst)
                  0000d608    0000000a                       : s_atanf.c.obj (.econst:_aT)
                  0000d612    00000008                       : s_atanf.c.obj (.econst:_atanhi)
                  0000d61a    00000008                       : s_atanf.c.obj (.econst:_atanlo)
                  0000d622    00000004                       : s_atanf.c.obj (.econst)
                  0000d626    00000001     FIR.obj (.econst)

FIR_buffer0 
*          1    0000e000    000000a2     
                  0000e000    000000a2     FIR.obj (FIR_buffer0)

FIR_buffer1 
*          1    0000f000    00000400     UNINITIALIZED
                  0000f000    00000400     FIR.obj (FIR_buffer1)

.reset     0    003fffc0    00000002     DSECT
                  003fffc0    00000002     rts2800_fpu32.lib : boot28.asm.obj (.reset)

csm_rsvd   0    0033ff80    00000076     DSECT
                  0033ff80    00000076     DSP2833x_CSMPasswords.obj (csm_rsvd)

csmpasswds 
*          0    0033fff8    00000008     DSECT
                  0033fff8    00000008     DSP2833x_CSMPasswords.obj (csmpasswds)

.adc_cal   0    00380080    00000007     NOLOAD SECTION
                  00380080    00000007     DSP2833x_ADC_cal.obj (.adc_cal)

ramfuncs   0    00000002    00000004     
                  00000002    00000004     DSP2833x_usDelay.obj (ramfuncs)

.text      0    00008800    0000159c     
                  00008800    00000316     DSP2833x_DefaultIsr.obj (.text:retain)
                  00008b16    00000179     ICFFT_f32.obj (.text)
                  00008c8f    00000001     rts2800_fpu32.lib : startup.c.obj (.text)
                  00008c90    00000179     ICFFT_f32t.obj (.text)
                  00008e09    00000001     --HOLE-- [fill = 0]
                  00008e0a    00000138     RFFT_adc_f32.obj (.text)
                  00008f42    0000011d     RFFT_f32.obj (.text)
                  0000905f    00000001     --HOLE-- [fill = 0]
                  00009060    000000fe     RFFT_f32s_mag.obj (.text)
                  0000915e    000000f7     DSP2833x_SysCtrl.obj (.text)
                  00009255    000000d2     rts2800_fpu32.lib : e_atan2f.c.obj (.text)
                  00009327    000000ca                       : s_atanf.c.obj (.text)
                  000093f1    000000a0     FIR.obj (.text)
                  00009491    00000001     --HOLE-- [fill = 0]
                  00009492    0000009e     RFFT_adc_f32u.obj (.text)
                  00009530    0000009c     RFFT_f32_mag.obj (.text)
                  000095cc    00000088     rts2800_fpu32.lib : fs_div28.asm.obj (.text)
                  00009654    00000085     RFFT_f32u.obj (.text)
                  000096d9    00000001     --HOLE-- [fill = 0]
                  000096da    0000005d     memcpy_fast_far.obj (.text)
                  00009737    00000001     --HOLE-- [fill = 0]
                  00009738    0000005b     abs_SP_CV_2.obj (.text)
                  00009793    00000056     rts2800_fpu32.lib : boot28.asm.obj (.text)
                  000097e9    00000001     --HOLE-- [fill = 0]
                  000097ea    00000051     iabs_SP_CV_2.obj (.text)
                  0000983b    00000001     --HOLE-- [fill = 0]
                  0000983c    0000004a     iir_f32.obj (.text)
                  00009886    00000043     mpy_SP_RMxRM_2.obj (.text)
                  000098c9    00000001     --HOLE-- [fill = 0]
                  000098ca    00000042     mac_SP_i16RVxCV.obj (.text)
                  0000990c    0000003f     mac_SP_RVxCV.obj (.text)
                  0000994b    00000001     --HOLE-- [fill = 0]
                  0000994c    00000039     mac_SP_CVxCV.obj (.text)
                  00009985    00000001     --HOLE-- [fill = 0]
                  00009986    00000038     mean_SP_CV_2.obj (.text)
                  000099be    00000037     FIR_f32.obj (.text)
                  000099f5    00000001     --HOLE-- [fill = 0]
                  000099f6    00000032     mpy_SP_RMxRM.obj (.text)
                  00009a28    00000031     abs_SP_CV.obj (.text)
                  00009a59    00000001     --HOLE-- [fill = 0]
                  00009a5a    0000002c     iabs_SP_CV.obj (.text)
                  00009a86    0000002c     mpy_SP_RSxRVxRV_2.obj (.text)
                  00009ab2    00000029     rts2800_fpu32.lib : exit.c.obj (.text)
                  00009adb    00000028     DSP2833x_PieCtrl.obj (.text)
                  00009b03    00000001     --HOLE-- [fill = 0]
                  00009b04    00000025     RFFT_f32_win.obj (.text)
                  00009b29    00000024     main.obj (.text)
                  00009b4d    00000024     rts2800_fpu32.lib : cpy_tbl.c.obj (.text)
                  00009b71    00000023     RFFT_f32_phase.obj (.text)
                  00009b94    00000021     mpy_SP_RVxRV_2.obj (.text)
                  00009bb5    00000020     DSP2833x_PieVect.obj (.text)
                  00009bd5    00000001     --HOLE-- [fill = 0]
                  00009bd6    0000001f     RFFT_f32_adc_win.obj (.text)
                  00009bf5    00000001     --HOLE-- [fill = 0]
                  00009bf6    0000001f     add_SP_CVxCV.obj (.text)
                  00009c15    00000001     --HOLE-- [fill = 0]
                  00009c16    0000001f     mpy_SP_CVxCVC.obj (.text)
                  00009c35    00000001     --HOLE-- [fill = 0]
                  00009c36    0000001f     sub_SP_CVxCV.obj (.text)
                  00009c55    00000001     --HOLE-- [fill = 0]
                  00009c56    0000001e     add_SP_CSxCV.obj (.text)
                  00009c74    0000001e     sub_SP_CSxCV.obj (.text)
                  00009c92    0000001d     mpy_SP_CVxCV.obj (.text)
                  00009caf    0000001d     rts2800_fpu32.lib : memcpy.c.obj (.text)
                  00009ccc    0000001c     maxidx_SP_RV_2.obj (.text)
                  00009ce8    0000001b     mpy_SP_RVxCV.obj (.text)
                  00009d03    00000001     --HOLE-- [fill = 0]
                  00009d04    00000018     mpy_SP_RSxRV_2.obj (.text)
                  00009d1c    00000017     DSP2833x_Gpio.obj (.text)
                  00009d33    00000017     mpy_SP_CSxCS.obj (.text)
                  00009d4a    00000016     rnd_SP_RS.obj (.text)
                  00009d60    00000012     rts2800_fpu32.lib : args_main.c.obj (.text)
                  00009d72    00000009                       : _lock.c.obj (.text)
                  00009d7b    00000008     DSP2833x_CodeStartBranch.obj (.text)
                  00009d83    00000007     DSP2833x_DisInt.obj (.text)
                  00009d8a    00000007     memcpy_fast.obj (.text)
                  00009d91    00000006     memset_fast.obj (.text)
                  00009d97    00000003     DSP2833x_DBGIER.obj (.text)
                  00009d9a    00000002     rts2800_fpu32.lib : pre_init.c.obj (.text)

MODULE SUMMARY

       Module                            code   initialized data   uninitialized data
       ------                            ----   ----------------   ------------------
    .\
       main.obj                          36     0                  0                 
    +--+---------------------------------+------+------------------+--------------------+
       Total:                            36     0                  0                 
                                                                                     
    .\FPU\source\fft\
       ICFFT_f32.obj                     377    0                  20                
       ICFFT_f32t.obj                    377    0                  20                
       RFFT_adc_f32.obj                  312    0                  0                 
       RFFT_f32.obj                      285    0                  0                 
       RFFT_f32s_mag.obj                 254    0                  0                 
       RFFT_adc_f32u.obj                 158    0                  0                 
       RFFT_f32_mag.obj                  156    0                  0                 
       RFFT_f32u.obj                     133    0                  0                 
       RFFT_f32_win.obj                  37     0                  0                 
       RFFT_f32_phase.obj                35     0                  0                 
       RFFT_f32_adc_win.obj              31     0                  0                 
    +--+---------------------------------+------+------------------+--------------------+
       Total:                            2155   0                  40                
                                                                                     
    .\FPU\source\filter\
       iir_f32.obj                       74     0                  0                 
       FIR_f32.obj                       55     0                  0                 
    +--+---------------------------------+------+------------------+--------------------+
       Total:                            129    0                  0                 
                                                                                     
    .\FPU\source\utility\
       memcpy_fast_far.obj               93     0                  0                 
       memcpy_fast.obj                   7      0                  0                 
       memset_fast.obj                   6      0                  0                 
    +--+---------------------------------+------+------------------+--------------------+
       Total:                            106    0                  0                 
                                                                                     
    .\FPU\source\vector\
       abs_SP_CV_2.obj                   91     0                  0                 
       iabs_SP_CV_2.obj                  81     0                  0                 
       mpy_SP_RMxRM_2.obj                67     0                  0                 
       mac_SP_i16RVxCV.obj               66     0                  0                 
       mac_SP_RVxCV.obj                  63     0                  0                 
       mac_SP_CVxCV.obj                  57     0                  0                 
       mean_SP_CV_2.obj                  56     0                  0                 
       mpy_SP_RMxRM.obj                  50     0                  0                 
       abs_SP_CV.obj                     49     0                  0                 
       iabs_SP_CV.obj                    44     0                  0                 
       mpy_SP_RSxRVxRV_2.obj             44     0                  0                 
       mpy_SP_RVxRV_2.obj                33     0                  0                 
       add_SP_CVxCV.obj                  31     0                  0                 
       mpy_SP_CVxCVC.obj                 31     0                  0                 
       sub_SP_CVxCV.obj                  31     0                  0                 
       add_SP_CSxCV.obj                  30     0                  0                 
       sub_SP_CSxCV.obj                  30     0                  0                 
       mpy_SP_CVxCV.obj                  29     0                  0                 
       maxidx_SP_RV_2.obj                28     0                  0                 
       mpy_SP_RVxCV.obj                  27     0                  0                 
       mpy_SP_RSxRV_2.obj                24     0                  0                 
       mpy_SP_CSxCS.obj                  23     0                  0                 
       rnd_SP_RS.obj                     22     0                  0                 
    +--+---------------------------------+------+------------------+--------------------+
       Total:                            1007   0                  0                 
                                                                                     
    .\bsp\
       INPUT.obj                         0      1027               1024              
       FIR.obj                           160    168                1202              
    +--+---------------------------------+------+------------------+--------------------+
       Total:                            160    1195               2226              
                                                                                     
    .\libs\
       DSP2833x_GlobalVariableDefs.obj   0      0                  2679              
       DSP2833x_DefaultIsr.obj           790    0                  0                 
       DSP2833x_PieVect.obj              32     256                0                 
       DSP2833x_SysCtrl.obj              247    0                  0                 
       DSP2833x_PieCtrl.obj              40     0                  0                 
       DSP2833x_CpuTimers.obj            0      0                  24                
       DSP2833x_Gpio.obj                 23     0                  0                 
       DSP2833x_CodeStartBranch.obj      10     0                  0                 
       DSP2833x_ADC_cal.obj              7      0                  0                 
       DSP2833x_DisInt.obj               7      0                  0                 
       DSP2833x_usDelay.obj              4      0                  0                 
       DSP2833x_DBGIER.obj               3      0                  0                 
    +--+---------------------------------+------+------------------+--------------------+
       Total:                            1163   256                2703              
                                                                                     
    C:/ti/ccs1240/ccs/tools/compiler/ti-cgt-c2000_22.6.0.LTS/lib/rts2800_fpu32.lib
       s_atanf.c.obj                     202    30                 0                 
       e_atan2f.c.obj                    210    12                 0                 
       fs_div28.asm.obj                  136    0                  0                 
       boot28.asm.obj                    86     0                  0                 
       exit.c.obj                        41     14                 6                 
       cpy_tbl.c.obj                     36     0                  0                 
       memcpy.c.obj                      29     0                  0                 
       _lock.c.obj                       9      10                 4                 
       args_main.c.obj                   18     0                  0                 
       pre_init.c.obj                    2      0                  0                 
       startup.c.obj                     1      0                  0                 
    +--+---------------------------------+------+------------------+--------------------+
       Total:                            770    66                 10                
                                                                                     
       Stack:                            0      0                  768               
    +--+---------------------------------+------+------------------+--------------------+
       Grand Total:                      5526   1517               5747              


GLOBAL DATA SYMBOLS: SORTED BY DATA PAGE

address     data page           name
--------    ----------------    ----
00000400      10 (00000400)     __stack

00000880      22 (00000880)     _DevEmuRegs

00000a80      2a (00000a80)     _FlashRegs

00000ae0      2b (00000ac0)     _CsmRegs

00000b00      2c (00000b00)     _AdcMirror
00000b20      2c (00000b00)     _XintfRegs

00000c00      30 (00000c00)     _CpuTimer0Regs
00000c08      30 (00000c00)     _CpuTimer1Regs
00000c10      30 (00000c00)     _CpuTimer2Regs

00000ce0      33 (00000cc0)     _PieCtrlRegs

00000d00      34 (00000d00)     _PieVectTable

00001000      40 (00001000)     _DmaRegs

00005000     140 (00005000)     _McbspaRegs

00005040     141 (00005040)     _McbspbRegs

00006000     180 (00006000)     _ECanaRegs

00006040     181 (00006040)     _ECanaLAMRegs

00006080     182 (00006080)     _ECanaMOTSRegs

000060c0     183 (000060c0)     _ECanaMOTORegs

00006100     184 (00006100)     _ECanaMboxes

00006200     188 (00006200)     _ECanbRegs

00006240     189 (00006240)     _ECanbLAMRegs

00006280     18a (00006280)     _ECanbMOTSRegs

000062c0     18b (000062c0)     _ECanbMOTORegs

00006300     18c (00006300)     _ECanbMboxes

00006800     1a0 (00006800)     _EPwm1Regs

00006840     1a1 (00006840)     _EPwm2Regs

00006880     1a2 (00006880)     _EPwm3Regs

000068c0     1a3 (000068c0)     _EPwm4Regs

00006900     1a4 (00006900)     _EPwm5Regs

00006940     1a5 (00006940)     _EPwm6Regs

00006a00     1a8 (00006a00)     _ECap1Regs
00006a20     1a8 (00006a00)     _ECap2Regs

00006a40     1a9 (00006a40)     _ECap3Regs
00006a60     1a9 (00006a40)     _ECap4Regs

00006a80     1aa (00006a80)     _ECap5Regs
00006aa0     1aa (00006a80)     _ECap6Regs

00006b00     1ac (00006b00)     _EQep1Regs

00006b40     1ad (00006b40)     _EQep2Regs

00006f80     1be (00006f80)     _GpioCtrlRegs

00006fc0     1bf (00006fc0)     _GpioDataRegs
00006fe0     1bf (00006fc0)     _GpioIntRegs

00007010     1c0 (00007000)     _SysCtrlRegs

00007040     1c1 (00007040)     _SpiaRegs
00007050     1c1 (00007040)     _SciaRegs
00007070     1c1 (00007040)     _XIntruptRegs

00007100     1c4 (00007100)     _AdcRegs

00007750     1dd (00007740)     _ScibRegs
00007770     1dd (00007740)     _ScicRegs

00007900     1e4 (00007900)     _I2caRegs

0000d000     340 (0000d000)     _test_input

0000d400     350 (0000d400)     _delayLine

0000d4a2     352 (0000d480)     _CpuTimer0
0000d4aa     352 (0000d480)     _CpuTimer1
0000d4b2     352 (0000d480)     _CpuTimer2
0000d4ba     352 (0000d480)     ___TI_enable_exit_profile_output
0000d4bc     352 (0000d480)     ___TI_cleanup_ptr
0000d4be     352 (0000d480)     ___TI_dtors_ptr

0000d4e8     353 (0000d4c0)     _hnd_fir
0000d4ea     353 (0000d4c0)     _fir
0000d4f8     353 (0000d4c0)     __lock
0000d4fa     353 (0000d4c0)     __unlock
0000d4fc     353 (0000d4c0)     _PieVectTableInit

0000d626     358 (0000d600)     _BL

0000e000     380 (0000e000)     _coeffs

0000f000     3c0 (0000f000)     _FIR_output

0033fff8    cfff (0033ffc0)     _CsmPwl

00380090    e002 (00380080)     _PartIdRegs


GLOBAL SYMBOLS: SORTED ALPHABETICALLY BY Name 

page  address   name                                   
----  -------   ----                                   
abs   ffffffff  .text                                  
0     00009ab2  C$$EXIT                                
0     000095cc  FS$$DIV                                
0     000088e6  _ADCINT_ISR                            
0     00380080  _ADC_cal                               
1     00000b00  _AdcMirror                             
1     00007100  _AdcRegs                               
1     0000d626  _BL                                    
1     0000d4a2  _CpuTimer0                             
1     00000c00  _CpuTimer0Regs                         
1     0000d4aa  _CpuTimer1                             
1     00000c08  _CpuTimer1Regs                         
1     0000d4b2  _CpuTimer2                             
1     00000c10  _CpuTimer2Regs                         
1     0033fff8  _CsmPwl                                
1     00000ae0  _CsmRegs                               
0     00009224  _CsmUnlock                             
0     00008814  _DATALOG_ISR                           
0     00008a08  _DINTCH1_ISR                           
0     00008a12  _DINTCH2_ISR                           
0     00008a1c  _DINTCH3_ISR                           
0     00008a26  _DINTCH4_ISR                           
0     00008a30  _DINTCH5_ISR                           
0     00008a3a  _DINTCH6_ISR                           
0     00009d83  _DSP28x_DisableInt                     
0     00009d87  _DSP28x_RestoreInt                     
0     00000002  _DSP28x_usDelay                        
1     00000880  _DevEmuRegs                            
0     00009171  _DisableDog                            
1     00001000  _DmaRegs                               
0     00008a94  _ECAN0INTA_ISR                         
0     00008aa8  _ECAN0INTB_ISR                         
0     00008a9e  _ECAN1INTA_ISR                         
0     00008ab2  _ECAN1INTB_ISR                         
0     0000897c  _ECAP1_INT_ISR                         
0     00008986  _ECAP2_INT_ISR                         
0     00008990  _ECAP3_INT_ISR                         
0     0000899a  _ECAP4_INT_ISR                         
0     000089a4  _ECAP5_INT_ISR                         
0     000089ae  _ECAP6_INT_ISR                         
1     00006040  _ECanaLAMRegs                          
1     000060c0  _ECanaMOTORegs                         
1     00006080  _ECanaMOTSRegs                         
1     00006100  _ECanaMboxes                           
1     00006000  _ECanaRegs                             
1     00006240  _ECanbLAMRegs                          
1     000062c0  _ECanbMOTORegs                         
1     00006280  _ECanbMOTSRegs                         
1     00006300  _ECanbMboxes                           
1     00006200  _ECanbRegs                             
1     00006a00  _ECap1Regs                             
1     00006a20  _ECap2Regs                             
1     00006a40  _ECap3Regs                             
1     00006a60  _ECap4Regs                             
1     00006a80  _ECap5Regs                             
1     00006aa0  _ECap6Regs                             
0     00008828  _EMUINT_ISR                            
0     00008940  _EPWM1_INT_ISR                         
0     00008904  _EPWM1_TZINT_ISR                       
0     0000894a  _EPWM2_INT_ISR                         
0     0000890e  _EPWM2_TZINT_ISR                       
0     00008954  _EPWM3_INT_ISR                         
0     00008918  _EPWM3_TZINT_ISR                       
0     0000895e  _EPWM4_INT_ISR                         
0     00008922  _EPWM4_TZINT_ISR                       
0     00008968  _EPWM5_INT_ISR                         
0     0000892c  _EPWM5_TZINT_ISR                       
0     00008972  _EPWM6_INT_ISR                         
0     00008936  _EPWM6_TZINT_ISR                       
1     00006800  _EPwm1Regs                             
1     00006840  _EPwm2Regs                             
1     00006880  _EPwm3Regs                             
1     000068c0  _EPwm4Regs                             
1     00006900  _EPwm5Regs                             
1     00006940  _EPwm6Regs                             
0     000089b8  _EQEP1_INT_ISR                         
0     000089c2  _EQEP2_INT_ISR                         
1     00006b00  _EQep1Regs                             
1     00006b40  _EQep2Regs                             
0     00009afa  _EnableInterrupts                      
0     00009436  _FIR_Init                              
0     000099ca  _FIR_f32_calc                          
0     000099be  _FIR_f32_init                          
0     00009457  _FIR_filter_run                        
1     0000f000  _FIR_output                            
1     00000a80  _FlashRegs                             
1     00006f80  _GpioCtrlRegs                          
1     00006fc0  _GpioDataRegs                          
1     00006fe0  _GpioIntRegs                           
0     00008a44  _I2CINT1A_ISR                          
0     00008a4e  _I2CINT2A_ISR                          
1     00007900  _I2caRegs                              
0     00008b16  _ICFFT_f32                             
0     00008c90  _ICFFT_f32t                            
0     00009845  _IIR_f32_calc                          
0     0000983c  _IIR_f32_init                          
0     0000883c  _ILLEGAL_ISR                           
0     00008800  _INT13_ISR                             
0     0000880a  _INT14_ISR                             
0     00009d1c  _InitGpio                              
0     000091c9  _InitPeripheralClocks                  
0     00009adb  _InitPieCtrl                           
0     00009bb5  _InitPieVectTable                      
0     00009179  _InitPll                               
0     0000915e  _InitSysCtrl                           
0     00008af8  _LUF_ISR                               
0     00008aee  _LVF_ISR                               
0     000089f4  _MRINTA_ISR                            
0     000089e0  _MRINTB_ISR                            
0     000089fe  _MXINTA_ISR                            
0     000089ea  _MXINTB_ISR                            
1     00005000  _McbspaRegs                            
1     00005040  _McbspbRegs                            
0     00008832  _NMI_ISR                               
0     00008b02  _PIE_RESERVED                          
1     00380090  _PartIdRegs                            
1     00000ce0  _PieCtrlRegs                           
1     00000d00  _PieVectTable                          
1     0000d4fc  _PieVectTableInit                      
0     00008e0a  _RFFT_adc_f32                          
0     00009bd6  _RFFT_adc_f32_win                      
0     00009492  _RFFT_adc_f32u                         
0     00008f42  _RFFT_f32                              
0     00009530  _RFFT_f32_mag                          
0     00009b71  _RFFT_f32_phase                        
0     00009b04  _RFFT_f32_win                          
0     00009060  _RFFT_f32s_mag                         
0     00009654  _RFFT_f32u                             
0     0000881e  _RTOSINT_ISR                           
0     00008000  _RamfuncsLoadEnd                       
abs   00000000  _RamfuncsLoadSize                      
0     00008000  _RamfuncsLoadStart                     
0     00008000  _RamfuncsRunStart                      
0     00008a6c  _SCIRXINTA_ISR                         
0     00008a80  _SCIRXINTB_ISR                         
0     00008a58  _SCIRXINTC_ISR                         
0     00008a76  _SCITXINTA_ISR                         
0     00008a8a  _SCITXINTB_ISR                         
0     00008a62  _SCITXINTC_ISR                         
0     000088be  _SEQ1INT_ISR                           
0     000088c8  _SEQ2INT_ISR                           
0     000089cc  _SPIRXINTA_ISR                         
0     000089d6  _SPITXINTA_ISR                         
1     00007050  _SciaRegs                              
1     00007750  _ScibRegs                              
1     00007770  _ScicRegs                              
0     00009167  _ServiceDog                            
0     00009d97  _SetDBGIER                             
1     00007040  _SpiaRegs                              
1     00007010  _SysCtrlRegs                           
0     000088f0  _TINT0_ISR                             
0     000088a0  _USER10_ISR                            
0     000088aa  _USER11_ISR                            
0     000088b4  _USER12_ISR                            
0     00008846  _USER1_ISR                             
0     00008850  _USER2_ISR                             
0     0000885a  _USER3_ISR                             
0     00008864  _USER4_ISR                             
0     0000886e  _USER5_ISR                             
0     00008878  _USER6_ISR                             
0     00008882  _USER7_ISR                             
0     0000888c  _USER8_ISR                             
0     00008896  _USER9_ISR                             
0     000088fa  _WAKEINT_ISR                           
0     000088d2  _XINT1_ISR                             
0     000088dc  _XINT2_ISR                             
0     00008abc  _XINT3_ISR                             
0     00008ac6  _XINT4_ISR                             
0     00008ad0  _XINT5_ISR                             
0     00008ada  _XINT6_ISR                             
0     00008ae4  _XINT7_ISR                             
1     00007070  _XIntruptRegs                          
1     00000b20  _XintfRegs                             
1     00000700  __STACK_END                            
abs   00000300  __STACK_SIZE                           
1     0000d4bc  ___TI_cleanup_ptr                      
1     0000d4be  ___TI_dtors_ptr                        
1     0000d4ba  ___TI_enable_exit_profile_output       
abs   ffffffff  ___TI_pprof_out_hndl                   
abs   ffffffff  ___TI_prof_data_size                   
abs   ffffffff  ___TI_prof_data_start                  
abs   ffffffff  ___binit__                             
abs   ffffffff  ___c_args__                            
0     00008000  ___cinit__                             
abs   ffffffff  ___etext__                             
abs   ffffffff  ___pinit__                             
abs   ffffffff  ___text__                              
0     00009d60  __args_main                            
1     0000d4f8  __lock                                 
0     00009d7a  __nop                                  
0     00009d76  __register_lock                        
0     00009d72  __register_unlock                      
1     00000400  __stack                                
0     00008c8f  __system_post_cinit                    
0     00009d9a  __system_pre_init                      
1     0000d4fa  __unlock                               
0     00009ab2  _abort                                 
0     00009a28  _abs_SP_CV                             
0     00009738  _abs_SP_CV_2                           
0     00009c56  _add_SP_CSxCV                          
0     00009bf6  _add_SP_CVxCV                          
0     00009327  _atan                                  
0     00009255  _atan2                                 
0     00009255  _atan2f                                
0     00009327  _atanf                                 
0     00009793  _c_int00                               
1     0000e000  _coeffs                                
0     00009b4d  _copy_in                               
1     0000d400  _delayLine                             
0     00009b3c  _delay_1ms                             
0     00009ab4  _exit                                  
1     0000d4ea  _fir                                   
1     0000d4e8  _hnd_fir                               
0     00009a5a  _iabs_SP_CV                            
0     000097ea  _iabs_SP_CV_2                          
0     0000994c  _mac_SP_CVxCV                          
0     0000990c  _mac_SP_RVxCV                          
0     000098ca  _mac_SP_i16RVxCV                       
0     00009b29  _main                                  
0     00009ccc  _maxidx_SP_RV_2                        
0     00009986  _mean_SP_CV_2                          
0     00009caf  _memcpy                                
0     00009d8a  _memcpy_fast                           
0     000096da  _memcpy_fast_far                       
0     00009d91  _memset_fast                           
0     00009d33  _mpy_SP_CSxCS                          
0     00009c92  _mpy_SP_CVxCV                          
0     00009c16  _mpy_SP_CVxCVC                         
0     000099f6  _mpy_SP_RMxRM                          
0     00009886  _mpy_SP_RMxRM_2                        
0     00009d05  _mpy_SP_RSxRV_2                        
0     00009a86  _mpy_SP_RSxRVxRV_2                     
0     00009ce8  _mpy_SP_RVxCV                          
0     00009b94  _mpy_SP_RVxRV_2                        
0     00008e9a  _rfft_adc_f32_Stages4andUp             
0     00008f4b  _rfft_f32_Stages1and2and3andBitReverse 
0     00008fb7  _rfft_f32_Stages4andUp                 
0     0000965d  _rfft_f32u_Stages1and2and3andBitReverse
0     00009d4a  _rnd_SP_RS                             
0     00008b0c  _rsvd_ISR                              
0     00009c74  _sub_SP_CSxCV                          
0     00009c36  _sub_SP_CVxCV                          
1     0000d000  _test_input                            
abs   ffffffff  binit                                  
0     00008000  cinit                                  
0     00000000  code_start                             
abs   ffffffff  etext                                  
abs   ffffffff  pinit                                  


GLOBAL SYMBOLS: SORTED BY Symbol Address 

page  address   name                                   
----  -------   ----                                   
0     00000000  code_start                             
0     00000002  _DSP28x_usDelay                        
0     00008000  _RamfuncsLoadEnd                       
0     00008000  _RamfuncsLoadStart                     
0     00008000  _RamfuncsRunStart                      
0     00008000  ___cinit__                             
0     00008000  cinit                                  
0     00008800  _INT13_ISR                             
0     0000880a  _INT14_ISR                             
0     00008814  _DATALOG_ISR                           
0     0000881e  _RTOSINT_ISR                           
0     00008828  _EMUINT_ISR                            
0     00008832  _NMI_ISR                               
0     0000883c  _ILLEGAL_ISR                           
0     00008846  _USER1_ISR                             
0     00008850  _USER2_ISR                             
0     0000885a  _USER3_ISR                             
0     00008864  _USER4_ISR                             
0     0000886e  _USER5_ISR                             
0     00008878  _USER6_ISR                             
0     00008882  _USER7_ISR                             
0     0000888c  _USER8_ISR                             
0     00008896  _USER9_ISR                             
0     000088a0  _USER10_ISR                            
0     000088aa  _USER11_ISR                            
0     000088b4  _USER12_ISR                            
0     000088be  _SEQ1INT_ISR                           
0     000088c8  _SEQ2INT_ISR                           
0     000088d2  _XINT1_ISR                             
0     000088dc  _XINT2_ISR                             
0     000088e6  _ADCINT_ISR                            
0     000088f0  _TINT0_ISR                             
0     000088fa  _WAKEINT_ISR                           
0     00008904  _EPWM1_TZINT_ISR                       
0     0000890e  _EPWM2_TZINT_ISR                       
0     00008918  _EPWM3_TZINT_ISR                       
0     00008922  _EPWM4_TZINT_ISR                       
0     0000892c  _EPWM5_TZINT_ISR                       
0     00008936  _EPWM6_TZINT_ISR                       
0     00008940  _EPWM1_INT_ISR                         
0     0000894a  _EPWM2_INT_ISR                         
0     00008954  _EPWM3_INT_ISR                         
0     0000895e  _EPWM4_INT_ISR                         
0     00008968  _EPWM5_INT_ISR                         
0     00008972  _EPWM6_INT_ISR                         
0     0000897c  _ECAP1_INT_ISR                         
0     00008986  _ECAP2_INT_ISR                         
0     00008990  _ECAP3_INT_ISR                         
0     0000899a  _ECAP4_INT_ISR                         
0     000089a4  _ECAP5_INT_ISR                         
0     000089ae  _ECAP6_INT_ISR                         
0     000089b8  _EQEP1_INT_ISR                         
0     000089c2  _EQEP2_INT_ISR                         
0     000089cc  _SPIRXINTA_ISR                         
0     000089d6  _SPITXINTA_ISR                         
0     000089e0  _MRINTB_ISR                            
0     000089ea  _MXINTB_ISR                            
0     000089f4  _MRINTA_ISR                            
0     000089fe  _MXINTA_ISR                            
0     00008a08  _DINTCH1_ISR                           
0     00008a12  _DINTCH2_ISR                           
0     00008a1c  _DINTCH3_ISR                           
0     00008a26  _DINTCH4_ISR                           
0     00008a30  _DINTCH5_ISR                           
0     00008a3a  _DINTCH6_ISR                           
0     00008a44  _I2CINT1A_ISR                          
0     00008a4e  _I2CINT2A_ISR                          
0     00008a58  _SCIRXINTC_ISR                         
0     00008a62  _SCITXINTC_ISR                         
0     00008a6c  _SCIRXINTA_ISR                         
0     00008a76  _SCITXINTA_ISR                         
0     00008a80  _SCIRXINTB_ISR                         
0     00008a8a  _SCITXINTB_ISR                         
0     00008a94  _ECAN0INTA_ISR                         
0     00008a9e  _ECAN1INTA_ISR                         
0     00008aa8  _ECAN0INTB_ISR                         
0     00008ab2  _ECAN1INTB_ISR                         
0     00008abc  _XINT3_ISR                             
0     00008ac6  _XINT4_ISR                             
0     00008ad0  _XINT5_ISR                             
0     00008ada  _XINT6_ISR                             
0     00008ae4  _XINT7_ISR                             
0     00008aee  _LVF_ISR                               
0     00008af8  _LUF_ISR                               
0     00008b02  _PIE_RESERVED                          
0     00008b0c  _rsvd_ISR                              
0     00008b16  _ICFFT_f32                             
0     00008c8f  __system_post_cinit                    
0     00008c90  _ICFFT_f32t                            
0     00008e0a  _RFFT_adc_f32                          
0     00008e9a  _rfft_adc_f32_Stages4andUp             
0     00008f42  _RFFT_f32                              
0     00008f4b  _rfft_f32_Stages1and2and3andBitReverse 
0     00008fb7  _rfft_f32_Stages4andUp                 
0     00009060  _RFFT_f32s_mag                         
0     0000915e  _InitSysCtrl                           
0     00009167  _ServiceDog                            
0     00009171  _DisableDog                            
0     00009179  _InitPll                               
0     000091c9  _InitPeripheralClocks                  
0     00009224  _CsmUnlock                             
0     00009255  _atan2                                 
0     00009255  _atan2f                                
0     00009327  _atan                                  
0     00009327  _atanf                                 
0     00009436  _FIR_Init                              
0     00009457  _FIR_filter_run                        
0     00009492  _RFFT_adc_f32u                         
0     00009530  _RFFT_f32_mag                          
0     000095cc  FS$$DIV                                
0     00009654  _RFFT_f32u                             
0     0000965d  _rfft_f32u_Stages1and2and3andBitReverse
0     000096da  _memcpy_fast_far                       
0     00009738  _abs_SP_CV_2                           
0     00009793  _c_int00                               
0     000097ea  _iabs_SP_CV_2                          
0     0000983c  _IIR_f32_init                          
0     00009845  _IIR_f32_calc                          
0     00009886  _mpy_SP_RMxRM_2                        
0     000098ca  _mac_SP_i16RVxCV                       
0     0000990c  _mac_SP_RVxCV                          
0     0000994c  _mac_SP_CVxCV                          
0     00009986  _mean_SP_CV_2                          
0     000099be  _FIR_f32_init                          
0     000099ca  _FIR_f32_calc                          
0     000099f6  _mpy_SP_RMxRM                          
0     00009a28  _abs_SP_CV                             
0     00009a5a  _iabs_SP_CV                            
0     00009a86  _mpy_SP_RSxRVxRV_2                     
0     00009ab2  C$$EXIT                                
0     00009ab2  _abort                                 
0     00009ab4  _exit                                  
0     00009adb  _InitPieCtrl                           
0     00009afa  _EnableInterrupts                      
0     00009b04  _RFFT_f32_win                          
0     00009b29  _main                                  
0     00009b3c  _delay_1ms                             
0     00009b4d  _copy_in                               
0     00009b71  _RFFT_f32_phase                        
0     00009b94  _mpy_SP_RVxRV_2                        
0     00009bb5  _InitPieVectTable                      
0     00009bd6  _RFFT_adc_f32_win                      
0     00009bf6  _add_SP_CVxCV                          
0     00009c16  _mpy_SP_CVxCVC                         
0     00009c36  _sub_SP_CVxCV                          
0     00009c56  _add_SP_CSxCV                          
0     00009c74  _sub_SP_CSxCV                          
0     00009c92  _mpy_SP_CVxCV                          
0     00009caf  _memcpy                                
0     00009ccc  _maxidx_SP_RV_2                        
0     00009ce8  _mpy_SP_RVxCV                          
0     00009d05  _mpy_SP_RSxRV_2                        
0     00009d1c  _InitGpio                              
0     00009d33  _mpy_SP_CSxCS                          
0     00009d4a  _rnd_SP_RS                             
0     00009d60  __args_main                            
0     00009d72  __register_unlock                      
0     00009d76  __register_lock                        
0     00009d7a  __nop                                  
0     00009d83  _DSP28x_DisableInt                     
0     00009d87  _DSP28x_RestoreInt                     
0     00009d8a  _memcpy_fast                           
0     00009d91  _memset_fast                           
0     00009d97  _SetDBGIER                             
0     00009d9a  __system_pre_init                      
0     00380080  _ADC_cal                               
1     00000400  __stack                                
1     00000700  __STACK_END                            
1     00000880  _DevEmuRegs                            
1     00000a80  _FlashRegs                             
1     00000ae0  _CsmRegs                               
1     00000b00  _AdcMirror                             
1     00000b20  _XintfRegs                             
1     00000c00  _CpuTimer0Regs                         
1     00000c08  _CpuTimer1Regs                         
1     00000c10  _CpuTimer2Regs                         
1     00000ce0  _PieCtrlRegs                           
1     00000d00  _PieVectTable                          
1     00001000  _DmaRegs                               
1     00005000  _McbspaRegs                            
1     00005040  _McbspbRegs                            
1     00006000  _ECanaRegs                             
1     00006040  _ECanaLAMRegs                          
1     00006080  _ECanaMOTSRegs                         
1     000060c0  _ECanaMOTORegs                         
1     00006100  _ECanaMboxes                           
1     00006200  _ECanbRegs                             
1     00006240  _ECanbLAMRegs                          
1     00006280  _ECanbMOTSRegs                         
1     000062c0  _ECanbMOTORegs                         
1     00006300  _ECanbMboxes                           
1     00006800  _EPwm1Regs                             
1     00006840  _EPwm2Regs                             
1     00006880  _EPwm3Regs                             
1     000068c0  _EPwm4Regs                             
1     00006900  _EPwm5Regs                             
1     00006940  _EPwm6Regs                             
1     00006a00  _ECap1Regs                             
1     00006a20  _ECap2Regs                             
1     00006a40  _ECap3Regs                             
1     00006a60  _ECap4Regs                             
1     00006a80  _ECap5Regs                             
1     00006aa0  _ECap6Regs                             
1     00006b00  _EQep1Regs                             
1     00006b40  _EQep2Regs                             
1     00006f80  _GpioCtrlRegs                          
1     00006fc0  _GpioDataRegs                          
1     00006fe0  _GpioIntRegs                           
1     00007010  _SysCtrlRegs                           
1     00007040  _SpiaRegs                              
1     00007050  _SciaRegs                              
1     00007070  _XIntruptRegs                          
1     00007100  _AdcRegs                               
1     00007750  _ScibRegs                              
1     00007770  _ScicRegs                              
1     00007900  _I2caRegs                              
1     0000d000  _test_input                            
1     0000d400  _delayLine                             
1     0000d4a2  _CpuTimer0                             
1     0000d4aa  _CpuTimer1                             
1     0000d4b2  _CpuTimer2                             
1     0000d4ba  ___TI_enable_exit_profile_output       
1     0000d4bc  ___TI_cleanup_ptr                      
1     0000d4be  ___TI_dtors_ptr                        
1     0000d4e8  _hnd_fir                               
1     0000d4ea  _fir                                   
1     0000d4f8  __lock                                 
1     0000d4fa  __unlock                               
1     0000d4fc  _PieVectTableInit                      
1     0000d626  _BL                                    
1     0000e000  _coeffs                                
1     0000f000  _FIR_output                            
1     0033fff8  _CsmPwl                                
1     00380090  _PartIdRegs                            
abs   00000000  _RamfuncsLoadSize                      
abs   00000300  __STACK_SIZE                           
abs   ffffffff  .text                                  
abs   ffffffff  ___TI_pprof_out_hndl                   
abs   ffffffff  ___TI_prof_data_size                   
abs   ffffffff  ___TI_prof_data_start                  
abs   ffffffff  ___binit__                             
abs   ffffffff  ___c_args__                            
abs   ffffffff  ___etext__                             
abs   ffffffff  ___pinit__                             
abs   ffffffff  ___text__                              
abs   ffffffff  binit                                  
abs   ffffffff  etext                                  
abs   ffffffff  pinit                                  

[248 symbols]
