<?xml version="1.0" encoding="ISO-8859-1" ?>
<link_info>
   <banner>TMS320C2000 Linker PC v22.6.0.LTS</banner>
   <copyright>Copyright (c) 1996-2018 Texas Instruments Incorporated</copyright>
   <link_time>0x65214423</link_time>
   <link_errors>0x0</link_errors>
   <output_file>Example20_DSP2833x_ADC_seqmode.out</output_file>
   <entry_point>
      <name>_c_int00</name>
      <address>0x9971</address>
   </entry_point>
   <input_file_list>
      <input_file id="fl-2">
         <path>.\APP\adc\</path>
         <kind>object</kind>
         <file>adc.obj</file>
         <name>adc.obj</name>
      </input_file>
      <input_file id="fl-3">
         <path>.\APP\beep\</path>
         <kind>object</kind>
         <file>beep.obj</file>
         <name>beep.obj</name>
      </input_file>
      <input_file id="fl-4">
         <path>.\APP\dc_motor\</path>
         <kind>object</kind>
         <file>dc_motor.obj</file>
         <name>dc_motor.obj</name>
      </input_file>
      <input_file id="fl-5">
         <path>.\APP\epwm\</path>
         <kind>object</kind>
         <file>epwm.obj</file>
         <name>epwm.obj</name>
      </input_file>
      <input_file id="fl-6">
         <path>.\APP\exti\</path>
         <kind>object</kind>
         <file>exti.obj</file>
         <name>exti.obj</name>
      </input_file>
      <input_file id="fl-7">
         <path>.\APP\key\</path>
         <kind>object</kind>
         <file>key.obj</file>
         <name>key.obj</name>
      </input_file>
      <input_file id="fl-8">
         <path>.\APP\leds\</path>
         <kind>object</kind>
         <file>leds.obj</file>
         <name>leds.obj</name>
      </input_file>
      <input_file id="fl-9">
         <path>.\APP\relay\</path>
         <kind>object</kind>
         <file>relay.obj</file>
         <name>relay.obj</name>
      </input_file>
      <input_file id="fl-a">
         <path>.\APP\smg\</path>
         <kind>object</kind>
         <file>smg.obj</file>
         <name>smg.obj</name>
      </input_file>
      <input_file id="fl-b">
         <path>.\APP\step_motor\</path>
         <kind>object</kind>
         <file>step_motor.obj</file>
         <name>step_motor.obj</name>
      </input_file>
      <input_file id="fl-c">
         <path>.\APP\time\</path>
         <kind>object</kind>
         <file>time.obj</file>
         <name>time.obj</name>
      </input_file>
      <input_file id="fl-d">
         <path>.\DSP2833x_Libraries\</path>
         <kind>object</kind>
         <file>DSP2833x_ADC_cal.obj</file>
         <name>DSP2833x_ADC_cal.obj</name>
      </input_file>
      <input_file id="fl-e">
         <path>.\DSP2833x_Libraries\</path>
         <kind>object</kind>
         <file>DSP2833x_Adc.obj</file>
         <name>DSP2833x_Adc.obj</name>
      </input_file>
      <input_file id="fl-f">
         <path>.\DSP2833x_Libraries\</path>
         <kind>object</kind>
         <file>DSP2833x_CodeStartBranch.obj</file>
         <name>DSP2833x_CodeStartBranch.obj</name>
      </input_file>
      <input_file id="fl-10">
         <path>.\DSP2833x_Libraries\</path>
         <kind>object</kind>
         <file>DSP2833x_CpuTimers.obj</file>
         <name>DSP2833x_CpuTimers.obj</name>
      </input_file>
      <input_file id="fl-11">
         <path>.\DSP2833x_Libraries\</path>
         <kind>object</kind>
         <file>DSP2833x_DefaultIsr.obj</file>
         <name>DSP2833x_DefaultIsr.obj</name>
      </input_file>
      <input_file id="fl-12">
         <path>.\DSP2833x_Libraries\</path>
         <kind>object</kind>
         <file>DSP2833x_EPwm.obj</file>
         <name>DSP2833x_EPwm.obj</name>
      </input_file>
      <input_file id="fl-13">
         <path>.\DSP2833x_Libraries\</path>
         <kind>object</kind>
         <file>DSP2833x_GlobalVariableDefs.obj</file>
         <name>DSP2833x_GlobalVariableDefs.obj</name>
      </input_file>
      <input_file id="fl-14">
         <path>.\DSP2833x_Libraries\</path>
         <kind>object</kind>
         <file>DSP2833x_Gpio.obj</file>
         <name>DSP2833x_Gpio.obj</name>
      </input_file>
      <input_file id="fl-15">
         <path>.\DSP2833x_Libraries\</path>
         <kind>object</kind>
         <file>DSP2833x_PieCtrl.obj</file>
         <name>DSP2833x_PieCtrl.obj</name>
      </input_file>
      <input_file id="fl-16">
         <path>.\DSP2833x_Libraries\</path>
         <kind>object</kind>
         <file>DSP2833x_PieVect.obj</file>
         <name>DSP2833x_PieVect.obj</name>
      </input_file>
      <input_file id="fl-17">
         <path>.\DSP2833x_Libraries\</path>
         <kind>object</kind>
         <file>DSP2833x_SysCtrl.obj</file>
         <name>DSP2833x_SysCtrl.obj</name>
      </input_file>
      <input_file id="fl-18">
         <path>.\DSP2833x_Libraries\</path>
         <kind>object</kind>
         <file>DSP2833x_usDelay.obj</file>
         <name>DSP2833x_usDelay.obj</name>
      </input_file>
      <input_file id="fl-19">
         <path>.\User\</path>
         <kind>object</kind>
         <file>main.obj</file>
         <name>main.obj</name>
      </input_file>
      <input_file id="fl-1f">
         <kind>object</kind>
         <file>&lt;internal&gt;</file>
         <name>&lt;internal&gt;</name>
      </input_file>
      <input_file id="fl-2b">
         <path>C:\ti\ccs1240\ccs\tools\compiler\ti-cgt-c2000_22.6.0.LTS\lib\</path>
         <kind>archive</kind>
         <file>rts2800_fpu32.lib</file>
         <name>boot28.asm.obj</name>
      </input_file>
      <input_file id="fl-2c">
         <path>C:\ti\ccs1240\ccs\tools\compiler\ti-cgt-c2000_22.6.0.LTS\lib\</path>
         <kind>archive</kind>
         <file>rts2800_fpu32.lib</file>
         <name>fs_div28.asm.obj</name>
      </input_file>
      <input_file id="fl-2d">
         <path>C:\ti\ccs1240\ccs\tools\compiler\ti-cgt-c2000_22.6.0.LTS\lib\</path>
         <kind>archive</kind>
         <file>rts2800_fpu32.lib</file>
         <name>u_div28.asm.obj</name>
      </input_file>
      <input_file id="fl-2e">
         <path>C:\ti\ccs1240\ccs\tools\compiler\ti-cgt-c2000_22.6.0.LTS\lib\</path>
         <kind>archive</kind>
         <file>rts2800_fpu32.lib</file>
         <name>cpy_tbl.c.obj</name>
      </input_file>
      <input_file id="fl-2f">
         <path>C:\ti\ccs1240\ccs\tools\compiler\ti-cgt-c2000_22.6.0.LTS\lib\</path>
         <kind>archive</kind>
         <file>rts2800_fpu32.lib</file>
         <name>memcpy.c.obj</name>
      </input_file>
      <input_file id="fl-30">
         <path>C:\ti\ccs1240\ccs\tools\compiler\ti-cgt-c2000_22.6.0.LTS\lib\</path>
         <kind>archive</kind>
         <file>rts2800_fpu32.lib</file>
         <name>pre_init.c.obj</name>
      </input_file>
      <input_file id="fl-31">
         <path>C:\ti\ccs1240\ccs\tools\compiler\ti-cgt-c2000_22.6.0.LTS\lib\</path>
         <kind>archive</kind>
         <file>rts2800_fpu32.lib</file>
         <name>startup.c.obj</name>
      </input_file>
      <input_file id="fl-32">
         <path>C:\ti\ccs1240\ccs\tools\compiler\ti-cgt-c2000_22.6.0.LTS\lib\</path>
         <kind>archive</kind>
         <file>rts2800_fpu32.lib</file>
         <name>exit.c.obj</name>
      </input_file>
      <input_file id="fl-33">
         <path>C:\ti\ccs1240\ccs\tools\compiler\ti-cgt-c2000_22.6.0.LTS\lib\</path>
         <kind>archive</kind>
         <file>rts2800_fpu32.lib</file>
         <name>_lock.c.obj</name>
      </input_file>
      <input_file id="fl-34">
         <path>C:\ti\ccs1240\ccs\tools\compiler\ti-cgt-c2000_22.6.0.LTS\lib\</path>
         <kind>archive</kind>
         <file>rts2800_fpu32.lib</file>
         <name>args_main.c.obj</name>
      </input_file>
   </input_file_list>
   <object_component_list>
      <object_component id="oc-9a">
         <name>codestart</name>
         <load_address>0x0</load_address>
         <run_address>0x0</run_address>
         <size>0x2</size>
         <input_file_ref idref="fl-f"/>
      </object_component>
      <object_component id="oc-f9">
         <name>ramfuncs</name>
         <load_address>0x8042</load_address>
         <run_address>0x8042</run_address>
         <size>0x4</size>
         <input_file_ref idref="fl-18"/>
      </object_component>
      <object_component id="oc-a8">
         <name>.text:retain</name>
         <load_address>0x9000</load_address>
         <run_address>0x9000</run_address>
         <size>0x329</size>
         <input_file_ref idref="fl-11"/>
      </object_component>
      <object_component id="oc-140">
         <name>.text</name>
         <load_address>0x9329</load_address>
         <run_address>0x9329</run_address>
         <size>0x110</size>
         <input_file_ref idref="fl-7"/>
      </object_component>
      <object_component id="oc-145">
         <name>.text</name>
         <load_address>0x9439</load_address>
         <run_address>0x9439</run_address>
         <size>0xf7</size>
         <input_file_ref idref="fl-17"/>
      </object_component>
      <object_component id="oc-150">
         <name>.text</name>
         <load_address>0x9530</load_address>
         <run_address>0x9530</run_address>
         <size>0xaa</size>
         <input_file_ref idref="fl-12"/>
      </object_component>
      <object_component id="oc-149">
         <name>.text</name>
         <load_address>0x95da</load_address>
         <run_address>0x95da</run_address>
         <size>0xa6</size>
         <input_file_ref idref="fl-c"/>
      </object_component>
      <object_component id="oc-5b">
         <name>.text:retain</name>
         <load_address>0x9680</load_address>
         <run_address>0x9680</run_address>
         <size>0x8d</size>
         <input_file_ref idref="fl-4"/>
      </object_component>
      <object_component id="oc-109">
         <name>.text</name>
         <load_address>0x970d</load_address>
         <run_address>0x970d</run_address>
         <size>0x88</size>
         <input_file_ref idref="fl-2c"/>
      </object_component>
      <object_component id="oc-4e">
         <name>.text:retain</name>
         <load_address>0x9795</load_address>
         <run_address>0x9795</run_address>
         <size>0x82</size>
         <input_file_ref idref="fl-2"/>
      </object_component>
      <object_component id="oc-142">
         <name>.text</name>
         <load_address>0x9817</load_address>
         <run_address>0x9817</run_address>
         <size>0x80</size>
         <input_file_ref idref="fl-19"/>
      </object_component>
      <object_component id="oc-14f">
         <name>.text</name>
         <load_address>0x9897</load_address>
         <run_address>0x9897</run_address>
         <size>0x7b</size>
         <input_file_ref idref="fl-10"/>
      </object_component>
      <object_component id="oc-14a">
         <name>.text</name>
         <load_address>0x9912</load_address>
         <run_address>0x9912</run_address>
         <size>0x5f</size>
         <input_file_ref idref="fl-5"/>
      </object_component>
      <object_component id="oc-4a">
         <name>.text</name>
         <load_address>0x9971</load_address>
         <run_address>0x9971</run_address>
         <size>0x56</size>
         <input_file_ref idref="fl-2b"/>
      </object_component>
      <object_component id="oc-69">
         <name>.text:retain</name>
         <load_address>0x99c7</load_address>
         <run_address>0x99c7</run_address>
         <size>0x50</size>
         <input_file_ref idref="fl-6"/>
      </object_component>
      <object_component id="oc-14b">
         <name>.text</name>
         <load_address>0x9a17</load_address>
         <run_address>0x9a17</run_address>
         <size>0x48</size>
         <input_file_ref idref="fl-2"/>
      </object_component>
      <object_component id="oc-148">
         <name>.text</name>
         <load_address>0x9a5f</load_address>
         <run_address>0x9a5f</run_address>
         <size>0x44</size>
         <input_file_ref idref="fl-8"/>
      </object_component>
      <object_component id="oc-8a">
         <name>.text:retain</name>
         <load_address>0x9aa3</load_address>
         <run_address>0x9aa3</run_address>
         <size>0x40</size>
         <input_file_ref idref="fl-c"/>
      </object_component>
      <object_component id="oc-13c">
         <name>.text</name>
         <load_address>0x9ae3</load_address>
         <run_address>0x9ae3</run_address>
         <size>0x29</size>
         <input_file_ref idref="fl-32"/>
      </object_component>
      <object_component id="oc-146">
         <name>.text</name>
         <load_address>0x9b0c</load_address>
         <run_address>0x9b0c</run_address>
         <size>0x28</size>
         <input_file_ref idref="fl-15"/>
      </object_component>
      <object_component id="oc-139">
         <name>.text</name>
         <load_address>0x9b34</load_address>
         <run_address>0x9b34</run_address>
         <size>0x24</size>
         <input_file_ref idref="fl-2e"/>
      </object_component>
      <object_component id="oc-147">
         <name>.text</name>
         <load_address>0x9b58</load_address>
         <run_address>0x9b58</run_address>
         <size>0x20</size>
         <input_file_ref idref="fl-16"/>
      </object_component>
      <object_component id="oc-141">
         <name>.text</name>
         <load_address>0x9b78</load_address>
         <run_address>0x9b78</run_address>
         <size>0x1d</size>
         <input_file_ref idref="fl-2f"/>
      </object_component>
      <object_component id="oc-63">
         <name>.text:retain</name>
         <load_address>0x9b95</load_address>
         <run_address>0x9b95</run_address>
         <size>0x18</size>
         <input_file_ref idref="fl-5"/>
      </object_component>
      <object_component id="oc-151">
         <name>.text</name>
         <load_address>0x9bad</load_address>
         <run_address>0x9bad</run_address>
         <size>0x14</size>
         <input_file_ref idref="fl-e"/>
      </object_component>
      <object_component id="oc-13b">
         <name>.text</name>
         <load_address>0x9bc1</load_address>
         <run_address>0x9bc1</run_address>
         <size>0x12</size>
         <input_file_ref idref="fl-34"/>
      </object_component>
      <object_component id="oc-10e">
         <name>.text</name>
         <load_address>0x9bd3</load_address>
         <run_address>0x9bd3</run_address>
         <size>0xb</size>
         <input_file_ref idref="fl-2d"/>
      </object_component>
      <object_component id="oc-14c">
         <name>.text</name>
         <load_address>0x9bde</load_address>
         <run_address>0x9bde</run_address>
         <size>0x9</size>
         <input_file_ref idref="fl-33"/>
      </object_component>
      <object_component id="oc-99">
         <name>.text</name>
         <load_address>0x9be7</load_address>
         <run_address>0x9be7</run_address>
         <size>0x8</size>
         <input_file_ref idref="fl-f"/>
      </object_component>
      <object_component id="oc-138">
         <name>.text</name>
         <load_address>0x9bef</load_address>
         <run_address>0x9bef</run_address>
         <size>0x2</size>
         <input_file_ref idref="fl-30"/>
      </object_component>
      <object_component id="oc-13a">
         <name>.text</name>
         <load_address>0x9bf1</load_address>
         <run_address>0x9bf1</run_address>
         <size>0x1</size>
         <input_file_ref idref="fl-31"/>
      </object_component>
      <object_component id="oc-128">
         <name>.cinit</name>
         <load_address>0x8000</load_address>
         <run_address>0x8000</run_address>
         <size>0xe</size>
         <input_file_ref idref="fl-32"/>
      </object_component>
      <object_component id="oc-59">
         <name>.cinit</name>
         <load_address>0x800e</load_address>
         <run_address>0x800e</run_address>
         <size>0xc</size>
         <input_file_ref idref="fl-4"/>
      </object_component>
      <object_component id="oc-6f">
         <name>.cinit</name>
         <load_address>0x801a</load_address>
         <run_address>0x801a</run_address>
         <size>0xc</size>
         <input_file_ref idref="fl-7"/>
      </object_component>
      <object_component id="oc-4c">
         <name>.cinit</name>
         <load_address>0x8026</load_address>
         <run_address>0x8026</run_address>
         <size>0x8</size>
         <input_file_ref idref="fl-2"/>
      </object_component>
      <object_component id="oc-144">
         <name>.cinit:__lock</name>
         <load_address>0x802e</load_address>
         <run_address>0x802e</run_address>
         <size>0x5</size>
         <input_file_ref idref="fl-33"/>
      </object_component>
      <object_component id="oc-14d">
         <name>.cinit:__unlock</name>
         <load_address>0x8033</load_address>
         <run_address>0x8033</run_address>
         <size>0x5</size>
         <input_file_ref idref="fl-33"/>
      </object_component>
      <object_component id="oc-a6">
         <name>.cinit</name>
         <load_address>0x8038</load_address>
         <run_address>0x8038</run_address>
         <size>0x4</size>
         <input_file_ref idref="fl-11"/>
      </object_component>
      <object_component id="oc-61">
         <name>.cinit</name>
         <load_address>0x803c</load_address>
         <run_address>0x803c</run_address>
         <size>0x4</size>
         <input_file_ref idref="fl-5"/>
      </object_component>
      <object_component id="oc-103">
         <name>.stack</name>
         <uninitialized>true</uninitialized>
         <run_address>0x400</run_address>
         <size>0x0</size>
         <input_file_ref idref="fl-2b"/>
      </object_component>
      <object_component id="oc-1a6">
         <name>.stack</name>
         <uninitialized>true</uninitialized>
         <run_address>0x400</run_address>
         <size>0x0</size>
      </object_component>
      <object_component id="oc-4d">
         <name>.ebss</name>
         <uninitialized>true</uninitialized>
         <run_address>0xb828</run_address>
         <size>0x2</size>
         <input_file_ref idref="fl-2"/>
      </object_component>
      <object_component id="oc-13d">
         <name>.ebss:_SampleTable0</name>
         <uninitialized>true</uninitialized>
         <run_address>0xa000</run_address>
         <size>0x800</size>
         <input_file_ref idref="fl-2"/>
      </object_component>
      <object_component id="oc-13e">
         <name>.ebss:_SampleTable1</name>
         <uninitialized>true</uninitialized>
         <run_address>0xa800</run_address>
         <size>0x800</size>
         <input_file_ref idref="fl-2"/>
      </object_component>
      <object_component id="oc-13f">
         <name>.ebss:_SampleTable2</name>
         <uninitialized>true</uninitialized>
         <run_address>0xb000</run_address>
         <size>0x800</size>
         <input_file_ref idref="fl-2"/>
      </object_component>
      <object_component id="oc-5a">
         <name>.ebss</name>
         <uninitialized>true</uninitialized>
         <run_address>0xb81e</run_address>
         <size>0x3</size>
         <input_file_ref idref="fl-4"/>
      </object_component>
      <object_component id="oc-62">
         <name>.ebss</name>
         <uninitialized>true</uninitialized>
         <run_address>0xb82b</run_address>
         <size>0x1</size>
         <input_file_ref idref="fl-5"/>
      </object_component>
      <object_component id="oc-70">
         <name>.ebss</name>
         <uninitialized>true</uninitialized>
         <run_address>0xb821</run_address>
         <size>0x3</size>
         <input_file_ref idref="fl-7"/>
      </object_component>
      <object_component id="oc-a0">
         <name>.ebss</name>
         <uninitialized>true</uninitialized>
         <run_address>0xb800</run_address>
         <size>0x18</size>
         <input_file_ref idref="fl-10"/>
      </object_component>
      <object_component id="oc-a7">
         <name>.ebss</name>
         <uninitialized>true</uninitialized>
         <run_address>0xb82a</run_address>
         <size>0x1</size>
         <input_file_ref idref="fl-11"/>
      </object_component>
      <object_component id="oc-129">
         <name>.ebss</name>
         <uninitialized>true</uninitialized>
         <run_address>0xb818</run_address>
         <size>0x6</size>
         <input_file_ref idref="fl-32"/>
      </object_component>
      <object_component id="oc-143">
         <name>.ebss:__lock</name>
         <uninitialized>true</uninitialized>
         <run_address>0xb824</run_address>
         <size>0x2</size>
         <input_file_ref idref="fl-33"/>
      </object_component>
      <object_component id="oc-152">
         <name>.ebss:__unlock</name>
         <uninitialized>true</uninitialized>
         <run_address>0xb826</run_address>
         <size>0x2</size>
         <input_file_ref idref="fl-33"/>
      </object_component>
      <object_component id="oc-14e">
         <name>.econst:_PieVectTableInit</name>
         <load_address>0xd000</load_address>
         <run_address>0xd000</run_address>
         <size>0x100</size>
         <input_file_ref idref="fl-16"/>
      </object_component>
      <object_component id="oc-104">
         <name>.reset</name>
         <load_address>0x3fffc0</load_address>
         <run_address>0x3fffc0</run_address>
         <size>0x2</size>
         <input_file_ref idref="fl-2b"/>
      </object_component>
      <object_component id="oc-8f">
         <name>.adc_cal</name>
         <load_address>0x380080</load_address>
         <run_address>0x380080</run_address>
         <size>0x7</size>
         <input_file_ref idref="fl-d"/>
      </object_component>
      <object_component id="oc-e3">
         <name>PieVectTableFile</name>
         <uninitialized>true</uninitialized>
         <run_address>0xd00</run_address>
         <size>0x100</size>
         <input_file_ref idref="fl-13"/>
      </object_component>
      <object_component id="oc-df">
         <name>DevEmuRegsFile</name>
         <uninitialized>true</uninitialized>
         <run_address>0x880</run_address>
         <size>0xd0</size>
         <input_file_ref idref="fl-13"/>
      </object_component>
      <object_component id="oc-b7">
         <name>FlashRegsFile</name>
         <uninitialized>true</uninitialized>
         <run_address>0xa80</run_address>
         <size>0x8</size>
         <input_file_ref idref="fl-13"/>
      </object_component>
      <object_component id="oc-ba">
         <name>CsmRegsFile</name>
         <uninitialized>true</uninitialized>
         <run_address>0xae0</run_address>
         <size>0x10</size>
         <input_file_ref idref="fl-13"/>
      </object_component>
      <object_component id="oc-b9">
         <name>AdcMirrorFile</name>
         <uninitialized>true</uninitialized>
         <run_address>0xb00</run_address>
         <size>0x10</size>
         <input_file_ref idref="fl-13"/>
      </object_component>
      <object_component id="oc-c2">
         <name>XintfRegsFile</name>
         <uninitialized>true</uninitialized>
         <run_address>0xb20</run_address>
         <size>0x1e</size>
         <input_file_ref idref="fl-13"/>
      </object_component>
      <object_component id="oc-b3">
         <name>CpuTimer0RegsFile</name>
         <uninitialized>true</uninitialized>
         <run_address>0xc00</run_address>
         <size>0x8</size>
         <input_file_ref idref="fl-13"/>
      </object_component>
      <object_component id="oc-b4">
         <name>CpuTimer1RegsFile</name>
         <uninitialized>true</uninitialized>
         <run_address>0xc08</run_address>
         <size>0x8</size>
         <input_file_ref idref="fl-13"/>
      </object_component>
      <object_component id="oc-b5">
         <name>CpuTimer2RegsFile</name>
         <uninitialized>true</uninitialized>
         <run_address>0xc10</run_address>
         <size>0x8</size>
         <input_file_ref idref="fl-13"/>
      </object_component>
      <object_component id="oc-c0">
         <name>PieCtrlRegsFile</name>
         <uninitialized>true</uninitialized>
         <run_address>0xce0</run_address>
         <size>0x1a</size>
         <input_file_ref idref="fl-13"/>
      </object_component>
      <object_component id="oc-e0">
         <name>DmaRegsFile</name>
         <uninitialized>true</uninitialized>
         <run_address>0x1000</run_address>
         <size>0xe0</size>
         <input_file_ref idref="fl-13"/>
      </object_component>
      <object_component id="oc-d2">
         <name>McbspaRegsFile</name>
         <uninitialized>true</uninitialized>
         <run_address>0x5000</run_address>
         <size>0x25</size>
         <input_file_ref idref="fl-13"/>
      </object_component>
      <object_component id="oc-d3">
         <name>McbspbRegsFile</name>
         <uninitialized>true</uninitialized>
         <run_address>0x5040</run_address>
         <size>0x25</size>
         <input_file_ref idref="fl-13"/>
      </object_component>
      <object_component id="oc-d5">
         <name>ECanaRegsFile</name>
         <uninitialized>true</uninitialized>
         <run_address>0x6000</run_address>
         <size>0x34</size>
         <input_file_ref idref="fl-13"/>
      </object_component>
      <object_component id="oc-d7">
         <name>ECanaLAMRegsFile</name>
         <uninitialized>true</uninitialized>
         <run_address>0x6040</run_address>
         <size>0x40</size>
         <input_file_ref idref="fl-13"/>
      </object_component>
      <object_component id="oc-e1">
         <name>ECanaMboxesFile</name>
         <uninitialized>true</uninitialized>
         <run_address>0x6100</run_address>
         <size>0x100</size>
         <input_file_ref idref="fl-13"/>
      </object_component>
      <object_component id="oc-d8">
         <name>ECanaMOTSRegsFile</name>
         <uninitialized>true</uninitialized>
         <run_address>0x6080</run_address>
         <size>0x40</size>
         <input_file_ref idref="fl-13"/>
      </object_component>
      <object_component id="oc-d9">
         <name>ECanaMOTORegsFile</name>
         <uninitialized>true</uninitialized>
         <run_address>0x60c0</run_address>
         <size>0x40</size>
         <input_file_ref idref="fl-13"/>
      </object_component>
      <object_component id="oc-d6">
         <name>ECanbRegsFile</name>
         <uninitialized>true</uninitialized>
         <run_address>0x6200</run_address>
         <size>0x34</size>
         <input_file_ref idref="fl-13"/>
      </object_component>
      <object_component id="oc-da">
         <name>ECanbLAMRegsFile</name>
         <uninitialized>true</uninitialized>
         <run_address>0x6240</run_address>
         <size>0x40</size>
         <input_file_ref idref="fl-13"/>
      </object_component>
      <object_component id="oc-e2">
         <name>ECanbMboxesFile</name>
         <uninitialized>true</uninitialized>
         <run_address>0x6300</run_address>
         <size>0x100</size>
         <input_file_ref idref="fl-13"/>
      </object_component>
      <object_component id="oc-db">
         <name>ECanbMOTSRegsFile</name>
         <uninitialized>true</uninitialized>
         <run_address>0x6280</run_address>
         <size>0x40</size>
         <input_file_ref idref="fl-13"/>
      </object_component>
      <object_component id="oc-dc">
         <name>ECanbMOTORegsFile</name>
         <uninitialized>true</uninitialized>
         <run_address>0x62c0</run_address>
         <size>0x40</size>
         <input_file_ref idref="fl-13"/>
      </object_component>
      <object_component id="oc-cb">
         <name>EPwm1RegsFile</name>
         <uninitialized>true</uninitialized>
         <run_address>0x6800</run_address>
         <size>0x22</size>
         <input_file_ref idref="fl-13"/>
      </object_component>
      <object_component id="oc-cc">
         <name>EPwm2RegsFile</name>
         <uninitialized>true</uninitialized>
         <run_address>0x6840</run_address>
         <size>0x22</size>
         <input_file_ref idref="fl-13"/>
      </object_component>
      <object_component id="oc-cd">
         <name>EPwm3RegsFile</name>
         <uninitialized>true</uninitialized>
         <run_address>0x6880</run_address>
         <size>0x22</size>
         <input_file_ref idref="fl-13"/>
      </object_component>
      <object_component id="oc-ce">
         <name>EPwm4RegsFile</name>
         <uninitialized>true</uninitialized>
         <run_address>0x68c0</run_address>
         <size>0x22</size>
         <input_file_ref idref="fl-13"/>
      </object_component>
      <object_component id="oc-cf">
         <name>EPwm5RegsFile</name>
         <uninitialized>true</uninitialized>
         <run_address>0x6900</run_address>
         <size>0x22</size>
         <input_file_ref idref="fl-13"/>
      </object_component>
      <object_component id="oc-d0">
         <name>EPwm6RegsFile</name>
         <uninitialized>true</uninitialized>
         <run_address>0x6940</run_address>
         <size>0x22</size>
         <input_file_ref idref="fl-13"/>
      </object_component>
      <object_component id="oc-c3">
         <name>ECap1RegsFile</name>
         <uninitialized>true</uninitialized>
         <run_address>0x6a00</run_address>
         <size>0x20</size>
         <input_file_ref idref="fl-13"/>
      </object_component>
      <object_component id="oc-c4">
         <name>ECap2RegsFile</name>
         <uninitialized>true</uninitialized>
         <run_address>0x6a20</run_address>
         <size>0x20</size>
         <input_file_ref idref="fl-13"/>
      </object_component>
      <object_component id="oc-c5">
         <name>ECap3RegsFile</name>
         <uninitialized>true</uninitialized>
         <run_address>0x6a40</run_address>
         <size>0x20</size>
         <input_file_ref idref="fl-13"/>
      </object_component>
      <object_component id="oc-c6">
         <name>ECap4RegsFile</name>
         <uninitialized>true</uninitialized>
         <run_address>0x6a60</run_address>
         <size>0x20</size>
         <input_file_ref idref="fl-13"/>
      </object_component>
      <object_component id="oc-c7">
         <name>ECap5RegsFile</name>
         <uninitialized>true</uninitialized>
         <run_address>0x6a80</run_address>
         <size>0x20</size>
         <input_file_ref idref="fl-13"/>
      </object_component>
      <object_component id="oc-c8">
         <name>ECap6RegsFile</name>
         <uninitialized>true</uninitialized>
         <run_address>0x6aa0</run_address>
         <size>0x20</size>
         <input_file_ref idref="fl-13"/>
      </object_component>
      <object_component id="oc-dd">
         <name>EQep1RegsFile</name>
         <uninitialized>true</uninitialized>
         <run_address>0x6b00</run_address>
         <size>0x40</size>
         <input_file_ref idref="fl-13"/>
      </object_component>
      <object_component id="oc-de">
         <name>EQep2RegsFile</name>
         <uninitialized>true</uninitialized>
         <run_address>0x6b40</run_address>
         <size>0x40</size>
         <input_file_ref idref="fl-13"/>
      </object_component>
      <object_component id="oc-d4">
         <name>GpioCtrlRegsFile</name>
         <uninitialized>true</uninitialized>
         <run_address>0x6f80</run_address>
         <size>0x2e</size>
         <input_file_ref idref="fl-13"/>
      </object_component>
      <object_component id="oc-c9">
         <name>GpioDataRegsFile</name>
         <uninitialized>true</uninitialized>
         <run_address>0x6fc0</run_address>
         <size>0x20</size>
         <input_file_ref idref="fl-13"/>
      </object_component>
      <object_component id="oc-b8">
         <name>GpioIntRegsFile</name>
         <uninitialized>true</uninitialized>
         <run_address>0x6fe0</run_address>
         <size>0xa</size>
         <input_file_ref idref="fl-13"/>
      </object_component>
      <object_component id="oc-ca">
         <name>SysCtrlRegsFile</name>
         <uninitialized>true</uninitialized>
         <run_address>0x7010</run_address>
         <size>0x20</size>
         <input_file_ref idref="fl-13"/>
      </object_component>
      <object_component id="oc-be">
         <name>SpiaRegsFile</name>
         <uninitialized>true</uninitialized>
         <run_address>0x7040</run_address>
         <size>0x10</size>
         <input_file_ref idref="fl-13"/>
      </object_component>
      <object_component id="oc-bb">
         <name>SciaRegsFile</name>
         <uninitialized>true</uninitialized>
         <run_address>0x7050</run_address>
         <size>0x10</size>
         <input_file_ref idref="fl-13"/>
      </object_component>
      <object_component id="oc-bf">
         <name>XIntruptRegsFile</name>
         <uninitialized>true</uninitialized>
         <run_address>0x7070</run_address>
         <size>0x10</size>
         <input_file_ref idref="fl-13"/>
      </object_component>
      <object_component id="oc-c1">
         <name>AdcRegsFile</name>
         <uninitialized>true</uninitialized>
         <run_address>0x7100</run_address>
         <size>0x1e</size>
         <input_file_ref idref="fl-13"/>
      </object_component>
      <object_component id="oc-bc">
         <name>ScibRegsFile</name>
         <uninitialized>true</uninitialized>
         <run_address>0x7750</run_address>
         <size>0x10</size>
         <input_file_ref idref="fl-13"/>
      </object_component>
      <object_component id="oc-bd">
         <name>ScicRegsFile</name>
         <uninitialized>true</uninitialized>
         <run_address>0x7770</run_address>
         <size>0x10</size>
         <input_file_ref idref="fl-13"/>
      </object_component>
      <object_component id="oc-d1">
         <name>I2caRegsFile</name>
         <uninitialized>true</uninitialized>
         <run_address>0x7900</run_address>
         <size>0x22</size>
         <input_file_ref idref="fl-13"/>
      </object_component>
      <object_component id="oc-b6">
         <name>CsmPwlFile</name>
         <uninitialized>true</uninitialized>
         <run_address>0x33fff8</run_address>
         <size>0x8</size>
         <input_file_ref idref="fl-13"/>
      </object_component>
      <object_component id="oc-4b">
         <name>.debug_info</name>
         <load_address>0x0</load_address>
         <run_address>0x0</run_address>
         <size>0x351e</size>
         <input_file_ref idref="fl-2"/>
      </object_component>
      <object_component id="oc-53">
         <name>.debug_info</name>
         <load_address>0x351e</load_address>
         <run_address>0x351e</run_address>
         <size>0x280b</size>
         <input_file_ref idref="fl-3"/>
      </object_component>
      <object_component id="oc-58">
         <name>.debug_info</name>
         <load_address>0x5d29</load_address>
         <run_address>0x5d29</run_address>
         <size>0x530b</size>
         <input_file_ref idref="fl-4"/>
      </object_component>
      <object_component id="oc-60">
         <name>.debug_info</name>
         <load_address>0xb034</load_address>
         <run_address>0xb034</run_address>
         <size>0x3952</size>
         <input_file_ref idref="fl-5"/>
      </object_component>
      <object_component id="oc-68">
         <name>.debug_info</name>
         <load_address>0xe986</load_address>
         <run_address>0xe986</run_address>
         <size>0x434d</size>
         <input_file_ref idref="fl-6"/>
      </object_component>
      <object_component id="oc-6e">
         <name>.debug_info</name>
         <load_address>0x12cd3</load_address>
         <run_address>0x12cd3</run_address>
         <size>0x298c</size>
         <input_file_ref idref="fl-7"/>
      </object_component>
      <object_component id="oc-75">
         <name>.debug_info</name>
         <load_address>0x1565f</load_address>
         <run_address>0x1565f</run_address>
         <size>0x285e</size>
         <input_file_ref idref="fl-8"/>
      </object_component>
      <object_component id="oc-7a">
         <name>.debug_info</name>
         <load_address>0x17ebd</load_address>
         <run_address>0x17ebd</run_address>
         <size>0x280d</size>
         <input_file_ref idref="fl-9"/>
      </object_component>
      <object_component id="oc-7f">
         <name>.debug_info</name>
         <load_address>0x1a6ca</load_address>
         <run_address>0x1a6ca</run_address>
         <size>0x2851</size>
         <input_file_ref idref="fl-a"/>
      </object_component>
      <object_component id="oc-84">
         <name>.debug_info</name>
         <load_address>0x1cf1b</load_address>
         <run_address>0x1cf1b</run_address>
         <size>0x2817</size>
         <input_file_ref idref="fl-b"/>
      </object_component>
      <object_component id="oc-89">
         <name>.debug_info</name>
         <load_address>0x1f732</load_address>
         <run_address>0x1f732</run_address>
         <size>0x377e</size>
         <input_file_ref idref="fl-c"/>
      </object_component>
      <object_component id="oc-91">
         <name>.debug_info</name>
         <load_address>0x22eb0</load_address>
         <run_address>0x22eb0</run_address>
         <size>0x142</size>
         <input_file_ref idref="fl-d"/>
      </object_component>
      <object_component id="oc-94">
         <name>.debug_info</name>
         <load_address>0x22ff2</load_address>
         <run_address>0x22ff2</run_address>
         <size>0x1e86</size>
         <input_file_ref idref="fl-e"/>
      </object_component>
      <object_component id="oc-9c">
         <name>.debug_info</name>
         <load_address>0x24e78</load_address>
         <run_address>0x24e78</run_address>
         <size>0x18c</size>
         <input_file_ref idref="fl-f"/>
      </object_component>
      <object_component id="oc-9f">
         <name>.debug_info</name>
         <load_address>0x25004</load_address>
         <run_address>0x25004</run_address>
         <size>0x9f3</size>
         <input_file_ref idref="fl-10"/>
      </object_component>
      <object_component id="oc-a5">
         <name>.debug_info</name>
         <load_address>0x259f7</load_address>
         <run_address>0x259f7</run_address>
         <size>0x2c7f</size>
         <input_file_ref idref="fl-11"/>
      </object_component>
      <object_component id="oc-ad">
         <name>.debug_info</name>
         <load_address>0x28676</load_address>
         <run_address>0x28676</run_address>
         <size>0x2137</size>
         <input_file_ref idref="fl-12"/>
      </object_component>
      <object_component id="oc-b2">
         <name>.debug_info</name>
         <load_address>0x2a7ad</load_address>
         <run_address>0x2a7ad</run_address>
         <size>0x13266</size>
         <input_file_ref idref="fl-13"/>
      </object_component>
      <object_component id="oc-e5">
         <name>.debug_info</name>
         <load_address>0x3da13</load_address>
         <run_address>0x3da13</run_address>
         <size>0x1ba5</size>
         <input_file_ref idref="fl-14"/>
      </object_component>
      <object_component id="oc-ea">
         <name>.debug_info</name>
         <load_address>0x3f5b8</load_address>
         <run_address>0x3f5b8</run_address>
         <size>0xb9b</size>
         <input_file_ref idref="fl-15"/>
      </object_component>
      <object_component id="oc-ef">
         <name>.debug_info</name>
         <load_address>0x40153</load_address>
         <run_address>0x40153</run_address>
         <size>0x22e7</size>
         <input_file_ref idref="fl-16"/>
      </object_component>
      <object_component id="oc-f4">
         <name>.debug_info</name>
         <load_address>0x4243a</load_address>
         <run_address>0x4243a</run_address>
         <size>0x2046</size>
         <input_file_ref idref="fl-17"/>
      </object_component>
      <object_component id="oc-fb">
         <name>.debug_info</name>
         <load_address>0x44480</load_address>
         <run_address>0x44480</run_address>
         <size>0x142</size>
         <input_file_ref idref="fl-18"/>
      </object_component>
      <object_component id="oc-fe">
         <name>.debug_info</name>
         <load_address>0x445c2</load_address>
         <run_address>0x445c2</run_address>
         <size>0x58a</size>
         <input_file_ref idref="fl-19"/>
      </object_component>
      <object_component id="oc-105">
         <name>.debug_info</name>
         <load_address>0x44b4c</load_address>
         <run_address>0x44b4c</run_address>
         <size>0x173</size>
         <input_file_ref idref="fl-2b"/>
      </object_component>
      <object_component id="oc-10a">
         <name>.debug_info</name>
         <load_address>0x44cbf</load_address>
         <run_address>0x44cbf</run_address>
         <size>0x114</size>
         <input_file_ref idref="fl-2c"/>
      </object_component>
      <object_component id="oc-10f">
         <name>.debug_info</name>
         <load_address>0x44dd3</load_address>
         <run_address>0x44dd3</run_address>
         <size>0x141</size>
         <input_file_ref idref="fl-2d"/>
      </object_component>
      <object_component id="oc-113">
         <name>.debug_info</name>
         <load_address>0x44f14</load_address>
         <run_address>0x44f14</run_address>
         <size>0x561</size>
         <input_file_ref idref="fl-2e"/>
      </object_component>
      <object_component id="oc-118">
         <name>.debug_info</name>
         <load_address>0x45475</load_address>
         <run_address>0x45475</run_address>
         <size>0x43a</size>
         <input_file_ref idref="fl-2f"/>
      </object_component>
      <object_component id="oc-11d">
         <name>.debug_info</name>
         <load_address>0x458af</load_address>
         <run_address>0x458af</run_address>
         <size>0x3ad</size>
         <input_file_ref idref="fl-30"/>
      </object_component>
      <object_component id="oc-122">
         <name>.debug_info</name>
         <load_address>0x45c5c</load_address>
         <run_address>0x45c5c</run_address>
         <size>0x3aa</size>
         <input_file_ref idref="fl-31"/>
      </object_component>
      <object_component id="oc-127">
         <name>.debug_info</name>
         <load_address>0x46006</load_address>
         <run_address>0x46006</run_address>
         <size>0x544</size>
         <input_file_ref idref="fl-32"/>
      </object_component>
      <object_component id="oc-12e">
         <name>.debug_info</name>
         <load_address>0x4654a</load_address>
         <run_address>0x4654a</run_address>
         <size>0x4cc</size>
         <input_file_ref idref="fl-33"/>
      </object_component>
      <object_component id="oc-133">
         <name>.debug_info</name>
         <load_address>0x46a16</load_address>
         <run_address>0x46a16</run_address>
         <size>0x467</size>
         <input_file_ref idref="fl-34"/>
      </object_component>
      <object_component id="oc-1a7">
         <name>.debug_info</name>
         <load_address>0x46e7d</load_address>
         <run_address>0x46e7d</run_address>
         <size>0xd5</size>
      </object_component>
      <object_component id="oc-4f">
         <name>.debug_frame</name>
         <load_address>0x0</load_address>
         <run_address>0x0</run_address>
         <size>0xdc</size>
         <input_file_ref idref="fl-2"/>
      </object_component>
      <object_component id="oc-54">
         <name>.debug_frame</name>
         <load_address>0xdc</load_address>
         <run_address>0xdc</run_address>
         <size>0x28</size>
         <input_file_ref idref="fl-3"/>
      </object_component>
      <object_component id="oc-5c">
         <name>.debug_frame</name>
         <load_address>0x104</load_address>
         <run_address>0x104</run_address>
         <size>0xac</size>
         <input_file_ref idref="fl-4"/>
      </object_component>
      <object_component id="oc-64">
         <name>.debug_frame</name>
         <load_address>0x1b0</load_address>
         <run_address>0x1b0</run_address>
         <size>0x6c</size>
         <input_file_ref idref="fl-5"/>
      </object_component>
      <object_component id="oc-6a">
         <name>.debug_frame</name>
         <load_address>0x21c</load_address>
         <run_address>0x21c</run_address>
         <size>0x98</size>
         <input_file_ref idref="fl-6"/>
      </object_component>
      <object_component id="oc-71">
         <name>.debug_frame</name>
         <load_address>0x2b4</load_address>
         <run_address>0x2b4</run_address>
         <size>0x5c</size>
         <input_file_ref idref="fl-7"/>
      </object_component>
      <object_component id="oc-76">
         <name>.debug_frame</name>
         <load_address>0x310</load_address>
         <run_address>0x310</run_address>
         <size>0x40</size>
         <input_file_ref idref="fl-8"/>
      </object_component>
      <object_component id="oc-7b">
         <name>.debug_frame</name>
         <load_address>0x350</load_address>
         <run_address>0x350</run_address>
         <size>0x28</size>
         <input_file_ref idref="fl-9"/>
      </object_component>
      <object_component id="oc-80">
         <name>.debug_frame</name>
         <load_address>0x378</load_address>
         <run_address>0x378</run_address>
         <size>0x28</size>
         <input_file_ref idref="fl-a"/>
      </object_component>
      <object_component id="oc-85">
         <name>.debug_frame</name>
         <load_address>0x3a0</load_address>
         <run_address>0x3a0</run_address>
         <size>0x28</size>
         <input_file_ref idref="fl-b"/>
      </object_component>
      <object_component id="oc-8b">
         <name>.debug_frame</name>
         <load_address>0x3c8</load_address>
         <run_address>0x3c8</run_address>
         <size>0xf4</size>
         <input_file_ref idref="fl-c"/>
      </object_component>
      <object_component id="oc-95">
         <name>.debug_frame</name>
         <load_address>0x4bc</load_address>
         <run_address>0x4bc</run_address>
         <size>0x40</size>
         <input_file_ref idref="fl-e"/>
      </object_component>
      <object_component id="oc-a1">
         <name>.debug_frame</name>
         <load_address>0x4fc</load_address>
         <run_address>0x4fc</run_address>
         <size>0x5c</size>
         <input_file_ref idref="fl-10"/>
      </object_component>
      <object_component id="oc-a9">
         <name>.debug_frame</name>
         <load_address>0x558</load_address>
         <run_address>0x558</run_address>
         <size>0xa38</size>
         <input_file_ref idref="fl-11"/>
      </object_component>
      <object_component id="oc-ae">
         <name>.debug_frame</name>
         <load_address>0xf90</load_address>
         <run_address>0xf90</run_address>
         <size>0x118</size>
         <input_file_ref idref="fl-12"/>
      </object_component>
      <object_component id="oc-e6">
         <name>.debug_frame</name>
         <load_address>0x10a8</load_address>
         <run_address>0x10a8</run_address>
         <size>0x28</size>
         <input_file_ref idref="fl-14"/>
      </object_component>
      <object_component id="oc-eb">
         <name>.debug_frame</name>
         <load_address>0x10d0</load_address>
         <run_address>0x10d0</run_address>
         <size>0x58</size>
         <input_file_ref idref="fl-15"/>
      </object_component>
      <object_component id="oc-f0">
         <name>.debug_frame</name>
         <load_address>0x1128</load_address>
         <run_address>0x1128</run_address>
         <size>0x44</size>
         <input_file_ref idref="fl-16"/>
      </object_component>
      <object_component id="oc-f5">
         <name>.debug_frame</name>
         <load_address>0x116c</load_address>
         <run_address>0x116c</run_address>
         <size>0xc0</size>
         <input_file_ref idref="fl-17"/>
      </object_component>
      <object_component id="oc-ff">
         <name>.debug_frame</name>
         <load_address>0x122c</load_address>
         <run_address>0x122c</run_address>
         <size>0x44</size>
         <input_file_ref idref="fl-19"/>
      </object_component>
      <object_component id="oc-114">
         <name>.debug_frame</name>
         <load_address>0x1270</load_address>
         <run_address>0x1270</run_address>
         <size>0x60</size>
         <input_file_ref idref="fl-2e"/>
      </object_component>
      <object_component id="oc-119">
         <name>.debug_frame</name>
         <load_address>0x12d0</load_address>
         <run_address>0x12d0</run_address>
         <size>0x40</size>
         <input_file_ref idref="fl-2f"/>
      </object_component>
      <object_component id="oc-11e">
         <name>.debug_frame</name>
         <load_address>0x1310</load_address>
         <run_address>0x1310</run_address>
         <size>0x40</size>
         <input_file_ref idref="fl-30"/>
      </object_component>
      <object_component id="oc-123">
         <name>.debug_frame</name>
         <load_address>0x1350</load_address>
         <run_address>0x1350</run_address>
         <size>0x40</size>
         <input_file_ref idref="fl-31"/>
      </object_component>
      <object_component id="oc-12a">
         <name>.debug_frame</name>
         <load_address>0x1390</load_address>
         <run_address>0x1390</run_address>
         <size>0x60</size>
         <input_file_ref idref="fl-32"/>
      </object_component>
      <object_component id="oc-12f">
         <name>.debug_frame</name>
         <load_address>0x13f0</load_address>
         <run_address>0x13f0</run_address>
         <size>0x70</size>
         <input_file_ref idref="fl-33"/>
      </object_component>
      <object_component id="oc-134">
         <name>.debug_frame</name>
         <load_address>0x1460</load_address>
         <run_address>0x1460</run_address>
         <size>0x40</size>
         <input_file_ref idref="fl-34"/>
      </object_component>
      <object_component id="oc-50">
         <name>.debug_line</name>
         <load_address>0x0</load_address>
         <run_address>0x0</run_address>
         <size>0xab</size>
         <input_file_ref idref="fl-2"/>
      </object_component>
      <object_component id="oc-55">
         <name>.debug_line</name>
         <load_address>0xab</load_address>
         <run_address>0xab</run_address>
         <size>0x33</size>
         <input_file_ref idref="fl-3"/>
      </object_component>
      <object_component id="oc-5d">
         <name>.debug_line</name>
         <load_address>0xde</load_address>
         <run_address>0xde</run_address>
         <size>0x84</size>
         <input_file_ref idref="fl-4"/>
      </object_component>
      <object_component id="oc-65">
         <name>.debug_line</name>
         <load_address>0x162</load_address>
         <run_address>0x162</run_address>
         <size>0x89</size>
         <input_file_ref idref="fl-5"/>
      </object_component>
      <object_component id="oc-6b">
         <name>.debug_line</name>
         <load_address>0x1eb</load_address>
         <run_address>0x1eb</run_address>
         <size>0x8a</size>
         <input_file_ref idref="fl-6"/>
      </object_component>
      <object_component id="oc-72">
         <name>.debug_line</name>
         <load_address>0x275</load_address>
         <run_address>0x275</run_address>
         <size>0xe8</size>
         <input_file_ref idref="fl-7"/>
      </object_component>
      <object_component id="oc-77">
         <name>.debug_line</name>
         <load_address>0x35d</load_address>
         <run_address>0x35d</run_address>
         <size>0x67</size>
         <input_file_ref idref="fl-8"/>
      </object_component>
      <object_component id="oc-7c">
         <name>.debug_line</name>
         <load_address>0x3c4</load_address>
         <run_address>0x3c4</run_address>
         <size>0x35</size>
         <input_file_ref idref="fl-9"/>
      </object_component>
      <object_component id="oc-81">
         <name>.debug_line</name>
         <load_address>0x3f9</load_address>
         <run_address>0x3f9</run_address>
         <size>0x31</size>
         <input_file_ref idref="fl-a"/>
      </object_component>
      <object_component id="oc-86">
         <name>.debug_line</name>
         <load_address>0x42a</load_address>
         <run_address>0x42a</run_address>
         <size>0x3f</size>
         <input_file_ref idref="fl-b"/>
      </object_component>
      <object_component id="oc-8c">
         <name>.debug_line</name>
         <load_address>0x469</load_address>
         <run_address>0x469</run_address>
         <size>0xff</size>
         <input_file_ref idref="fl-c"/>
      </object_component>
      <object_component id="oc-90">
         <name>.debug_line</name>
         <load_address>0x568</load_address>
         <run_address>0x568</run_address>
         <size>0x5c</size>
         <input_file_ref idref="fl-d"/>
      </object_component>
      <object_component id="oc-96">
         <name>.debug_line</name>
         <load_address>0x5c4</load_address>
         <run_address>0x5c4</run_address>
         <size>0x64</size>
         <input_file_ref idref="fl-e"/>
      </object_component>
      <object_component id="oc-9b">
         <name>.debug_line</name>
         <load_address>0x628</load_address>
         <run_address>0x628</run_address>
         <size>0x74</size>
         <input_file_ref idref="fl-f"/>
      </object_component>
      <object_component id="oc-a2">
         <name>.debug_line</name>
         <load_address>0x69c</load_address>
         <run_address>0x69c</run_address>
         <size>0x9b</size>
         <input_file_ref idref="fl-10"/>
      </object_component>
      <object_component id="oc-aa">
         <name>.debug_line</name>
         <load_address>0x737</load_address>
         <run_address>0x737</run_address>
         <size>0x777</size>
         <input_file_ref idref="fl-11"/>
      </object_component>
      <object_component id="oc-af">
         <name>.debug_line</name>
         <load_address>0xeae</load_address>
         <run_address>0xeae</run_address>
         <size>0x171</size>
         <input_file_ref idref="fl-12"/>
      </object_component>
      <object_component id="oc-e7">
         <name>.debug_line</name>
         <load_address>0x101f</load_address>
         <run_address>0x101f</run_address>
         <size>0x46</size>
         <input_file_ref idref="fl-14"/>
      </object_component>
      <object_component id="oc-ec">
         <name>.debug_line</name>
         <load_address>0x1065</load_address>
         <run_address>0x1065</run_address>
         <size>0x99</size>
         <input_file_ref idref="fl-15"/>
      </object_component>
      <object_component id="oc-f1">
         <name>.debug_line</name>
         <load_address>0x10fe</load_address>
         <run_address>0x10fe</run_address>
         <size>0x7b</size>
         <input_file_ref idref="fl-16"/>
      </object_component>
      <object_component id="oc-f6">
         <name>.debug_line</name>
         <load_address>0x1179</load_address>
         <run_address>0x1179</run_address>
         <size>0x158</size>
         <input_file_ref idref="fl-17"/>
      </object_component>
      <object_component id="oc-fa">
         <name>.debug_line</name>
         <load_address>0x12d1</load_address>
         <run_address>0x12d1</run_address>
         <size>0x5b</size>
         <input_file_ref idref="fl-18"/>
      </object_component>
      <object_component id="oc-100">
         <name>.debug_line</name>
         <load_address>0x132c</load_address>
         <run_address>0x132c</run_address>
         <size>0x89</size>
         <input_file_ref idref="fl-19"/>
      </object_component>
      <object_component id="oc-106">
         <name>.debug_line</name>
         <load_address>0x13b5</load_address>
         <run_address>0x13b5</run_address>
         <size>0x7e</size>
         <input_file_ref idref="fl-2b"/>
      </object_component>
      <object_component id="oc-10b">
         <name>.debug_line</name>
         <load_address>0x1433</load_address>
         <run_address>0x1433</run_address>
         <size>0xad</size>
         <input_file_ref idref="fl-2c"/>
      </object_component>
      <object_component id="oc-110">
         <name>.debug_line</name>
         <load_address>0x14e0</load_address>
         <run_address>0x14e0</run_address>
         <size>0x52</size>
         <input_file_ref idref="fl-2d"/>
      </object_component>
      <object_component id="oc-115">
         <name>.debug_line</name>
         <load_address>0x1532</load_address>
         <run_address>0x1532</run_address>
         <size>0x50</size>
         <input_file_ref idref="fl-2e"/>
      </object_component>
      <object_component id="oc-11a">
         <name>.debug_line</name>
         <load_address>0x1582</load_address>
         <run_address>0x1582</run_address>
         <size>0x62</size>
         <input_file_ref idref="fl-2f"/>
      </object_component>
      <object_component id="oc-11f">
         <name>.debug_line</name>
         <load_address>0x15e4</load_address>
         <run_address>0x15e4</run_address>
         <size>0x3e</size>
         <input_file_ref idref="fl-30"/>
      </object_component>
      <object_component id="oc-124">
         <name>.debug_line</name>
         <load_address>0x1622</load_address>
         <run_address>0x1622</run_address>
         <size>0x3a</size>
         <input_file_ref idref="fl-31"/>
      </object_component>
      <object_component id="oc-12b">
         <name>.debug_line</name>
         <load_address>0x165c</load_address>
         <run_address>0x165c</run_address>
         <size>0x65</size>
         <input_file_ref idref="fl-32"/>
      </object_component>
      <object_component id="oc-130">
         <name>.debug_line</name>
         <load_address>0x16c1</load_address>
         <run_address>0x16c1</run_address>
         <size>0x5e</size>
         <input_file_ref idref="fl-33"/>
      </object_component>
      <object_component id="oc-135">
         <name>.debug_line</name>
         <load_address>0x171f</load_address>
         <run_address>0x171f</run_address>
         <size>0x4f</size>
         <input_file_ref idref="fl-34"/>
      </object_component>
      <object_component id="oc-51">
         <name>.debug_abbrev</name>
         <load_address>0x0</load_address>
         <run_address>0x0</run_address>
         <size>0x18a</size>
         <input_file_ref idref="fl-2"/>
      </object_component>
      <object_component id="oc-56">
         <name>.debug_abbrev</name>
         <load_address>0x18a</load_address>
         <run_address>0x18a</run_address>
         <size>0xdc</size>
         <input_file_ref idref="fl-3"/>
      </object_component>
      <object_component id="oc-5e">
         <name>.debug_abbrev</name>
         <load_address>0x266</load_address>
         <run_address>0x266</run_address>
         <size>0x174</size>
         <input_file_ref idref="fl-4"/>
      </object_component>
      <object_component id="oc-66">
         <name>.debug_abbrev</name>
         <load_address>0x3da</load_address>
         <run_address>0x3da</run_address>
         <size>0x169</size>
         <input_file_ref idref="fl-5"/>
      </object_component>
      <object_component id="oc-6c">
         <name>.debug_abbrev</name>
         <load_address>0x543</load_address>
         <run_address>0x543</run_address>
         <size>0x12f</size>
         <input_file_ref idref="fl-6"/>
      </object_component>
      <object_component id="oc-73">
         <name>.debug_abbrev</name>
         <load_address>0x672</load_address>
         <run_address>0x672</run_address>
         <size>0x146</size>
         <input_file_ref idref="fl-7"/>
      </object_component>
      <object_component id="oc-78">
         <name>.debug_abbrev</name>
         <load_address>0x7b8</load_address>
         <run_address>0x7b8</run_address>
         <size>0xdc</size>
         <input_file_ref idref="fl-8"/>
      </object_component>
      <object_component id="oc-7d">
         <name>.debug_abbrev</name>
         <load_address>0x894</load_address>
         <run_address>0x894</run_address>
         <size>0xdc</size>
         <input_file_ref idref="fl-9"/>
      </object_component>
      <object_component id="oc-82">
         <name>.debug_abbrev</name>
         <load_address>0x970</load_address>
         <run_address>0x970</run_address>
         <size>0x12d</size>
         <input_file_ref idref="fl-a"/>
      </object_component>
      <object_component id="oc-87">
         <name>.debug_abbrev</name>
         <load_address>0xa9d</load_address>
         <run_address>0xa9d</run_address>
         <size>0xdc</size>
         <input_file_ref idref="fl-b"/>
      </object_component>
      <object_component id="oc-8d">
         <name>.debug_abbrev</name>
         <load_address>0xb79</load_address>
         <run_address>0xb79</run_address>
         <size>0x162</size>
         <input_file_ref idref="fl-c"/>
      </object_component>
      <object_component id="oc-92">
         <name>.debug_abbrev</name>
         <load_address>0xcdb</load_address>
         <run_address>0xcdb</run_address>
         <size>0x2f</size>
         <input_file_ref idref="fl-d"/>
      </object_component>
      <object_component id="oc-97">
         <name>.debug_abbrev</name>
         <load_address>0xd0a</load_address>
         <run_address>0xd0a</run_address>
         <size>0x10f</size>
         <input_file_ref idref="fl-e"/>
      </object_component>
      <object_component id="oc-9d">
         <name>.debug_abbrev</name>
         <load_address>0xe19</load_address>
         <run_address>0xe19</run_address>
         <size>0x21</size>
         <input_file_ref idref="fl-f"/>
      </object_component>
      <object_component id="oc-a3">
         <name>.debug_abbrev</name>
         <load_address>0xe3a</load_address>
         <run_address>0xe3a</run_address>
         <size>0xfd</size>
         <input_file_ref idref="fl-10"/>
      </object_component>
      <object_component id="oc-ab">
         <name>.debug_abbrev</name>
         <load_address>0xf37</load_address>
         <run_address>0xf37</run_address>
         <size>0xf9</size>
         <input_file_ref idref="fl-11"/>
      </object_component>
      <object_component id="oc-b0">
         <name>.debug_abbrev</name>
         <load_address>0x1030</load_address>
         <run_address>0x1030</run_address>
         <size>0x111</size>
         <input_file_ref idref="fl-12"/>
      </object_component>
      <object_component id="oc-e4">
         <name>.debug_abbrev</name>
         <load_address>0x1141</load_address>
         <run_address>0x1141</run_address>
         <size>0xb7</size>
         <input_file_ref idref="fl-13"/>
      </object_component>
      <object_component id="oc-e8">
         <name>.debug_abbrev</name>
         <load_address>0x11f8</load_address>
         <run_address>0x11f8</run_address>
         <size>0xdc</size>
         <input_file_ref idref="fl-14"/>
      </object_component>
      <object_component id="oc-ed">
         <name>.debug_abbrev</name>
         <load_address>0x12d4</load_address>
         <run_address>0x12d4</run_address>
         <size>0xc8</size>
         <input_file_ref idref="fl-15"/>
      </object_component>
      <object_component id="oc-f2">
         <name>.debug_abbrev</name>
         <load_address>0x139c</load_address>
         <run_address>0x139c</run_address>
         <size>0x116</size>
         <input_file_ref idref="fl-16"/>
      </object_component>
      <object_component id="oc-f7">
         <name>.debug_abbrev</name>
         <load_address>0x14b2</load_address>
         <run_address>0x14b2</run_address>
         <size>0x17b</size>
         <input_file_ref idref="fl-17"/>
      </object_component>
      <object_component id="oc-fc">
         <name>.debug_abbrev</name>
         <load_address>0x162d</load_address>
         <run_address>0x162d</run_address>
         <size>0x2f</size>
         <input_file_ref idref="fl-18"/>
      </object_component>
      <object_component id="oc-101">
         <name>.debug_abbrev</name>
         <load_address>0x165c</load_address>
         <run_address>0x165c</run_address>
         <size>0xc7</size>
         <input_file_ref idref="fl-19"/>
      </object_component>
      <object_component id="oc-107">
         <name>.debug_abbrev</name>
         <load_address>0x1723</load_address>
         <run_address>0x1723</run_address>
         <size>0x46</size>
         <input_file_ref idref="fl-2b"/>
      </object_component>
      <object_component id="oc-10c">
         <name>.debug_abbrev</name>
         <load_address>0x1769</load_address>
         <run_address>0x1769</run_address>
         <size>0x38</size>
         <input_file_ref idref="fl-2c"/>
      </object_component>
      <object_component id="oc-111">
         <name>.debug_abbrev</name>
         <load_address>0x17a1</load_address>
         <run_address>0x17a1</run_address>
         <size>0x38</size>
         <input_file_ref idref="fl-2d"/>
      </object_component>
      <object_component id="oc-116">
         <name>.debug_abbrev</name>
         <load_address>0x17d9</load_address>
         <run_address>0x17d9</run_address>
         <size>0xe3</size>
         <input_file_ref idref="fl-2e"/>
      </object_component>
      <object_component id="oc-11b">
         <name>.debug_abbrev</name>
         <load_address>0x18bc</load_address>
         <run_address>0x18bc</run_address>
         <size>0xa8</size>
         <input_file_ref idref="fl-2f"/>
      </object_component>
      <object_component id="oc-120">
         <name>.debug_abbrev</name>
         <load_address>0x1964</load_address>
         <run_address>0x1964</run_address>
         <size>0x68</size>
         <input_file_ref idref="fl-30"/>
      </object_component>
      <object_component id="oc-125">
         <name>.debug_abbrev</name>
         <load_address>0x19cc</load_address>
         <run_address>0x19cc</run_address>
         <size>0x66</size>
         <input_file_ref idref="fl-31"/>
      </object_component>
      <object_component id="oc-12c">
         <name>.debug_abbrev</name>
         <load_address>0x1a32</load_address>
         <run_address>0x1a32</run_address>
         <size>0x130</size>
         <input_file_ref idref="fl-32"/>
      </object_component>
      <object_component id="oc-131">
         <name>.debug_abbrev</name>
         <load_address>0x1b62</load_address>
         <run_address>0x1b62</run_address>
         <size>0xb2</size>
         <input_file_ref idref="fl-33"/>
      </object_component>
      <object_component id="oc-136">
         <name>.debug_abbrev</name>
         <load_address>0x1c14</load_address>
         <run_address>0x1c14</run_address>
         <size>0xee</size>
         <input_file_ref idref="fl-34"/>
      </object_component>
      <object_component id="oc-1a8">
         <name>.debug_abbrev</name>
         <load_address>0x1d02</load_address>
         <run_address>0x1d02</run_address>
         <size>0xf</size>
      </object_component>
      <object_component id="oc-52">
         <name>.debug_aranges</name>
         <load_address>0x0</load_address>
         <run_address>0x0</run_address>
         <size>0x30</size>
         <input_file_ref idref="fl-2"/>
      </object_component>
      <object_component id="oc-57">
         <name>.debug_aranges</name>
         <load_address>0x30</load_address>
         <run_address>0x30</run_address>
         <size>0x18</size>
         <input_file_ref idref="fl-3"/>
      </object_component>
      <object_component id="oc-5f">
         <name>.debug_aranges</name>
         <load_address>0x48</load_address>
         <run_address>0x48</run_address>
         <size>0x20</size>
         <input_file_ref idref="fl-4"/>
      </object_component>
      <object_component id="oc-67">
         <name>.debug_aranges</name>
         <load_address>0x68</load_address>
         <run_address>0x68</run_address>
         <size>0x28</size>
         <input_file_ref idref="fl-5"/>
      </object_component>
      <object_component id="oc-6d">
         <name>.debug_aranges</name>
         <load_address>0x90</load_address>
         <run_address>0x90</run_address>
         <size>0x28</size>
         <input_file_ref idref="fl-6"/>
      </object_component>
      <object_component id="oc-74">
         <name>.debug_aranges</name>
         <load_address>0xb8</load_address>
         <run_address>0xb8</run_address>
         <size>0x28</size>
         <input_file_ref idref="fl-7"/>
      </object_component>
      <object_component id="oc-79">
         <name>.debug_aranges</name>
         <load_address>0xe0</load_address>
         <run_address>0xe0</run_address>
         <size>0x20</size>
         <input_file_ref idref="fl-8"/>
      </object_component>
      <object_component id="oc-7e">
         <name>.debug_aranges</name>
         <load_address>0x100</load_address>
         <run_address>0x100</run_address>
         <size>0x18</size>
         <input_file_ref idref="fl-9"/>
      </object_component>
      <object_component id="oc-83">
         <name>.debug_aranges</name>
         <load_address>0x118</load_address>
         <run_address>0x118</run_address>
         <size>0x18</size>
         <input_file_ref idref="fl-a"/>
      </object_component>
      <object_component id="oc-88">
         <name>.debug_aranges</name>
         <load_address>0x130</load_address>
         <run_address>0x130</run_address>
         <size>0x18</size>
         <input_file_ref idref="fl-b"/>
      </object_component>
      <object_component id="oc-8e">
         <name>.debug_aranges</name>
         <load_address>0x148</load_address>
         <run_address>0x148</run_address>
         <size>0x48</size>
         <input_file_ref idref="fl-c"/>
      </object_component>
      <object_component id="oc-93">
         <name>.debug_aranges</name>
         <load_address>0x190</load_address>
         <run_address>0x190</run_address>
         <size>0x20</size>
         <input_file_ref idref="fl-d"/>
      </object_component>
      <object_component id="oc-98">
         <name>.debug_aranges</name>
         <load_address>0x1b0</load_address>
         <run_address>0x1b0</run_address>
         <size>0x20</size>
         <input_file_ref idref="fl-e"/>
      </object_component>
      <object_component id="oc-9e">
         <name>.debug_aranges</name>
         <load_address>0x1d0</load_address>
         <run_address>0x1d0</run_address>
         <size>0x28</size>
         <input_file_ref idref="fl-f"/>
      </object_component>
      <object_component id="oc-a4">
         <name>.debug_aranges</name>
         <load_address>0x1f8</load_address>
         <run_address>0x1f8</run_address>
         <size>0x28</size>
         <input_file_ref idref="fl-10"/>
      </object_component>
      <object_component id="oc-ac">
         <name>.debug_aranges</name>
         <load_address>0x220</load_address>
         <run_address>0x220</run_address>
         <size>0x298</size>
         <input_file_ref idref="fl-11"/>
      </object_component>
      <object_component id="oc-b1">
         <name>.debug_aranges</name>
         <load_address>0x4b8</load_address>
         <run_address>0x4b8</run_address>
         <size>0x68</size>
         <input_file_ref idref="fl-12"/>
      </object_component>
      <object_component id="oc-e9">
         <name>.debug_aranges</name>
         <load_address>0x520</load_address>
         <run_address>0x520</run_address>
         <size>0x18</size>
         <input_file_ref idref="fl-14"/>
      </object_component>
      <object_component id="oc-ee">
         <name>.debug_aranges</name>
         <load_address>0x538</load_address>
         <run_address>0x538</run_address>
         <size>0x28</size>
         <input_file_ref idref="fl-15"/>
      </object_component>
      <object_component id="oc-f3">
         <name>.debug_aranges</name>
         <load_address>0x560</load_address>
         <run_address>0x560</run_address>
         <size>0x20</size>
         <input_file_ref idref="fl-16"/>
      </object_component>
      <object_component id="oc-f8">
         <name>.debug_aranges</name>
         <load_address>0x580</load_address>
         <run_address>0x580</run_address>
         <size>0x48</size>
         <input_file_ref idref="fl-17"/>
      </object_component>
      <object_component id="oc-fd">
         <name>.debug_aranges</name>
         <load_address>0x5c8</load_address>
         <run_address>0x5c8</run_address>
         <size>0x20</size>
         <input_file_ref idref="fl-18"/>
      </object_component>
      <object_component id="oc-102">
         <name>.debug_aranges</name>
         <load_address>0x5e8</load_address>
         <run_address>0x5e8</run_address>
         <size>0x20</size>
         <input_file_ref idref="fl-19"/>
      </object_component>
      <object_component id="oc-108">
         <name>.debug_aranges</name>
         <load_address>0x608</load_address>
         <run_address>0x608</run_address>
         <size>0x20</size>
         <input_file_ref idref="fl-2b"/>
      </object_component>
      <object_component id="oc-10d">
         <name>.debug_aranges</name>
         <load_address>0x628</load_address>
         <run_address>0x628</run_address>
         <size>0x20</size>
         <input_file_ref idref="fl-2c"/>
      </object_component>
      <object_component id="oc-112">
         <name>.debug_aranges</name>
         <load_address>0x648</load_address>
         <run_address>0x648</run_address>
         <size>0x28</size>
         <input_file_ref idref="fl-2d"/>
      </object_component>
      <object_component id="oc-117">
         <name>.debug_aranges</name>
         <load_address>0x670</load_address>
         <run_address>0x670</run_address>
         <size>0x20</size>
         <input_file_ref idref="fl-2e"/>
      </object_component>
      <object_component id="oc-11c">
         <name>.debug_aranges</name>
         <load_address>0x690</load_address>
         <run_address>0x690</run_address>
         <size>0x20</size>
         <input_file_ref idref="fl-2f"/>
      </object_component>
      <object_component id="oc-121">
         <name>.debug_aranges</name>
         <load_address>0x6b0</load_address>
         <run_address>0x6b0</run_address>
         <size>0x20</size>
         <input_file_ref idref="fl-30"/>
      </object_component>
      <object_component id="oc-126">
         <name>.debug_aranges</name>
         <load_address>0x6d0</load_address>
         <run_address>0x6d0</run_address>
         <size>0x20</size>
         <input_file_ref idref="fl-31"/>
      </object_component>
      <object_component id="oc-12d">
         <name>.debug_aranges</name>
         <load_address>0x6f0</load_address>
         <run_address>0x6f0</run_address>
         <size>0x28</size>
         <input_file_ref idref="fl-32"/>
      </object_component>
      <object_component id="oc-132">
         <name>.debug_aranges</name>
         <load_address>0x718</load_address>
         <run_address>0x718</run_address>
         <size>0x30</size>
         <input_file_ref idref="fl-33"/>
      </object_component>
      <object_component id="oc-137">
         <name>.debug_aranges</name>
         <load_address>0x748</load_address>
         <run_address>0x748</run_address>
         <size>0x20</size>
         <input_file_ref idref="fl-34"/>
      </object_component>
   </object_component_list>
   <logical_group_list>
      <logical_group id="lg-2" display="no" color="cyan">
         <name>codestart</name>
         <load_address>0x0</load_address>
         <run_address>0x0</run_address>
         <size>0x2</size>
         <contents>
            <object_component_ref idref="oc-9a"/>
         </contents>
      </logical_group>
      <logical_group id="lg-3" display="no" color="cyan">
         <name>ramfuncs</name>
         <load_address>0x8042</load_address>
         <run_address>0x8042</run_address>
         <size>0x4</size>
         <contents>
            <object_component_ref idref="oc-f9"/>
         </contents>
      </logical_group>
      <logical_group id="lg-4" display="no" color="cyan">
         <name>.text</name>
         <load_address>0x9000</load_address>
         <run_address>0x9000</run_address>
         <size>0xbf2</size>
         <contents>
            <object_component_ref idref="oc-a8"/>
            <object_component_ref idref="oc-140"/>
            <object_component_ref idref="oc-145"/>
            <object_component_ref idref="oc-150"/>
            <object_component_ref idref="oc-149"/>
            <object_component_ref idref="oc-5b"/>
            <object_component_ref idref="oc-109"/>
            <object_component_ref idref="oc-4e"/>
            <object_component_ref idref="oc-142"/>
            <object_component_ref idref="oc-14f"/>
            <object_component_ref idref="oc-14a"/>
            <object_component_ref idref="oc-4a"/>
            <object_component_ref idref="oc-69"/>
            <object_component_ref idref="oc-14b"/>
            <object_component_ref idref="oc-148"/>
            <object_component_ref idref="oc-8a"/>
            <object_component_ref idref="oc-13c"/>
            <object_component_ref idref="oc-146"/>
            <object_component_ref idref="oc-139"/>
            <object_component_ref idref="oc-147"/>
            <object_component_ref idref="oc-141"/>
            <object_component_ref idref="oc-63"/>
            <object_component_ref idref="oc-151"/>
            <object_component_ref idref="oc-13b"/>
            <object_component_ref idref="oc-10e"/>
            <object_component_ref idref="oc-14c"/>
            <object_component_ref idref="oc-99"/>
            <object_component_ref idref="oc-138"/>
            <object_component_ref idref="oc-13a"/>
         </contents>
      </logical_group>
      <logical_group id="lg-5" display="no" color="cyan">
         <name>.cinit</name>
         <load_address>0x8000</load_address>
         <run_address>0x8000</run_address>
         <size>0x42</size>
         <contents>
            <object_component_ref idref="oc-128"/>
            <object_component_ref idref="oc-59"/>
            <object_component_ref idref="oc-6f"/>
            <object_component_ref idref="oc-4c"/>
            <object_component_ref idref="oc-144"/>
            <object_component_ref idref="oc-14d"/>
            <object_component_ref idref="oc-a6"/>
            <object_component_ref idref="oc-61"/>
         </contents>
      </logical_group>
      <logical_group id="lg-6" display="no" color="cyan">
         <name>.pinit</name>
         <run_address>0x0</run_address>
         <size>0x0</size>
         <contents>
         </contents>
      </logical_group>
      <logical_group id="lg-7" display="no" color="cyan">
         <name>.switch</name>
         <run_address>0x0</run_address>
         <size>0x0</size>
         <contents>
         </contents>
      </logical_group>
      <logical_group id="lg-8" display="no" color="cyan">
         <name>.stack</name>
         <run_address>0x400</run_address>
         <size>0x300</size>
         <contents>
            <object_component_ref idref="oc-103"/>
            <object_component_ref idref="oc-1a6"/>
         </contents>
      </logical_group>
      <logical_group id="lg-9" display="no" color="cyan">
         <name>.ebss</name>
         <run_address>0xa000</run_address>
         <size>0x182c</size>
         <contents>
            <object_component_ref idref="oc-4d"/>
            <object_component_ref idref="oc-13d"/>
            <object_component_ref idref="oc-13e"/>
            <object_component_ref idref="oc-13f"/>
            <object_component_ref idref="oc-5a"/>
            <object_component_ref idref="oc-62"/>
            <object_component_ref idref="oc-70"/>
            <object_component_ref idref="oc-a0"/>
            <object_component_ref idref="oc-a7"/>
            <object_component_ref idref="oc-129"/>
            <object_component_ref idref="oc-143"/>
            <object_component_ref idref="oc-152"/>
         </contents>
      </logical_group>
      <logical_group id="lg-a" display="no" color="cyan">
         <name>.econst</name>
         <load_address>0xd000</load_address>
[...]
         <name>_ADCINT_ISR</name>
         <value>0x90e6</value>
         <object_component_ref idref="oc-a8"/>
      </symbol>
      <symbol id="sm-279">
         <name>_USER1_ISR</name>
         <value>0x9046</value>
         <object_component_ref idref="oc-a8"/>
      </symbol>
      <symbol id="sm-27b">
         <name>_XINT3_ISR</name>
         <value>0x92c2</value>
         <object_component_ref idref="oc-a8"/>
      </symbol>
      <symbol id="sm-27d">
         <name>_EPWM5_INT_ISR</name>
         <value>0x916e</value>
         <object_component_ref idref="oc-a8"/>
      </symbol>
      <symbol id="sm-27f">
         <name>_NMI_ISR</name>
         <value>0x9032</value>
         <object_component_ref idref="oc-a8"/>
      </symbol>
      <symbol id="sm-281">
         <name>_SCITXINTB_ISR</name>
         <value>0x9290</value>
         <object_component_ref idref="oc-a8"/>
      </symbol>
      <symbol id="sm-283">
         <name>_SCIRXINTB_ISR</name>
         <value>0x9286</value>
         <object_component_ref idref="oc-a8"/>
      </symbol>
      <symbol id="sm-285">
         <name>_ECAN1INTA_ISR</name>
         <value>0x92a4</value>
         <object_component_ref idref="oc-a8"/>
      </symbol>
      <symbol id="sm-287">
         <name>_ECAP2_INT_ISR</name>
         <value>0x918c</value>
         <object_component_ref idref="oc-a8"/>
      </symbol>
      <symbol id="sm-289">
         <name>_PIE_RESERVED</name>
         <value>0x9315</value>
         <object_component_ref idref="oc-a8"/>
      </symbol>
      <symbol id="sm-28b">
         <name>_I2CINT1A_ISR</name>
         <value>0x924a</value>
         <object_component_ref idref="oc-a8"/>
      </symbol>
      <symbol id="sm-28d">
         <name>_XINT2_ISR</name>
         <value>0x90dc</value>
         <object_component_ref idref="oc-a8"/>
      </symbol>
      <symbol id="sm-28f">
         <name>_I2CINT2A_ISR</name>
         <value>0x9254</value>
         <object_component_ref idref="oc-a8"/>
      </symbol>
      <symbol id="sm-291">
         <name>_SCITXINTC_ISR</name>
         <value>0x9268</value>
         <object_component_ref idref="oc-a8"/>
      </symbol>
      <symbol id="sm-293">
         <name>_SCIRXINTC_ISR</name>
         <value>0x925e</value>
         <object_component_ref idref="oc-a8"/>
      </symbol>
      <symbol id="sm-295">
         <name>_RTOSINT_ISR</name>
         <value>0x901e</value>
         <object_component_ref idref="oc-a8"/>
      </symbol>
      <symbol id="sm-297">
         <name>_EPWM3_INT_ISR</name>
         <value>0x915a</value>
         <object_component_ref idref="oc-a8"/>
      </symbol>
      <symbol id="sm-299">
         <name>_ECAN1INTB_ISR</name>
         <value>0x92b8</value>
         <object_component_ref idref="oc-a8"/>
      </symbol>
      <symbol id="sm-29b">
         <name>_USER9_ISR</name>
         <value>0x9096</value>
         <object_component_ref idref="oc-a8"/>
      </symbol>
      <symbol id="sm-29d">
         <name>_USER3_ISR</name>
         <value>0x905a</value>
         <object_component_ref idref="oc-a8"/>
      </symbol>
      <symbol id="sm-29f">
         <name>_EQEP1_INT_ISR</name>
         <value>0x91be</value>
         <object_component_ref idref="oc-a8"/>
      </symbol>
      <symbol id="sm-2a1">
         <name>_MRINTB_ISR</name>
         <value>0x91e6</value>
         <object_component_ref idref="oc-a8"/>
      </symbol>
      <symbol id="sm-2a3">
         <name>_DINTCH1_ISR</name>
         <value>0x920e</value>
         <object_component_ref idref="oc-a8"/>
      </symbol>
      <symbol id="sm-2a5">
         <name>_USER8_ISR</name>
         <value>0x908c</value>
         <object_component_ref idref="oc-a8"/>
      </symbol>
      <symbol id="sm-2a7">
         <name>_EPWM1_INT_ISR</name>
         <value>0x9146</value>
         <object_component_ref idref="oc-a8"/>
      </symbol>
      <symbol id="sm-2a9">
         <name>_SEQ2INT_ISR</name>
         <value>0x90c8</value>
         <object_component_ref idref="oc-a8"/>
      </symbol>
      <symbol id="sm-2ab">
         <name>_USER2_ISR</name>
         <value>0x9050</value>
         <object_component_ref idref="oc-a8"/>
      </symbol>
      <symbol id="sm-2ad">
         <name>_LUF_ISR</name>
         <value>0x92fe</value>
         <object_component_ref idref="oc-a8"/>
      </symbol>
      <symbol id="sm-2af">
         <name>_LVF_ISR</name>
         <value>0x92f4</value>
         <object_component_ref idref="oc-a8"/>
      </symbol>
      <symbol id="sm-2b1">
         <name>_y</name>
         <value>0xb82a</value>
         <object_component_ref idref="oc-a7"/>
      </symbol>
      <symbol id="sm-2b2">
         <name>_SCITXINTA_ISR</name>
         <value>0x927c</value>
         <object_component_ref idref="oc-a8"/>
      </symbol>
      <symbol id="sm-2b4">
         <name>_SCIRXINTA_ISR</name>
         <value>0x9272</value>
         <object_component_ref idref="oc-a8"/>
      </symbol>
      <symbol id="sm-2b6">
         <name>_rsvd_ISR</name>
         <value>0x931f</value>
         <object_component_ref idref="oc-a8"/>
      </symbol>
      <symbol id="sm-2b8">
         <name>_ECAP5_INT_ISR</name>
         <value>0x91aa</value>
         <object_component_ref idref="oc-a8"/>
      </symbol>
      <symbol id="sm-2ba">
         <name>_DINTCH2_ISR</name>
         <value>0x9218</value>
         <object_component_ref idref="oc-a8"/>
      </symbol>
      <symbol id="sm-2bc">
         <name>_XINT5_ISR</name>
         <value>0x92d6</value>
         <object_component_ref idref="oc-a8"/>
      </symbol>
      <symbol id="sm-2c9">
         <name>_InitEPwm3Gpio</name>
         <value>0x9562</value>
         <object_component_ref idref="oc-150"/>
      </symbol>
      <symbol id="sm-2cb">
         <name>_InitTzGpio</name>
         <value>0x95c2</value>
         <object_component_ref idref="oc-150"/>
      </symbol>
      <symbol id="sm-2cd">
         <name>_InitEPwm2Gpio</name>
         <value>0x9550</value>
         <object_component_ref idref="oc-150"/>
      </symbol>
      <symbol id="sm-2cf">
         <name>_InitEPwm1Gpio</name>
         <value>0x953e</value>
         <object_component_ref idref="oc-150"/>
      </symbol>
      <symbol id="sm-2d1">
         <name>_InitEPwm6Gpio</name>
         <value>0x959c</value>
         <object_component_ref idref="oc-150"/>
      </symbol>
      <symbol id="sm-2d3">
         <name>_InitEPwmGpio</name>
         <value>0x9531</value>
         <object_component_ref idref="oc-150"/>
      </symbol>
      <symbol id="sm-2d5">
         <name>_InitEPwm5Gpio</name>
         <value>0x958a</value>
         <object_component_ref idref="oc-150"/>
      </symbol>
      <symbol id="sm-2d7">
         <name>_InitEPwm4Gpio</name>
         <value>0x9576</value>
         <object_component_ref idref="oc-150"/>
      </symbol>
      <symbol id="sm-2d9">
         <name>_InitEPwmSyncGpio</name>
         <value>0x95ae</value>
         <object_component_ref idref="oc-150"/>
      </symbol>
      <symbol id="sm-2db">
         <name>_InitEPwm</name>
         <value>0x9530</value>
         <object_component_ref idref="oc-150"/>
      </symbol>
      <symbol id="sm-344">
         <name>_GpioCtrlRegs</name>
         <value>0x6f80</value>
         <object_component_ref idref="oc-d4"/>
      </symbol>
      <symbol id="sm-345">
         <name>_PieVectTable</name>
         <value>0xd00</value>
         <object_component_ref idref="oc-e3"/>
      </symbol>
      <symbol id="sm-346">
         <name>_ECap4Regs</name>
         <value>0x6a60</value>
         <object_component_ref idref="oc-c6"/>
      </symbol>
      <symbol id="sm-347">
         <name>_CsmRegs</name>
         <value>0xae0</value>
         <object_component_ref idref="oc-ba"/>
      </symbol>
      <symbol id="sm-348">
         <name>_ECanaLAMRegs</name>
         <value>0x6040</value>
         <object_component_ref idref="oc-d7"/>
      </symbol>
      <symbol id="sm-349">
         <name>_ECanbMOTORegs</name>
         <value>0x62c0</value>
         <object_component_ref idref="oc-dc"/>
      </symbol>
      <symbol id="sm-34a">
         <name>_EPwm4Regs</name>
         <value>0x68c0</value>
         <object_component_ref idref="oc-ce"/>
      </symbol>
      <symbol id="sm-34b">
         <name>_ECap5Regs</name>
         <value>0x6a80</value>
         <object_component_ref idref="oc-c7"/>
      </symbol>
      <symbol id="sm-34c">
         <name>_CpuTimer1Regs</name>
         <value>0xc08</value>
         <object_component_ref idref="oc-b4"/>
      </symbol>
      <symbol id="sm-34d">
         <name>_SysCtrlRegs</name>
         <value>0x7010</value>
         <object_component_ref idref="oc-ca"/>
      </symbol>
      <symbol id="sm-34e">
         <name>_EPwm5Regs</name>
         <value>0x6900</value>
         <object_component_ref idref="oc-cf"/>
      </symbol>
      <symbol id="sm-34f">
         <name>_SpiaRegs</name>
         <value>0x7040</value>
         <object_component_ref idref="oc-be"/>
      </symbol>
      <symbol id="sm-350">
         <name>_ECanaMOTSRegs</name>
         <value>0x6080</value>
         <object_component_ref idref="oc-d8"/>
      </symbol>
      <symbol id="sm-351">
         <name>_ECap6Regs</name>
         <value>0x6aa0</value>
         <object_component_ref idref="oc-c8"/>
      </symbol>
      <symbol id="sm-352">
         <name>_DmaRegs</name>
         <value>0x1000</value>
         <object_component_ref idref="oc-e0"/>
      </symbol>
      <symbol id="sm-353">
         <name>_FlashRegs</name>
         <value>0xa80</value>
         <object_component_ref idref="oc-b7"/>
      </symbol>
      <symbol id="sm-354">
         <name>_CpuTimer0Regs</name>
         <value>0xc00</value>
         <object_component_ref idref="oc-b3"/>
      </symbol>
      <symbol id="sm-355">
         <name>_DevEmuRegs</name>
         <value>0x880</value>
         <object_component_ref idref="oc-df"/>
      </symbol>
      <symbol id="sm-356">
         <name>_McbspbRegs</name>
         <value>0x5040</value>
         <object_component_ref idref="oc-d3"/>
      </symbol>
      <symbol id="sm-357">
         <name>_EPwm6Regs</name>
         <value>0x6940</value>
         <object_component_ref idref="oc-d0"/>
      </symbol>
      <symbol id="sm-358">
         <name>_SciaRegs</name>
         <value>0x7050</value>
         <object_component_ref idref="oc-bb"/>
      </symbol>
      <symbol id="sm-359">
         <name>_GpioDataRegs</name>
         <value>0x6fc0</value>
         <object_component_ref idref="oc-c9"/>
      </symbol>
      <symbol id="sm-35a">
         <name>_CsmPwl</name>
         <value>0x33fff8</value>
         <object_component_ref idref="oc-b6"/>
      </symbol>
      <symbol id="sm-35b">
         <name>_AdcRegs</name>
         <value>0x7100</value>
         <object_component_ref idref="oc-c1"/>
      </symbol>
      <symbol id="sm-35c">
         <name>_XIntruptRegs</name>
         <value>0x7070</value>
         <object_component_ref idref="oc-bf"/>
      </symbol>
      <symbol id="sm-35d">
         <name>_CpuTimer2Regs</name>
         <value>0xc10</value>
         <object_component_ref idref="oc-b5"/>
      </symbol>
      <symbol id="sm-35e">
         <name>_PieCtrlRegs</name>
         <value>0xce0</value>
         <object_component_ref idref="oc-c0"/>
      </symbol>
      <symbol id="sm-35f">
         <name>_ECanbMOTSRegs</name>
         <value>0x6280</value>
         <object_component_ref idref="oc-db"/>
      </symbol>
      <symbol id="sm-360">
         <name>_ECanaRegs</name>
         <value>0x6000</value>
         <object_component_ref idref="oc-d5"/>
      </symbol>
      <symbol id="sm-361">
         <name>_AdcMirror</name>
         <value>0xb00</value>
         <object_component_ref idref="oc-b9"/>
      </symbol>
      <symbol id="sm-362">
         <name>_ECanbMboxes</name>
         <value>0x6300</value>
         <object_component_ref idref="oc-e2"/>
      </symbol>
      <symbol id="sm-363">
         <name>_XintfRegs</name>
         <value>0xb20</value>
         <object_component_ref idref="oc-c2"/>
      </symbol>
      <symbol id="sm-364">
         <name>_ScicRegs</name>
         <value>0x7770</value>
         <object_component_ref idref="oc-bd"/>
      </symbol>
      <symbol id="sm-365">
         <name>_ECap1Regs</name>
         <value>0x6a00</value>
         <object_component_ref idref="oc-c3"/>
      </symbol>
      <symbol id="sm-366">
         <name>_EQep1Regs</name>
         <value>0x6b00</value>
         <object_component_ref idref="oc-dd"/>
      </symbol>
      <symbol id="sm-367">
         <name>_McbspaRegs</name>
         <value>0x5000</value>
         <object_component_ref idref="oc-d2"/>
      </symbol>
      <symbol id="sm-368">
         <name>_EPwm1Regs</name>
         <value>0x6800</value>
         <object_component_ref idref="oc-cb"/>
      </symbol>
      <symbol id="sm-369">
         <name>_ECanbRegs</name>
         <value>0x6200</value>
         <object_component_ref idref="oc-d6"/>
      </symbol>
      <symbol id="sm-36a">
         <name>_ScibRegs</name>
         <value>0x7750</value>
         <object_component_ref idref="oc-bc"/>
      </symbol>
      <symbol id="sm-36b">
         <name>_ECap2Regs</name>
         <value>0x6a20</value>
         <object_component_ref idref="oc-c4"/>
      </symbol>
      <symbol id="sm-36c">
         <name>_GpioIntRegs</name>
         <value>0x6fe0</value>
         <object_component_ref idref="oc-b8"/>
      </symbol>
      <symbol id="sm-36d">
         <name>_EQep2Regs</name>
         <value>0x6b40</value>
         <object_component_ref idref="oc-de"/>
      </symbol>
      <symbol id="sm-36e">
         <name>_EPwm2Regs</name>
         <value>0x6840</value>
         <object_component_ref idref="oc-cc"/>
      </symbol>
      <symbol id="sm-36f">
         <name>_ECanaMboxes</name>
         <value>0x6100</value>
         <object_component_ref idref="oc-e1"/>
      </symbol>
      <symbol id="sm-370">
         <name>_ECap3Regs</name>
         <value>0x6a40</value>
         <object_component_ref idref="oc-c5"/>
      </symbol>
      <symbol id="sm-371">
         <name>_ECanaMOTORegs</name>
         <value>0x60c0</value>
         <object_component_ref idref="oc-d9"/>
      </symbol>
      <symbol id="sm-372">
         <name>_EPwm3Regs</name>
         <value>0x6880</value>
         <object_component_ref idref="oc-cd"/>
      </symbol>
      <symbol id="sm-373">
         <name>_ECanbLAMRegs</name>
         <value>0x6240</value>
         <object_component_ref idref="oc-da"/>
      </symbol>
      <symbol id="sm-374">
         <name>_I2caRegs</name>
         <value>0x7900</value>
         <object_component_ref idref="oc-d1"/>
      </symbol>
      <symbol id="sm-389">
         <name>_InitPieCtrl</name>
         <value>0x9b0c</value>
         <object_component_ref idref="oc-146"/>
      </symbol>
      <symbol id="sm-38b">
         <name>_EnableInterrupts</name>
         <value>0x9b2b</value>
         <object_component_ref idref="oc-146"/>
      </symbol>
      <symbol id="sm-39c">
         <name>_PieVectTableInit</name>
         <value>0xd000</value>
         <object_component_ref idref="oc-14e"/>
      </symbol>
      <symbol id="sm-39d">
         <name>_InitPieVectTable</name>
         <value>0x9b58</value>
         <object_component_ref idref="oc-147"/>
      </symbol>
      <symbol id="sm-3b3">
         <name>_InitPll</name>
         <value>0x9454</value>
         <object_component_ref idref="oc-145"/>
      </symbol>
      <symbol id="sm-3b5">
         <name>_DisableDog</name>
         <value>0x944c</value>
         <object_component_ref idref="oc-145"/>
      </symbol>
      <symbol id="sm-3b7">
         <name>_InitPeripheralClocks</name>
         <value>0x94a4</value>
         <object_component_ref idref="oc-145"/>
      </symbol>
      <symbol id="sm-3b9">
         <name>_CsmUnlock</name>
         <value>0x94ff</value>
         <object_component_ref idref="oc-145"/>
      </symbol>
      <symbol id="sm-3bb">
         <name>_ServiceDog</name>
         <value>0x9442</value>
         <object_component_ref idref="oc-145"/>
      </symbol>
      <symbol id="sm-3bd">
         <name>_InitSysCtrl</name>
         <value>0x9439</value>
         <object_component_ref idref="oc-145"/>
      </symbol>
      <symbol id="sm-3ca">
         <name>_DSP28x_usDelay</name>
         <value>0x8042</value>
         <object_component_ref idref="oc-f9"/>
      </symbol>
      <symbol id="sm-3db">
         <name>_main</name>
         <value>0x9817</value>
         <object_component_ref idref="oc-142"/>
      </symbol>
      <symbol id="sm-3f7">
         <name>_c_int00</name>
         <value>0x9971</value>
         <object_component_ref idref="oc-4a"/>
      </symbol>
      <symbol id="sm-3f8">
         <name>__stack</name>
         <value>0x400</value>
         <object_component_ref idref="oc-103"/>
      </symbol>
      <symbol id="sm-409">
         <name>FS$$DIV</name>
         <value>0x970d</value>
         <object_component_ref idref="oc-109"/>
      </symbol>
      <symbol id="sm-415">
         <name>U$$MOD</name>
         <value>0x9bd8</value>
         <object_component_ref idref="oc-10e"/>
      </symbol>
      <symbol id="sm-416">
         <name>U$$DIV</name>
         <value>0x9bd3</value>
         <object_component_ref idref="oc-10e"/>
      </symbol>
      <symbol id="sm-425">
         <name>_copy_in</name>
         <value>0x9b34</value>
         <object_component_ref idref="oc-139"/>
      </symbol>
      <symbol id="sm-437">
         <name>_memcpy</name>
         <value>0x9b78</value>
         <object_component_ref idref="oc-141"/>
      </symbol>
      <symbol id="sm-444">
         <name>__system_pre_init</name>
         <value>0x9bef</value>
         <object_component_ref idref="oc-138"/>
      </symbol>
      <symbol id="sm-452">
         <name>__system_post_cinit</name>
         <value>0x9bf1</value>
         <object_component_ref idref="oc-13a"/>
      </symbol>
      <symbol id="sm-467">
         <name>C$$EXIT</name>
         <value>0x9ae3</value>
         <object_component_ref idref="oc-13c"/>
      </symbol>
      <symbol id="sm-468">
         <name>_exit</name>
         <value>0x9ae5</value>
         <object_component_ref idref="oc-13c"/>
      </symbol>
      <symbol id="sm-46a">
         <name>___TI_cleanup_ptr</name>
         <value>0xb81a</value>
         <object_component_ref idref="oc-129"/>
      </symbol>
      <symbol id="sm-46b">
         <name>___TI_enable_exit_profile_output</name>
         <value>0xb818</value>
         <object_component_ref idref="oc-129"/>
      </symbol>
      <symbol id="sm-46c">
         <name>_abort</name>
         <value>0x9ae3</value>
         <object_component_ref idref="oc-13c"/>
      </symbol>
      <symbol id="sm-46e">
         <name>___TI_dtors_ptr</name>
         <value>0xb81c</value>
         <object_component_ref idref="oc-129"/>
      </symbol>
      <symbol id="sm-482">
         <name>__unlock</name>
         <value>0xb826</value>
         <object_component_ref idref="oc-152"/>
      </symbol>
      <symbol id="sm-483">
         <name>__lock</name>
         <value>0xb824</value>
         <object_component_ref idref="oc-143"/>
      </symbol>
      <symbol id="sm-484">
         <name>__register_lock</name>
         <value>0x9be2</value>
         <object_component_ref idref="oc-14c"/>
      </symbol>
      <symbol id="sm-486">
         <name>__nop</name>
         <value>0x9be6</value>
         <object_component_ref idref="oc-14c"/>
      </symbol>
      <symbol id="sm-488">
         <name>__register_unlock</name>
         <value>0x9bde</value>
         <object_component_ref idref="oc-14c"/>
      </symbol>
      <symbol id="sm-498">
         <name>__args_main</name>
         <value>0x9bc1</value>
         <object_component_ref idref="oc-13b"/>
      </symbol>
   </symbol_table>
   <title>Link successful</title>
</link_info>
